 LoginServer

 Timestamp is 525db785 (Tue Oct 15 17:45:41 2013)

 Preferred load address is 00400000

 Start         Length     Name                   Class
 0001:00000000 0003cdb0H .text                   CODE
 0001:0003cdb0 00000cf8H .text$AFX_AUX           CODE
 0001:0003daa8 000001c9H .text$AFX_CMNCTL        CODE
 0001:0003dc71 00000a7aH .text$AFX_COL1          CODE
 0001:0003e6eb 000002e2H .text$AFX_COL2          CODE
 0001:0003e9cd 0000abefH .text$AFX_CORE1         CODE
 0001:000495bc 000034f6H .text$AFX_CORE2         CODE
 0001:0004cab2 00002355H .text$AFX_CORE3         CODE
 0001:0004ee07 00000751H .text$AFX_CORE4         CODE
 0001:0004f558 00003e13H .text$AFX_INIT          CODE
 0001:0005336b 000014d6H .text$AFX_OLE1          CODE
 0001:00054841 000000ecH .text$AFX_TERM          CODE
 0001:00054930 00001e67H .text$x                 CODE
 0001:000567a0 000003d7H .text$yc                CODE
 0001:00056b80 00000088H .text$yd                CODE
 0002:00000000 0000088cH .idata$5                DATA
 0002:00000890 000100c8H .rdata                  DATA
 0002:00010958 00000089H .rdata$debug            DATA
 0002:000109e4 00000298H .rdata$ilfixup          DATA
 0002:00010c7c 0000132cH .rdata$r                DATA
 0002:00011fa8 00000004H .rtc$IAA                DATA
 0002:00011fac 00000004H .rtc$IZZ                DATA
 0002:00011fb0 00000004H .rtc$TAA                DATA
 0002:00011fb4 00000004H .rtc$TZZ                DATA
 0002:00011fb8 000033b8H .xdata$x                DATA
 0002:00015370 00000004H ATL$__a                 DATA
 0002:00015374 00000004H ATL$__z                 DATA
 0002:00015378 00000154H .idata$2                DATA
 0002:000154cc 00000014H .idata$3                DATA
 0002:000154e0 0000088cH .idata$4                DATA
 0002:00015d6c 0000210eH .idata$6                DATA
 0002:00017e7a 00000000H .edata                  DATA
 0003:00000000 00000004H .CRT$XCA                DATA
 0003:00000004 00000004H .CRT$XCA0               DATA
 0003:00000008 00000004H .CRT$XCAA               DATA
 0003:0000000c 0000000cH .CRT$XCC                DATA
 0003:00000018 00000008H .CRT$XCL                DATA
 0003:00000020 00000074H .CRT$XCU                DATA
 0003:00000094 00000004H .CRT$XCZ                DATA
 0003:00000098 00000004H .CRT$XIA                DATA
 0003:0000009c 0000000cH .CRT$XIC                DATA
 0003:000000a8 00000004H .CRT$XIY                DATA
 0003:000000ac 00000004H .CRT$XIZ                DATA
 0003:000000b0 00000004H .CRT$XPA                DATA
 0003:000000b4 00000004H .CRT$XPX                DATA
 0003:000000b8 00000004H .CRT$XPZ                DATA
 0003:000000bc 00000004H .CRT$XTA                DATA
 0003:000000c0 00000004H .CRT$XTB                DATA
 0003:000000c4 00000004H .CRT$XTZ                DATA
 0003:000000d0 0000e5fcH .data                   DATA
 0003:0000e6e0 0004cba4H .bss                    DATA
 0004:00000000 000001f0H .rsrc$01                DATA
 0004:000001f0 00000670H .rsrc$02                DATA

  Address         Publics by Value              Rva+Base     Lib:Object

 0000:00000000       ___safe_se_handler_table   00000000     <absolute>
 0000:00000000       __except_list              00000000     <absolute>
 0000:00000000       ___safe_se_handler_count   00000000     <absolute>
 0000:00000000       ___ImageBase               00400000     <linker-defined>
 0001:00000000       ??2@YAPAXIPAX@Z            00401000 f i DPCoreClient.obj
 0001:00000010       ??3@YAXPAX0@Z              00401010 f i DPCoreClient.obj
 0001:00000020       ??6CAr@@QAEAAV0@K@Z        00401020 f i DPCoreClient.obj
 0001:00000040       ??5CAr@@QAEAAV0@AAE@Z      00401040 f i DPCoreClient.obj
 0001:00000070       ??5CAr@@QAEAAV0@AAK@Z      00401070 f i DPCoreClient.obj
 0001:000000b0       ??5@YAAAVCAr@@AAV0@AA_J@Z  004010b0 f i DPCoreClient.obj
 0001:000000d0       ?Send@CDPMng@@QAEHPAXKK@Z  004010d0 f i DPCoreClient.obj
 0001:000000f0       ?SysMessageHandler@CDPCoreClient@@UAEXPAUDPMSG_GENERIC@@KK@Z 004010f0 f   DPCoreClient.obj
 0001:00000100       ?QueryTickCount@CDPCoreClient@@QAEXXZ 00401100 f   DPCoreClient.obj
 0001:00000210       ?SendPreJoin@CDPCoreClient@@QAEXKPBDK0@Z 00401210 f   DPCoreClient.obj
 0001:00000340       ?SendLeave@CDPCoreClient@@QAEXK@Z 00401340 f   DPCoreClient.obj
 0001:00000420       ??0?$pair@$$CBKP8CDPCoreClient@@AEXAAVCAr@@@Z@std@@QAE@ABKABQ8CDPCoreClient@@AEXAAVCAr@@@Z@Z 00401420 f i DPCoreClient.obj
 0001:00000440       ??R?$less@K@std@@QBE_NABK0@Z 00401440 f i DPCoreClient.obj
 0001:00000460       ?_Isnil@?$_Tree@V?$_Tmap_traits@KP8CDPCoreClient@@AEXAAVCAr@@@ZU?$less@K@std@@V?$allocator@U?$pair@$$CBKP8CDPCoreClient@@AEXAAVCAr@@@Z@std@@@4@$0A@@std@@@std@@KAAADPAU_Node@?$_Tree_nod@V?$_Tmap_traits@KP8CDPCoreClient@@AEXAAVCAr@@@ZU?$less@K@std@@V?$allocator@U?$pair@$$CBKP8CDPCoreClient@@AEXAAVCAr@@@Z@std@@@4@$0A@@std@@@2@@Z 00401460 f i DPCoreClient.obj
 0001:00000470       ?_Left@?$_Tree@V?$_Tmap_traits@KP8CDPCoreClient@@AEXAAVCAr@@@ZU?$less@K@std@@V?$allocator@U?$pair@$$CBKP8CDPCoreClient@@AEXAAVCAr@@@Z@std@@@4@$0A@@std@@@std@@KAAAPAU_Node@?$_Tree_nod@V?$_Tmap_traits@KP8CDPCoreClient@@AEXAAVCAr@@@ZU?$less@K@std@@V?$allocator@U?$pair@$$CBKP8CDPCoreClient@@AEXAAVCAr@@@Z@std@@@4@$0A@@std@@@2@PAU342@@Z 00401470 f i DPCoreClient.obj
 0001:00000480       ?_Right@?$_Tree@V?$_Tmap_traits@KP8CDPCoreClient@@AEXAAVCAr@@@ZU?$less@K@std@@V?$allocator@U?$pair@$$CBKP8CDPCoreClient@@AEXAAVCAr@@@Z@std@@@4@$0A@@std@@@std@@KAAAPAU_Node@?$_Tree_nod@V?$_Tmap_traits@KP8CDPCoreClient@@AEXAAVCAr@@@ZU?$less@K@std@@V?$allocator@U?$pair@$$CBKP8CDPCoreClient@@AEXAAVCAr@@@Z@std@@@4@$0A@@std@@@2@PAU342@@Z 00401480 f i DPCoreClient.obj
 0001:00000490       ?_Kfn@?$_Tmap_traits@KP8CDPCoreClient@@AEXAAVCAr@@@ZU?$less@K@std@@V?$allocator@U?$pair@$$CBKP8CDPCoreClient@@AEXAAVCAr@@@Z@std@@@4@$0A@@std@@SAABKABU?$pair@$$CBKP8CDPCoreClient@@AEXAAVCAr@@@Z@2@@Z 00401490 f i DPCoreClient.obj
 0001:000004a0       ??0?$allocator@U?$pair@$$CBKP8CDPCoreClient@@AEXAAVCAr@@@Z@std@@@std@@QAE@XZ 004014a0 f i DPCoreClient.obj
 0001:000004b0       ??8const_iterator@?$_Tree@V?$_Tmap_traits@KP8CDPCoreClient@@AEXAAVCAr@@@ZU?$less@K@std@@V?$allocator@U?$pair@$$CBKP8CDPCoreClient@@AEXAAVCAr@@@Z@std@@@4@$0A@@std@@@std@@QBE_NABV012@@Z 004014b0 f i DPCoreClient.obj
 0001:000004c0       ?_Mynode@const_iterator@?$_Tree@V?$_Tmap_traits@KP8CDPCoreClient@@AEXAAVCAr@@@ZU?$less@K@std@@V?$allocator@U?$pair@$$CBKP8CDPCoreClient@@AEXAAVCAr@@@Z@std@@@4@$0A@@std@@@std@@QBEPAU_Node@?$_Tree_nod@V?$_Tmap_traits@KP8CDPCoreClient@@AEXAAVCAr@@@ZU?$less@K@std@@V?$allocator@U?$pair@$$CBKP8CDPCoreClient@@AEXAAVCAr@@@Z@std@@@4@$0A@@std@@@3@XZ 004014c0 f i DPCoreClient.obj
 0001:000004d0       ??0?$pair@Viterator@?$_Tree@V?$_Tmap_traits@KP8CDPCoreClient@@AEXAAVCAr@@@ZU?$less@K@std@@V?$allocator@U?$pair@$$CBKP8CDPCoreClient@@AEXAAVCAr@@@Z@std@@@4@$0A@@std@@@std@@_N@std@@QAE@ABViterator@?$_Tree@V?$_Tmap_traits@KP8CDPCoreClient@@AEXAAVCAr@@@ZU?$less@K@std@@V?$allocator@U?$pair@$$CBKP8CDPCoreClient@@AEXAAVCAr@@@Z@std@@@4@$0A@@std@@@1@AB_N@Z 004014d0 f i DPCoreClient.obj
 0001:000004f0       ?_Color@?$_Tree@V?$_Tmap_traits@KP8CDPCoreClient@@AEXAAVCAr@@@ZU?$less@K@std@@V?$allocator@U?$pair@$$CBKP8CDPCoreClient@@AEXAAVCAr@@@Z@std@@@4@$0A@@std@@@std@@KAAADPAU_Node@?$_Tree_nod@V?$_Tmap_traits@KP8CDPCoreClient@@AEXAAVCAr@@@ZU?$less@K@std@@V?$allocator@U?$pair@$$CBKP8CDPCoreClient@@AEXAAVCAr@@@Z@std@@@4@$0A@@std@@@2@@Z 004014f0 f i DPCoreClient.obj
 0001:00000500       ?_Parent@?$_Tree@V?$_Tmap_traits@KP8CDPCoreClient@@AEXAAVCAr@@@ZU?$less@K@std@@V?$allocator@U?$pair@$$CBKP8CDPCoreClient@@AEXAAVCAr@@@Z@std@@@4@$0A@@std@@@std@@KAAAPAU_Node@?$_Tree_nod@V?$_Tmap_traits@KP8CDPCoreClient@@AEXAAVCAr@@@ZU?$less@K@std@@V?$allocator@U?$pair@$$CBKP8CDPCoreClient@@AEXAAVCAr@@@Z@std@@@4@$0A@@std@@@2@PAU342@@Z 00401500 f i DPCoreClient.obj
 0001:00000510       ?_Myval@?$_Tree@V?$_Tmap_traits@KP8CDPCoreClient@@AEXAAVCAr@@@ZU?$less@K@std@@V?$allocator@U?$pair@$$CBKP8CDPCoreClient@@AEXAAVCAr@@@Z@std@@@4@$0A@@std@@@std@@KAAAU?$pair@$$CBKP8CDPCoreClient@@AEXAAVCAr@@@Z@2@PAU_Node@?$_Tree_nod@V?$_Tmap_traits@KP8CDPCoreClient@@AEXAAVCAr@@@ZU?$less@K@std@@V?$allocator@U?$pair@$$CBKP8CDPCoreClient@@AEXAAVCAr@@@Z@std@@@4@$0A@@std@@@2@@Z 00401510 f i DPCoreClient.obj
 0001:00000520       ?_Lmost@?$_Tree@V?$_Tmap_traits@KP8CDPCoreClient@@AEXAAVCAr@@@ZU?$less@K@std@@V?$allocator@U?$pair@$$CBKP8CDPCoreClient@@AEXAAVCAr@@@Z@std@@@4@$0A@@std@@@std@@IAEAAPAU_Node@?$_Tree_nod@V?$_Tmap_traits@KP8CDPCoreClient@@AEXAAVCAr@@@ZU?$less@K@std@@V?$allocator@U?$pair@$$CBKP8CDPCoreClient@@AEXAAVCAr@@@Z@std@@@4@$0A@@std@@@2@XZ 00401520 f i DPCoreClient.obj
 0001:00000530       ?_Rmost@?$_Tree@V?$_Tmap_traits@KP8CDPCoreClient@@AEXAAVCAr@@@ZU?$less@K@std@@V?$allocator@U?$pair@$$CBKP8CDPCoreClient@@AEXAAVCAr@@@Z@std@@@4@$0A@@std@@@std@@IAEAAPAU_Node@?$_Tree_nod@V?$_Tmap_traits@KP8CDPCoreClient@@AEXAAVCAr@@@ZU?$less@K@std@@V?$allocator@U?$pair@$$CBKP8CDPCoreClient@@AEXAAVCAr@@@Z@std@@@4@$0A@@std@@@2@XZ 00401530 f i DPCoreClient.obj
 0001:00000540       ??0?$allocator@U?$pair@$$CBKP8CDPCoreClient@@AEXAAVCAr@@@Z@std@@@std@@QAE@ABV01@@Z 00401540 f i DPCoreClient.obj
 0001:00000550       ?deallocate@?$allocator@U_Node@?$_Tree_nod@V?$_Tmap_traits@KP8CDPCoreClient@@AEXAAVCAr@@@ZU?$less@K@std@@V?$allocator@U?$pair@$$CBKP8CDPCoreClient@@AEXAAVCAr@@@Z@std@@@4@$0A@@std@@@std@@@std@@QAEXPAU_Node@?$_Tree_nod@V?$_Tmap_traits@KP8CDPCoreClient@@AEXAAVCAr@@@ZU?$less@K@std@@V?$allocator@U?$pair@$$CBKP8CDPCoreClient@@AEXAAVCAr@@@Z@std@@@4@$0A@@std@@@2@I@Z 00401550 f i DPCoreClient.obj
 0001:00000560       ??0const_iterator@?$_Tree@V?$_Tmap_traits@KP8CDPCoreClient@@AEXAAVCAr@@@ZU?$less@K@std@@V?$allocator@U?$pair@$$CBKP8CDPCoreClient@@AEXAAVCAr@@@Z@std@@@4@$0A@@std@@@std@@QAE@PAU_Node@?$_Tree_nod@V?$_Tmap_traits@KP8CDPCoreClient@@AEXAAVCAr@@@ZU?$less@K@std@@V?$allocator@U?$pair@$$CBKP8CDPCoreClient@@AEXAAVCAr@@@Z@std@@@4@$0A@@std@@@2@@Z 00401560 f i DPCoreClient.obj
 0001:00000570       ??Dconst_iterator@?$_Tree@V?$_Tmap_traits@KP8CDPCoreClient@@AEXAAVCAr@@@ZU?$less@K@std@@V?$allocator@U?$pair@$$CBKP8CDPCoreClient@@AEXAAVCAr@@@Z@std@@@4@$0A@@std@@@std@@QBEABU?$pair@$$CBKP8CDPCoreClient@@AEXAAVCAr@@@Z@2@XZ 00401570 f i DPCoreClient.obj
 0001:00000580       ??0?$allocator@D@std@@QAE@XZ 00401580 f i DPCoreClient.obj
 0001:00000590       ?_Root@?$_Tree@V?$_Tmap_traits@KP8CDPCoreClient@@AEXAAVCAr@@@ZU?$less@K@std@@V?$allocator@U?$pair@$$CBKP8CDPCoreClient@@AEXAAVCAr@@@Z@std@@@4@$0A@@std@@@std@@IBEAAPAU_Node@?$_Tree_nod@V?$_Tmap_traits@KP8CDPCoreClient@@AEXAAVCAr@@@ZU?$less@K@std@@V?$allocator@U?$pair@$$CBKP8CDPCoreClient@@AEXAAVCAr@@@Z@std@@@4@$0A@@std@@@2@XZ 00401590 f i DPCoreClient.obj
 0001:000005a0       ?max_size@?$allocator@U?$pair@$$CBKP8CDPCoreClient@@AEXAAVCAr@@@Z@std@@@std@@QBEIXZ 004015a0 f i DPCoreClient.obj
 0001:000005b0       ??0_Node@?$_Tree_nod@V?$_Tmap_traits@KP8CDPCoreClient@@AEXAAVCAr@@@ZU?$less@K@std@@V?$allocator@U?$pair@$$CBKP8CDPCoreClient@@AEXAAVCAr@@@Z@std@@@4@$0A@@std@@@std@@QAE@PAU012@00ABU?$pair@$$CBKP8CDPCoreClient@@AEXAAVCAr@@@Z@2@D@Z 004015b0 f i DPCoreClient.obj
 0001:000005f0       ?_Max@?$_Tree@V?$_Tmap_traits@KP8CDPCoreClient@@AEXAAVCAr@@@ZU?$less@K@std@@V?$allocator@U?$pair@$$CBKP8CDPCoreClient@@AEXAAVCAr@@@Z@std@@@4@$0A@@std@@@std@@KAPAU_Node@?$_Tree_nod@V?$_Tmap_traits@KP8CDPCoreClient@@AEXAAVCAr@@@ZU?$less@K@std@@V?$allocator@U?$pair@$$CBKP8CDPCoreClient@@AEXAAVCAr@@@Z@std@@@4@$0A@@std@@@2@PAU342@@Z 004015f0 f i DPCoreClient.obj
 0001:00000610       ?_Min@?$_Tree@V?$_Tmap_traits@KP8CDPCoreClient@@AEXAAVCAr@@@ZU?$less@K@std@@V?$allocator@U?$pair@$$CBKP8CDPCoreClient@@AEXAAVCAr@@@Z@std@@@4@$0A@@std@@@std@@KAPAU_Node@?$_Tree_nod@V?$_Tmap_traits@KP8CDPCoreClient@@AEXAAVCAr@@@ZU?$less@K@std@@V?$allocator@U?$pair@$$CBKP8CDPCoreClient@@AEXAAVCAr@@@Z@std@@@4@$0A@@std@@@2@PAU342@@Z 00401610 f i DPCoreClient.obj
 0001:00000630       ??0?$_Tmap_traits@KP8CDPCoreClient@@AEXAAVCAr@@@ZU?$less@K@std@@V?$allocator@U?$pair@$$CBKP8CDPCoreClient@@AEXAAVCAr@@@Z@std@@@4@$0A@@std@@QAE@U?$less@K@1@@Z 00401630 f i DPCoreClient.obj
 0001:00000640       ?_Inc@const_iterator@?$_Tree@V?$_Tmap_traits@KP8CDPCoreClient@@AEXAAVCAr@@@ZU?$less@K@std@@V?$allocator@U?$pair@$$CBKP8CDPCoreClient@@AEXAAVCAr@@@Z@std@@@4@$0A@@std@@@std@@QAEXXZ 00401640 f i DPCoreClient.obj
 0001:000006a0       ??$_Destroy@PAU_Node@?$_Tree_nod@V?$_Tmap_traits@KP8CDPCoreClient@@AEXAAVCAr@@@ZU?$less@K@std@@V?$allocator@U?$pair@$$CBKP8CDPCoreClient@@AEXAAVCAr@@@Z@std@@@4@$0A@@std@@@std@@@std@@YAXPAPAU_Node@?$_Tree_nod@V?$_Tmap_traits@KP8CDPCoreClient@@AEXAAVCAr@@@ZU?$less@K@std@@V?$allocator@U?$pair@$$CBKP8CDPCoreClient@@AEXAAVCAr@@@Z@std@@@4@$0A@@std@@@0@@Z 004016a0 f i DPCoreClient.obj
 0001:000006b0       ??$swap@D@std@@YAXAAD0@Z   004016b0 f i DPCoreClient.obj
 0001:000006d0       ??$?0U?$pair@$$CBKP8CDPCoreClient@@AEXAAVCAr@@@Z@std@@@?$allocator@PAU_Node@?$_Tree_nod@V?$_Tmap_traits@KP8CDPCoreClient@@AEXAAVCAr@@@ZU?$less@K@std@@V?$allocator@U?$pair@$$CBKP8CDPCoreClient@@AEXAAVCAr@@@Z@std@@@4@$0A@@std@@@std@@@std@@QAE@ABV?$allocator@U?$pair@$$CBKP8CDPCoreClient@@AEXAAVCAr@@@Z@std@@@1@@Z 004016d0 f i DPCoreClient.obj
 0001:000006e0       ??$_Allocate@U_Node@?$_Tree_nod@V?$_Tmap_traits@KP8CDPCoreClient@@AEXAAVCAr@@@ZU?$less@K@std@@V?$allocator@U?$pair@$$CBKP8CDPCoreClient@@AEXAAVCAr@@@Z@std@@@4@$0A@@std@@@std@@@std@@YAPAU_Node@?$_Tree_nod@V?$_Tmap_traits@KP8CDPCoreClient@@AEXAAVCAr@@@ZU?$less@K@std@@V?$allocator@U?$pair@$$CBKP8CDPCoreClient@@AEXAAVCAr@@@Z@std@@@4@$0A@@std@@@0@IPAU120@@Z 004016e0 f i DPCoreClient.obj
 0001:00000700       ??$?0U?$pair@$$CBKP8CDPCoreClient@@AEXAAVCAr@@@Z@std@@@?$allocator@U_Node@?$_Tree_nod@V?$_Tmap_traits@KP8CDPCoreClient@@AEXAAVCAr@@@ZU?$less@K@std@@V?$allocator@U?$pair@$$CBKP8CDPCoreClient@@AEXAAVCAr@@@Z@std@@@4@$0A@@std@@@std@@@std@@QAE@ABV?$allocator@U?$pair@$$CBKP8CDPCoreClient@@AEXAAVCAr@@@Z@std@@@1@@Z 00401700 f i DPCoreClient.obj
 0001:00000710       ??$_Destroy@U_Node@?$_Tree_nod@V?$_Tmap_traits@KP8CDPCoreClient@@AEXAAVCAr@@@ZU?$less@K@std@@V?$allocator@U?$pair@$$CBKP8CDPCoreClient@@AEXAAVCAr@@@Z@std@@@4@$0A@@std@@@std@@@std@@YAXPAU_Node@?$_Tree_nod@V?$_Tmap_traits@KP8CDPCoreClient@@AEXAAVCAr@@@ZU?$less@K@std@@V?$allocator@U?$pair@$$CBKP8CDPCoreClient@@AEXAAVCAr@@@Z@std@@@4@$0A@@std@@@0@@Z 00401710 f i DPCoreClient.obj
 0001:00000720       ??$_Construct@PAU_Node@?$_Tree_nod@V?$_Tmap_traits@KP8CDPCoreClient@@AEXAAVCAr@@@ZU?$less@K@std@@V?$allocator@U?$pair@$$CBKP8CDPCoreClient@@AEXAAVCAr@@@Z@std@@@4@$0A@@std@@@std@@PAU123@@std@@YAXPAPAU_Node@?$_Tree_nod@V?$_Tmap_traits@KP8CDPCoreClient@@AEXAAVCAr@@@ZU?$less@K@std@@V?$allocator@U?$pair@$$CBKP8CDPCoreClient@@AEXAAVCAr@@@Z@std@@@4@$0A@@std@@@0@ABQAU120@@Z 00401720 f i DPCoreClient.obj
 0001:00000740       ?assign@?$char_traits@D@std@@SAXAADABD@Z 00401740 f i DPCoreClient.obj
 0001:00000750       ?length@?$char_traits@D@std@@SAIPBD@Z 00401750 f i DPCoreClient.obj
 0001:00000770       ?copy@?$char_traits@D@std@@SAPADPADPBDI@Z 00401770 f i DPCoreClient.obj
 0001:000007a0       ?move@?$char_traits@D@std@@SAPADPADPBDI@Z 004017a0 f i DPCoreClient.obj
 0001:000007b0       ?Enter@CMclCritSec@@QAEXXZ 004017b0 f i DPCoreClient.obj
 0001:000007c0       ?Leave@CMclCritSec@@QAEXXZ 004017c0 f i DPCoreClient.obj
 0001:000007d0       ??0CMclAutoLock@@QAE@AAVCMclCritSec@@@Z 004017d0 f i DPCoreClient.obj
 0001:000007f0       ??1CMclAutoLock@@QAE@XZ    004017f0 f i DPCoreClient.obj
 0001:00000800       ?Start@CTickCount@@QAEXAB_J@Z 00401800 f i DPCoreClient.obj
 0001:00000830       ?size@?$basic_string@DU?$char_traits@D@std@@V?$allocator@D@2@@std@@QBEIXZ 00401830 f i DPCoreClient.obj
 0001:00000840       ?_Myptr@?$basic_string@DU?$char_traits@D@std@@V?$allocator@D@2@@std@@QBEPBDXZ 00401840 f i DPCoreClient.obj
 0001:00000850       ??0?$allocator@D@std@@QAE@ABV01@@Z 00401850 f i DPCoreClient.obj
 0001:00000860       ?_Myptr@?$basic_string@DU?$char_traits@D@std@@V?$allocator@D@2@@std@@QAEPADXZ 00401860 f i DPCoreClient.obj
 0001:00000870       ?deallocate@?$allocator@D@std@@QAEXPADI@Z 00401870 f i DPCoreClient.obj
 0001:00000880       ?_Inside@?$basic_string@DU?$char_traits@D@std@@V?$allocator@D@2@@std@@IAE_NPBD@Z 00401880 f i DPCoreClient.obj
 0001:000008c0       ?max_size@?$allocator@D@std@@QBEIXZ 004018c0 f i DPCoreClient.obj
 0001:000008d0       ??$_Allocate@D@std@@YAPADIPAD@Z 004018d0 f i DPCoreClient.obj
 0001:000008e0       ?OnQueryTickCount@CDPCoreClient@@QAEXAAVCAr@@@Z 004018e0 f   DPCoreClient.obj
 0001:00000960       ?OnPreJoin@CDPCoreClient@@AAEXAAVCAr@@@Z 00401960 f   DPCoreClient.obj
 0001:00000ac0       ?OnQueryRemovePlayer@CDPCoreClient@@AAEXAAVCAr@@@Z 00401ac0 f   DPCoreClient.obj
 0001:00000b90       ??9const_iterator@?$_Tree@V?$_Tmap_traits@KP8CDPCoreClient@@AEXAAVCAr@@@ZU?$less@K@std@@V?$allocator@U?$pair@$$CBKP8CDPCoreClient@@AEXAAVCAr@@@Z@std@@@4@$0A@@std@@@std@@QBE_NABV012@@Z 00401b90 f i DPCoreClient.obj
 0001:00000bb0       ?_Key@?$_Tree@V?$_Tmap_traits@KP8CDPCoreClient@@AEXAAVCAr@@@ZU?$less@K@std@@V?$allocator@U?$pair@$$CBKP8CDPCoreClient@@AEXAAVCAr@@@Z@std@@@4@$0A@@std@@@std@@KAABKPAU_Node@?$_Tree_nod@V?$_Tmap_traits@KP8CDPCoreClient@@AEXAAVCAr@@@ZU?$less@K@std@@V?$allocator@U?$pair@$$CBKP8CDPCoreClient@@AEXAAVCAr@@@Z@std@@@4@$0A@@std@@@2@@Z 00401bb0 f i DPCoreClient.obj
 0001:00000bc0       ?_Root@?$_Tree@V?$_Tmap_traits@KP8CDPCoreClient@@AEXAAVCAr@@@ZU?$less@K@std@@V?$allocator@U?$pair@$$CBKP8CDPCoreClient@@AEXAAVCAr@@@Z@std@@@4@$0A@@std@@@std@@IAEAAPAU_Node@?$_Tree_nod@V?$_Tmap_traits@KP8CDPCoreClient@@AEXAAVCAr@@@ZU?$less@K@std@@V?$allocator@U?$pair@$$CBKP8CDPCoreClient@@AEXAAVCAr@@@Z@std@@@4@$0A@@std@@@2@XZ 00401bc0 f i DPCoreClient.obj
 0001:00000bd0       ??0iterator@?$_Tree@V?$_Tmap_traits@KP8CDPCoreClient@@AEXAAVCAr@@@ZU?$less@K@std@@V?$allocator@U?$pair@$$CBKP8CDPCoreClient@@AEXAAVCAr@@@Z@std@@@4@$0A@@std@@@std@@QAE@PAU_Node@?$_Tree_nod@V?$_Tmap_traits@KP8CDPCoreClient@@AEXAAVCAr@@@ZU?$less@K@std@@V?$allocator@U?$pair@$$CBKP8CDPCoreClient@@AEXAAVCAr@@@Z@std@@@4@$0A@@std@@@2@@Z 00401bd0 f i DPCoreClient.obj
 0001:00000be0       ??Diterator@?$_Tree@V?$_Tmap_traits@KP8CDPCoreClient@@AEXAAVCAr@@@ZU?$less@K@std@@V?$allocator@U?$pair@$$CBKP8CDPCoreClient@@AEXAAVCAr@@@Z@std@@@4@$0A@@std@@@std@@QBEAAU?$pair@$$CBKP8CDPCoreClient@@AEXAAVCAr@@@Z@2@XZ 00401be0 f i DPCoreClient.obj
 0001:00000bf0       ?max_size@?$_Tree@V?$_Tmap_traits@KP8CDPCoreClient@@AEXAAVCAr@@@ZU?$less@K@std@@V?$allocator@U?$pair@$$CBKP8CDPCoreClient@@AEXAAVCAr@@@Z@std@@@4@$0A@@std@@@std@@QBEIXZ 00401bf0 f i DPCoreClient.obj
 0001:00000c00       ?_Lbound@?$_Tree@V?$_Tmap_traits@KP8CDPCoreClient@@AEXAAVCAr@@@ZU?$less@K@std@@V?$allocator@U?$pair@$$CBKP8CDPCoreClient@@AEXAAVCAr@@@Z@std@@@4@$0A@@std@@@std@@IBEPAU_Node@?$_Tree_nod@V?$_Tmap_traits@KP8CDPCoreClient@@AEXAAVCAr@@@ZU?$less@K@std@@V?$allocator@U?$pair@$$CBKP8CDPCoreClient@@AEXAAVCAr@@@Z@std@@@4@$0A@@std@@@2@ABK@Z 00401c00 f i DPCoreClient.obj
 0001:00000c30       ?_Lrotate@?$_Tree@V?$_Tmap_traits@KP8CDPCoreClient@@AEXAAVCAr@@@ZU?$less@K@std@@V?$allocator@U?$pair@$$CBKP8CDPCoreClient@@AEXAAVCAr@@@Z@std@@@4@$0A@@std@@@std@@IAEXPAU_Node@?$_Tree_nod@V?$_Tmap_traits@KP8CDPCoreClient@@AEXAAVCAr@@@ZU?$less@K@std@@V?$allocator@U?$pair@$$CBKP8CDPCoreClient@@AEXAAVCAr@@@Z@std@@@4@$0A@@std@@@2@@Z 00401c30 f i DPCoreClient.obj
 0001:00000c90       ?_Rrotate@?$_Tree@V?$_Tmap_traits@KP8CDPCoreClient@@AEXAAVCAr@@@ZU?$less@K@std@@V?$allocator@U?$pair@$$CBKP8CDPCoreClient@@AEXAAVCAr@@@Z@std@@@4@$0A@@std@@@std@@IAEXPAU_Node@?$_Tree_nod@V?$_Tmap_traits@KP8CDPCoreClient@@AEXAAVCAr@@@ZU?$less@K@std@@V?$allocator@U?$pair@$$CBKP8CDPCoreClient@@AEXAAVCAr@@@Z@std@@@4@$0A@@std@@@2@@Z 00401c90 f i DPCoreClient.obj
 0001:00000cf0       ?destroy@?$allocator@PAU_Node@?$_Tree_nod@V?$_Tmap_traits@KP8CDPCoreClient@@AEXAAVCAr@@@ZU?$less@K@std@@V?$allocator@U?$pair@$$CBKP8CDPCoreClient@@AEXAAVCAr@@@Z@std@@@4@$0A@@std@@@std@@@std@@QAEXPAPAU_Node@?$_Tree_nod@V?$_Tmap_traits@KP8CDPCoreClient@@AEXAAVCAr@@@ZU?$less@K@std@@V?$allocator@U?$pair@$$CBKP8CDPCoreClient@@AEXAAVCAr@@@Z@std@@@4@$0A@@std@@@2@@Z 00401cf0 f i DPCoreClient.obj
 0001:00000d00       ?allocate@?$allocator@U_Node@?$_Tree_nod@V?$_Tmap_traits@KP8CDPCoreClient@@AEXAAVCAr@@@ZU?$less@K@std@@V?$allocator@U?$pair@$$CBKP8CDPCoreClient@@AEXAAVCAr@@@Z@std@@@4@$0A@@std@@@std@@@std@@QAEPAU_Node@?$_Tree_nod@V?$_Tmap_traits@KP8CDPCoreClient@@AEXAAVCAr@@@ZU?$less@K@std@@V?$allocator@U?$pair@$$CBKP8CDPCoreClient@@AEXAAVCAr@@@Z@std@@@4@$0A@@std@@@2@I@Z 00401d00 f i DPCoreClient.obj
 0001:00000d20       ?_Dec@const_iterator@?$_Tree@V?$_Tmap_traits@KP8CDPCoreClient@@AEXAAVCAr@@@ZU?$less@K@std@@V?$allocator@U?$pair@$$CBKP8CDPCoreClient@@AEXAAVCAr@@@Z@std@@@4@$0A@@std@@@std@@QAEXXZ 00401d20 f i DPCoreClient.obj
 0001:00000d80       ??0?$_Tree_nod@V?$_Tmap_traits@KP8CDPCoreClient@@AEXAAVCAr@@@ZU?$less@K@std@@V?$allocator@U?$pair@$$CBKP8CDPCoreClient@@AEXAAVCAr@@@Z@std@@@4@$0A@@std@@@std@@IAE@ABU?$less@K@1@V?$allocator@U?$pair@$$CBKP8CDPCoreClient@@AEXAAVCAr@@@Z@std@@@1@@Z 00401d80 f i DPCoreClient.obj
 0001:00000d90       ?destroy@?$allocator@U_Node@?$_Tree_nod@V?$_Tmap_traits@KP8CDPCoreClient@@AEXAAVCAr@@@ZU?$less@K@std@@V?$allocator@U?$pair@$$CBKP8CDPCoreClient@@AEXAAVCAr@@@Z@std@@@4@$0A@@std@@@std@@@std@@QAEXPAU_Node@?$_Tree_nod@V?$_Tmap_traits@KP8CDPCoreClient@@AEXAAVCAr@@@ZU?$less@K@std@@V?$allocator@U?$pair@$$CBKP8CDPCoreClient@@AEXAAVCAr@@@Z@std@@@4@$0A@@std@@@2@@Z 00401d90 f i DPCoreClient.obj
 0001:00000da0       ?construct@?$allocator@PAU_Node@?$_Tree_nod@V?$_Tmap_traits@KP8CDPCoreClient@@AEXAAVCAr@@@ZU?$less@K@std@@V?$allocator@U?$pair@$$CBKP8CDPCoreClient@@AEXAAVCAr@@@Z@std@@@4@$0A@@std@@@std@@@std@@QAEXPAPAU_Node@?$_Tree_nod@V?$_Tmap_traits@KP8CDPCoreClient@@AEXAAVCAr@@@ZU?$less@K@std@@V?$allocator@U?$pair@$$CBKP8CDPCoreClient@@AEXAAVCAr@@@Z@std@@@4@$0A@@std@@@2@ABQAU342@@Z 00401da0 f i DPCoreClient.obj
 0001:00000dc0       ??Econst_iterator@?$_Tree@V?$_Tmap_traits@KP8CDPCoreClient@@AEXAAVCAr@@@ZU?$less@K@std@@V?$allocator@U?$pair@$$CBKP8CDPCoreClient@@AEXAAVCAr@@@Z@std@@@4@$0A@@std@@@std@@QAEAAV012@XZ 00401dc0 f i DPCoreClient.obj
 0001:00000dd0       ??0?$_String_val@DV?$allocator@D@std@@@std@@IAE@V?$allocator@D@1@@Z 00401dd0 f i DPCoreClient.obj
 0001:00000de0       ?_Eos@?$basic_string@DU?$char_traits@D@std@@V?$allocator@D@2@@std@@IAEXI@Z 00401de0 f i DPCoreClient.obj
 0001:00000e00       ?max_size@?$basic_string@DU?$char_traits@D@std@@V?$allocator@D@2@@std@@QBEIXZ 00401e00 f i DPCoreClient.obj
 0001:00000e10       ?allocate@?$allocator@D@std@@QAEPADI@Z 00401e10 f i DPCoreClient.obj
 0001:00000e20       ?end@?$_Tree@V?$_Tmap_traits@KP8CDPCoreClient@@AEXAAVCAr@@@ZU?$less@K@std@@V?$allocator@U?$pair@$$CBKP8CDPCoreClient@@AEXAAVCAr@@@Z@std@@@4@$0A@@std@@@std@@QAE?AViterator@12@XZ 00401e20 f i DPCoreClient.obj
 0001:00000e30       ??Citerator@?$_Tree@V?$_Tmap_traits@KP8CDPCoreClient@@AEXAAVCAr@@@ZU?$less@K@std@@V?$allocator@U?$pair@$$CBKP8CDPCoreClient@@AEXAAVCAr@@@Z@std@@@4@$0A@@std@@@std@@QBEPAU?$pair@$$CBKP8CDPCoreClient@@AEXAAVCAr@@@Z@2@XZ 00401e30 f i DPCoreClient.obj
 0001:00000e40       ?begin@?$_Tree@V?$_Tmap_traits@KP8CDPCoreClient@@AEXAAVCAr@@@ZU?$less@K@std@@V?$allocator@U?$pair@$$CBKP8CDPCoreClient@@AEXAAVCAr@@@Z@std@@@4@$0A@@std@@@std@@QAE?AViterator@12@XZ 00401e40 f i DPCoreClient.obj
 0001:00000e50       ?lower_bound@?$_Tree@V?$_Tmap_traits@KP8CDPCoreClient@@AEXAAVCAr@@@ZU?$less@K@std@@V?$allocator@U?$pair@$$CBKP8CDPCoreClient@@AEXAAVCAr@@@Z@std@@@4@$0A@@std@@@std@@QAE?AViterator@12@ABK@Z 00401e50 f i DPCoreClient.obj
 0001:00000e90       ?_Buynode@?$_Tree@V?$_Tmap_traits@KP8CDPCoreClient@@AEXAAVCAr@@@ZU?$less@K@std@@V?$allocator@U?$pair@$$CBKP8CDPCoreClient@@AEXAAVCAr@@@Z@std@@@4@$0A@@std@@@std@@IAEPAU_Node@?$_Tree_nod@V?$_Tmap_traits@KP8CDPCoreClient@@AEXAAVCAr@@@ZU?$less@K@std@@V?$allocator@U?$pair@$$CBKP8CDPCoreClient@@AEXAAVCAr@@@Z@std@@@4@$0A@@std@@@2@PAU342@00ABU?$pair@$$CBKP8CDPCoreClient@@AEXAAVCAr@@@Z@2@D@Z 00401e90 f i DPCoreClient.obj
 0001:00000ed0       ??Fconst_iterator@?$_Tree@V?$_Tmap_traits@KP8CDPCoreClient@@AEXAAVCAr@@@ZU?$less@K@std@@V?$allocator@U?$pair@$$CBKP8CDPCoreClient@@AEXAAVCAr@@@Z@std@@@4@$0A@@std@@@std@@QAEAAV012@XZ 00401ed0 f i DPCoreClient.obj
 0001:00000ee0       ?_Buynode@?$_Tree@V?$_Tmap_traits@KP8CDPCoreClient@@AEXAAVCAr@@@ZU?$less@K@std@@V?$allocator@U?$pair@$$CBKP8CDPCoreClient@@AEXAAVCAr@@@Z@std@@@4@$0A@@std@@@std@@IAEPAU_Node@?$_Tree_nod@V?$_Tmap_traits@KP8CDPCoreClient@@AEXAAVCAr@@@ZU?$less@K@std@@V?$allocator@U?$pair@$$CBKP8CDPCoreClient@@AEXAAVCAr@@@Z@std@@@4@$0A@@std@@@2@XZ 00401ee0 f i DPCoreClient.obj
 0001:00000f20       ??0?$_Tree_ptr@V?$_Tmap_traits@KP8CDPCoreClient@@AEXAAVCAr@@@ZU?$less@K@std@@V?$allocator@U?$pair@$$CBKP8CDPCoreClient@@AEXAAVCAr@@@Z@std@@@4@$0A@@std@@@std@@IAE@ABU?$less@K@1@V?$allocator@U?$pair@$$CBKP8CDPCoreClient@@AEXAAVCAr@@@Z@std@@@1@@Z 00401f20 f i DPCoreClient.obj
 0001:00000f30       ?_Erase@?$_Tree@V?$_Tmap_traits@KP8CDPCoreClient@@AEXAAVCAr@@@ZU?$less@K@std@@V?$allocator@U?$pair@$$CBKP8CDPCoreClient@@AEXAAVCAr@@@Z@std@@@4@$0A@@std@@@std@@IAEXPAU_Node@?$_Tree_nod@V?$_Tmap_traits@KP8CDPCoreClient@@AEXAAVCAr@@@ZU?$less@K@std@@V?$allocator@U?$pair@$$CBKP8CDPCoreClient@@AEXAAVCAr@@@Z@std@@@4@$0A@@std@@@2@@Z 00401f30 f i DPCoreClient.obj
 0001:00000f70       ??Eiterator@?$_Tree@V?$_Tmap_traits@KP8CDPCoreClient@@AEXAAVCAr@@@ZU?$less@K@std@@V?$allocator@U?$pair@$$CBKP8CDPCoreClient@@AEXAAVCAr@@@Z@std@@@4@$0A@@std@@@std@@QAEAAV012@XZ 00401f70 f i DPCoreClient.obj
 0001:00000f80       ?_Tidy@?$basic_string@DU?$char_traits@D@std@@V?$allocator@D@2@@std@@IAEX_NI@Z 00401f80 f i DPCoreClient.obj
 0001:00000fe0       ?erase@?$basic_string@DU?$char_traits@D@std@@V?$allocator@D@2@@std@@QAEAAV12@II@Z 00401fe0 f i DPCoreClient.obj
 0001:00001060       ?_Copy@?$basic_string@DU?$char_traits@D@std@@V?$allocator@D@2@@std@@IAEXII@Z 00402060 f i DPCoreClient.obj
 0001:000011a0       ?find@?$_Tree@V?$_Tmap_traits@KP8CDPCoreClient@@AEXAAVCAr@@@ZU?$less@K@std@@V?$allocator@U?$pair@$$CBKP8CDPCoreClient@@AEXAAVCAr@@@Z@std@@@4@$0A@@std@@@std@@QAE?AViterator@12@ABK@Z 004021a0 f i DPCoreClient.obj
 0001:00001210       ??Fiterator@?$_Tree@V?$_Tmap_traits@KP8CDPCoreClient@@AEXAAVCAr@@@ZU?$less@K@std@@V?$allocator@U?$pair@$$CBKP8CDPCoreClient@@AEXAAVCAr@@@Z@std@@@4@$0A@@std@@@std@@QAEAAV012@XZ 00402210 f i DPCoreClient.obj
 0001:00001220       ?_Init@?$_Tree@V?$_Tmap_traits@KP8CDPCoreClient@@AEXAAVCAr@@@ZU?$less@K@std@@V?$allocator@U?$pair@$$CBKP8CDPCoreClient@@AEXAAVCAr@@@Z@std@@@4@$0A@@std@@@std@@IAEXXZ 00402220 f i DPCoreClient.obj
 0001:00001250       ??0?$_Tree_val@V?$_Tmap_traits@KP8CDPCoreClient@@AEXAAVCAr@@@ZU?$less@K@std@@V?$allocator@U?$pair@$$CBKP8CDPCoreClient@@AEXAAVCAr@@@Z@std@@@4@$0A@@std@@@std@@IAE@ABU?$less@K@1@V?$allocator@U?$pair@$$CBKP8CDPCoreClient@@AEXAAVCAr@@@Z@std@@@1@@Z 00402250 f i DPCoreClient.obj
 0001:00001260       ?clear@?$_Tree@V?$_Tmap_traits@KP8CDPCoreClient@@AEXAAVCAr@@@ZU?$less@K@std@@V?$allocator@U?$pair@$$CBKP8CDPCoreClient@@AEXAAVCAr@@@Z@std@@@4@$0A@@std@@@std@@QAEXXZ 00402260 f i DPCoreClient.obj
 0001:00001290       ??Eiterator@?$_Tree@V?$_Tmap_traits@KP8CDPCoreClient@@AEXAAVCAr@@@ZU?$less@K@std@@V?$allocator@U?$pair@$$CBKP8CDPCoreClient@@AEXAAVCAr@@@Z@std@@@4@$0A@@std@@@std@@QAE?AV012@H@Z 00402290 f i DPCoreClient.obj
 0001:000012b0       ??1?$basic_string@DU?$char_traits@D@std@@V?$allocator@D@2@@std@@QAE@XZ 004022b0 f i DPCoreClient.obj
 0001:000012e0       ?_Grow@?$basic_string@DU?$char_traits@D@std@@V?$allocator@D@2@@std@@IAE_NI_N@Z 004022e0 f i DPCoreClient.obj
 0001:000013b0       ?GetHandler@CDPCoreClient@@AAEP81@AEXAAVCAr@@@ZK@Z 004023b0 f i DPCoreClient.obj
 0001:000013e0       ?UserMessageHandler@CDPCoreClient@@UAEXPAUDPMSG_GENERIC@@KK@Z 004023e0 f   DPCoreClient.obj
 0001:000014c0       ??0?$_Tree@V?$_Tmap_traits@KP8CDPCoreClient@@AEXAAVCAr@@@ZU?$less@K@std@@V?$allocator@U?$pair@$$CBKP8CDPCoreClient@@AEXAAVCAr@@@Z@std@@@4@$0A@@std@@@std@@QAE@ABU?$less@K@1@ABV?$allocator@U?$pair@$$CBKP8CDPCoreClient@@AEXAAVCAr@@@Z@std@@@1@@Z 004024c0 f i DPCoreClient.obj
 0001:000014f0       ??1logic_error@std@@UAE@XZ 004024f0 f i DPCoreClient.obj
 0001:00001530       ?what@logic_error@std@@UBEPBDXZ 00402530 f i DPCoreClient.obj
 0001:00001540       ??_Elogic_error@std@@UAEPAXI@Z 00402540 f i DPCoreClient.obj
 0001:00001540       ??_Glogic_error@std@@UAEPAXI@Z 00402540 f i DPCoreClient.obj
 0001:00001560       ?assign@?$basic_string@DU?$char_traits@D@std@@V?$allocator@D@2@@std@@QAEAAV12@ABV12@II@Z 00402560 f i DPCoreClient.obj
 0001:00001650       ?assign@?$basic_string@DU?$char_traits@D@std@@V?$allocator@D@2@@std@@QAEAAV12@PBDI@Z 00402650 f i DPCoreClient.obj
 0001:00001740       ??0?$basic_string@DU?$char_traits@D@std@@V?$allocator@D@2@@std@@QAE@ABV01@@Z 00402740 f i DPCoreClient.obj
 0001:00001770       ?assign@?$basic_string@DU?$char_traits@D@std@@V?$allocator@D@2@@std@@QAEAAV12@PBD@Z 00402770 f i DPCoreClient.obj
 0001:000017a0       ??0?$basic_string@DU?$char_traits@D@std@@V?$allocator@D@2@@std@@QAE@PBD@Z 004027a0 f i DPCoreClient.obj
 0001:000017e0       ??0logic_error@std@@QAE@ABV?$basic_string@DU?$char_traits@D@std@@V?$allocator@D@2@@1@@Z 004027e0 f i DPCoreClient.obj
 0001:00001840       ??0length_error@std@@QAE@ABV?$basic_string@DU?$char_traits@D@std@@V?$allocator@D@2@@1@@Z 00402840 f i DPCoreClient.obj
 0001:00001860       ??_Elength_error@std@@UAEPAXI@Z 00402860 f i DPCoreClient.obj
 0001:00001860       ??_Glength_error@std@@UAEPAXI@Z 00402860 f i DPCoreClient.obj
 0001:00001880       ??1length_error@std@@UAE@XZ 00402880 f i DPCoreClient.obj
 0001:000018c0       ??0out_of_range@std@@QAE@ABV?$basic_string@DU?$char_traits@D@std@@V?$allocator@D@2@@1@@Z 004028c0 f i DPCoreClient.obj
 0001:000018e0       ??_Gout_of_range@std@@UAEPAXI@Z 004028e0 f i DPCoreClient.obj
 0001:000018e0       ??_Eout_of_range@std@@UAEPAXI@Z 004028e0 f i DPCoreClient.obj
 0001:00001900       ??1out_of_range@std@@UAE@XZ 00402900 f i DPCoreClient.obj
 0001:00001940       ?_Insert@?$_Tree@V?$_Tmap_traits@KP8CDPCoreClient@@AEXAAVCAr@@@ZU?$less@K@std@@V?$allocator@U?$pair@$$CBKP8CDPCoreClient@@AEXAAVCAr@@@Z@std@@@4@$0A@@std@@@std@@IAE?AViterator@12@_NPAU_Node@?$_Tree_nod@V?$_Tmap_traits@KP8CDPCoreClient@@AEXAAVCAr@@@ZU?$less@K@std@@V?$allocator@U?$pair@$$CBKP8CDPCoreClient@@AEXAAVCAr@@@Z@std@@@4@$0A@@std@@@2@ABU?$pair@$$CBKP8CDPCoreClient@@AEXAAVCAr@@@Z@2@@Z 00402940 f i DPCoreClient.obj
 0001:00001af0       ??0logic_error@std@@QAE@ABV01@@Z 00402af0 f i DPCoreClient.obj
 0001:00001b60       ??0length_error@std@@QAE@ABV01@@Z 00402b60 f i DPCoreClient.obj
 0001:00001b80       ?erase@?$_Tree@V?$_Tmap_traits@KP8CDPCoreClient@@AEXAAVCAr@@@ZU?$less@K@std@@V?$allocator@U?$pair@$$CBKP8CDPCoreClient@@AEXAAVCAr@@@Z@std@@@4@$0A@@std@@@std@@QAE?AViterator@12@V312@@Z 00402b80 f i DPCoreClient.obj
 0001:00001e40       ??0out_of_range@std@@QAE@ABV01@@Z 00402e40 f i DPCoreClient.obj
 0001:00001e60       ?insert@?$_Tree@V?$_Tmap_traits@KP8CDPCoreClient@@AEXAAVCAr@@@ZU?$less@K@std@@V?$allocator@U?$pair@$$CBKP8CDPCoreClient@@AEXAAVCAr@@@Z@std@@@4@$0A@@std@@@std@@QAE?AU?$pair@Viterator@?$_Tree@V?$_Tmap_traits@KP8CDPCoreClient@@AEXAAVCAr@@@ZU?$less@K@std@@V?$allocator@U?$pair@$$CBKP8CDPCoreClient@@AEXAAVCAr@@@Z@std@@@4@$0A@@std@@@std@@_N@2@ABU?$pair@$$CBKP8CDPCoreClient@@AEXAAVCAr@@@Z@2@@Z 00402e60 f i DPCoreClient.obj
 0001:00001f20       ?erase@?$_Tree@V?$_Tmap_traits@KP8CDPCoreClient@@AEXAAVCAr@@@ZU?$less@K@std@@V?$allocator@U?$pair@$$CBKP8CDPCoreClient@@AEXAAVCAr@@@Z@std@@@4@$0A@@std@@@std@@QAE?AViterator@12@V312@0@Z 00402f20 f i DPCoreClient.obj
 0001:00001fe0       ?_Tidy@?$_Tree@V?$_Tmap_traits@KP8CDPCoreClient@@AEXAAVCAr@@@ZU?$less@K@std@@V?$allocator@U?$pair@$$CBKP8CDPCoreClient@@AEXAAVCAr@@@Z@std@@@4@$0A@@std@@@std@@IAEXXZ 00402fe0 f i DPCoreClient.obj
 0001:00002010       ??1?$_Tree@V?$_Tmap_traits@KP8CDPCoreClient@@AEXAAVCAr@@@ZU?$less@K@std@@V?$allocator@U?$pair@$$CBKP8CDPCoreClient@@AEXAAVCAr@@@Z@std@@@4@$0A@@std@@@std@@QAE@XZ 00403010 f i DPCoreClient.obj
 0001:00002040       ??1?$map@KP8CDPCoreClient@@AEXAAVCAr@@@ZU?$less@K@std@@V?$allocator@U?$pair@$$CBKP8CDPCoreClient@@AEXAAVCAr@@@Z@std@@@4@@std@@QAE@XZ 00403040 f i DPCoreClient.obj
 0001:00002070       ??1CDPCoreClient@@UAE@XZ   00403070 f   DPCoreClient.obj
 0001:000020f0       ??0?$map@KP8CDPCoreClient@@AEXAAVCAr@@@ZU?$less@K@std@@V?$allocator@U?$pair@$$CBKP8CDPCoreClient@@AEXAAVCAr@@@Z@std@@@4@@std@@QAE@XZ 004030f0 f i DPCoreClient.obj
 0001:00002120       ??0CDPCoreClient@@QAE@XZ   00403120 f   DPCoreClient.obj
 0001:00002200       ??_GCDPCoreClient@@UAEPAXI@Z 00403200 f i DPCoreClient.obj
 0001:00002200       ??_ECDPCoreClient@@UAEPAXI@Z 00403200 f i DPCoreClient.obj
 0001:00002220       ??6CAr@@QAEAAV0@J@Z        00403220 f i DPDatabaseClient.obj
 0001:00002240       ??5CAr@@QAEAAV0@AAJ@Z      00403240 f i DPDatabaseClient.obj
 0001:00002280       ?SysMessageHandler@CDPDatabaseClient@@UAEXPAUDPMSG_GENERIC@@KK@Z 00403280 f   DPDatabaseClient.obj
 0001:00002290       ?SendGetPlayerList@CDPDatabaseClient@@QAEXKPBD0KK@Z 00403290 f   DPDatabaseClient.obj
 0001:000023e0       ??0?$pair@$$CBKP8CDPDatabaseClient@@AEXAAVCAr@@KPAEK@Z@std@@QAE@ABKABQ8CDPDatabaseClient@@AEXAAVCAr@@KPAEK@Z@Z 004033e0 f i DPDatabaseClient.obj
 0001:00002400       ?_Isnil@?$_Tree@V?$_Tmap_traits@KP8CDPDatabaseClient@@AEXAAVCAr@@KPAEK@ZU?$less@K@std@@V?$allocator@U?$pair@$$CBKP8CDPDatabaseClient@@AEXAAVCAr@@KPAEK@Z@std@@@4@$0A@@std@@@std@@KAAADPAU_Node@?$_Tree_nod@V?$_Tmap_traits@KP8CDPDatabaseClient@@AEXAAVCAr@@KPAEK@ZU?$less@K@std@@V?$allocator@U?$pair@$$CBKP8CDPDatabaseClient@@AEXAAVCAr@@KPAEK@Z@std@@@4@$0A@@std@@@2@@Z 00403400 f i DPDatabaseClient.obj
 0001:00002410       ?_Left@?$_Tree@V?$_Tmap_traits@KP8CDPDatabaseClient@@AEXAAVCAr@@KPAEK@ZU?$less@K@std@@V?$allocator@U?$pair@$$CBKP8CDPDatabaseClient@@AEXAAVCAr@@KPAEK@Z@std@@@4@$0A@@std@@@std@@KAAAPAU_Node@?$_Tree_nod@V?$_Tmap_traits@KP8CDPDatabaseClient@@AEXAAVCAr@@KPAEK@ZU?$less@K@std@@V?$allocator@U?$pair@$$CBKP8CDPDatabaseClient@@AEXAAVCAr@@KPAEK@Z@std@@@4@$0A@@std@@@2@PAU342@@Z 00403410 f i DPDatabaseClient.obj
 0001:00002420       ?_Right@?$_Tree@V?$_Tmap_traits@KP8CDPDatabaseClient@@AEXAAVCAr@@KPAEK@ZU?$less@K@std@@V?$allocator@U?$pair@$$CBKP8CDPDatabaseClient@@AEXAAVCAr@@KPAEK@Z@std@@@4@$0A@@std@@@std@@KAAAPAU_Node@?$_Tree_nod@V?$_Tmap_traits@KP8CDPDatabaseClient@@AEXAAVCAr@@KPAEK@ZU?$less@K@std@@V?$allocator@U?$pair@$$CBKP8CDPDatabaseClient@@AEXAAVCAr@@KPAEK@Z@std@@@4@$0A@@std@@@2@PAU342@@Z 00403420 f i DPDatabaseClient.obj
 0001:00002430       ?_Kfn@?$_Tmap_traits@KP8CDPDatabaseClient@@AEXAAVCAr@@KPAEK@ZU?$less@K@std@@V?$allocator@U?$pair@$$CBKP8CDPDatabaseClient@@AEXAAVCAr@@KPAEK@Z@std@@@4@$0A@@std@@SAABKABU?$pair@$$CBKP8CDPDatabaseClient@@AEXAAVCAr@@KPAEK@Z@2@@Z 00403430 f i DPDatabaseClient.obj
 0001:00002440       ??0?$allocator@U?$pair@$$CBKP8CDPDatabaseClient@@AEXAAVCAr@@KPAEK@Z@std@@@std@@QAE@XZ 00403440 f i DPDatabaseClient.obj
 0001:00002450       ??8const_iterator@?$_Tree@V?$_Tmap_traits@KP8CDPDatabaseClient@@AEXAAVCAr@@KPAEK@ZU?$less@K@std@@V?$allocator@U?$pair@$$CBKP8CDPDatabaseClient@@AEXAAVCAr@@KPAEK@Z@std@@@4@$0A@@std@@@std@@QBE_NABV012@@Z 00403450 f i DPDatabaseClient.obj
 0001:00002460       ?_Mynode@const_iterator@?$_Tree@V?$_Tmap_traits@KP8CDPDatabaseClient@@AEXAAVCAr@@KPAEK@ZU?$less@K@std@@V?$allocator@U?$pair@$$CBKP8CDPDatabaseClient@@AEXAAVCAr@@KPAEK@Z@std@@@4@$0A@@std@@@std@@QBEPAU_Node@?$_Tree_nod@V?$_Tmap_traits@KP8CDPDatabaseClient@@AEXAAVCAr@@KPAEK@ZU?$less@K@std@@V?$allocator@U?$pair@$$CBKP8CDPDatabaseClient@@AEXAAVCAr@@KPAEK@Z@std@@@4@$0A@@std@@@3@XZ 00403460 f i DPDatabaseClient.obj
 0001:00002470       ??0?$pair@Viterator@?$_Tree@V?$_Tmap_traits@KP8CDPDatabaseClient@@AEXAAVCAr@@KPAEK@ZU?$less@K@std@@V?$allocator@U?$pair@$$CBKP8CDPDatabaseClient@@AEXAAVCAr@@KPAEK@Z@std@@@4@$0A@@std@@@std@@_N@std@@QAE@ABViterator@?$_Tree@V?$_Tmap_traits@KP8CDPDatabaseClient@@AEXAAVCAr@@KPAEK@ZU?$less@K@std@@V?$allocator@U?$pair@$$CBKP8CDPDatabaseClient@@AEXAAVCAr@@KPAEK@Z@std@@@4@$0A@@std@@@1@AB_N@Z 00403470 f i DPDatabaseClient.obj
 0001:00002490       ?_Color@?$_Tree@V?$_Tmap_traits@KP8CDPDatabaseClient@@AEXAAVCAr@@KPAEK@ZU?$less@K@std@@V?$allocator@U?$pair@$$CBKP8CDPDatabaseClient@@AEXAAVCAr@@KPAEK@Z@std@@@4@$0A@@std@@@std@@KAAADPAU_Node@?$_Tree_nod@V?$_Tmap_traits@KP8CDPDatabaseClient@@AEXAAVCAr@@KPAEK@ZU?$less@K@std@@V?$allocator@U?$pair@$$CBKP8CDPDatabaseClient@@AEXAAVCAr@@KPAEK@Z@std@@@4@$0A@@std@@@2@@Z 00403490 f i DPDatabaseClient.obj
 0001:000024a0       ?_Parent@?$_Tree@V?$_Tmap_traits@KP8CDPDatabaseClient@@AEXAAVCAr@@KPAEK@ZU?$less@K@std@@V?$allocator@U?$pair@$$CBKP8CDPDatabaseClient@@AEXAAVCAr@@KPAEK@Z@std@@@4@$0A@@std@@@std@@KAAAPAU_Node@?$_Tree_nod@V?$_Tmap_traits@KP8CDPDatabaseClient@@AEXAAVCAr@@KPAEK@ZU?$less@K@std@@V?$allocator@U?$pair@$$CBKP8CDPDatabaseClient@@AEXAAVCAr@@KPAEK@Z@std@@@4@$0A@@std@@@2@PAU342@@Z 004034a0 f i DPDatabaseClient.obj
 0001:000024b0       ?_Myval@?$_Tree@V?$_Tmap_traits@KP8CDPDatabaseClient@@AEXAAVCAr@@KPAEK@ZU?$less@K@std@@V?$allocator@U?$pair@$$CBKP8CDPDatabaseClient@@AEXAAVCAr@@KPAEK@Z@std@@@4@$0A@@std@@@std@@KAAAU?$pair@$$CBKP8CDPDatabaseClient@@AEXAAVCAr@@KPAEK@Z@2@PAU_Node@?$_Tree_nod@V?$_Tmap_traits@KP8CDPDatabaseClient@@AEXAAVCAr@@KPAEK@ZU?$less@K@std@@V?$allocator@U?$pair@$$CBKP8CDPDatabaseClient@@AEXAAVCAr@@KPAEK@Z@std@@@4@$0A@@std@@@2@@Z 004034b0 f i DPDatabaseClient.obj
 0001:000024c0       ?_Lmost@?$_Tree@V?$_Tmap_traits@KP8CDPDatabaseClient@@AEXAAVCAr@@KPAEK@ZU?$less@K@std@@V?$allocator@U?$pair@$$CBKP8CDPDatabaseClient@@AEXAAVCAr@@KPAEK@Z@std@@@4@$0A@@std@@@std@@IAEAAPAU_Node@?$_Tree_nod@V?$_Tmap_traits@KP8CDPDatabaseClient@@AEXAAVCAr@@KPAEK@ZU?$less@K@std@@V?$allocator@U?$pair@$$CBKP8CDPDatabaseClient@@AEXAAVCAr@@KPAEK@Z@std@@@4@$0A@@std@@@2@XZ 004034c0 f i DPDatabaseClient.obj
 0001:000024d0       ?_Rmost@?$_Tree@V?$_Tmap_traits@KP8CDPDatabaseClient@@AEXAAVCAr@@KPAEK@ZU?$less@K@std@@V?$allocator@U?$pair@$$CBKP8CDPDatabaseClient@@AEXAAVCAr@@KPAEK@Z@std@@@4@$0A@@std@@@std@@IAEAAPAU_Node@?$_Tree_nod@V?$_Tmap_traits@KP8CDPDatabaseClient@@AEXAAVCAr@@KPAEK@ZU?$less@K@std@@V?$allocator@U?$pair@$$CBKP8CDPDatabaseClient@@AEXAAVCAr@@KPAEK@Z@std@@@4@$0A@@std@@@2@XZ 004034d0 f i DPDatabaseClient.obj
 0001:000024e0       ??0?$allocator@U?$pair@$$CBKP8CDPDatabaseClient@@AEXAAVCAr@@KPAEK@Z@std@@@std@@QAE@ABV01@@Z 004034e0 f i DPDatabaseClient.obj
 0001:000024f0       ?deallocate@?$allocator@U_Node@?$_Tree_nod@V?$_Tmap_traits@KP8CDPDatabaseClient@@AEXAAVCAr@@KPAEK@ZU?$less@K@std@@V?$allocator@U?$pair@$$CBKP8CDPDatabaseClient@@AEXAAVCAr@@KPAEK@Z@std@@@4@$0A@@std@@@std@@@std@@QAEXPAU_Node@?$_Tree_nod@V?$_Tmap_traits@KP8CDPDatabaseClient@@AEXAAVCAr@@KPAEK@ZU?$less@K@std@@V?$allocator@U?$pair@$$CBKP8CDPDatabaseClient@@AEXAAVCAr@@KPAEK@Z@std@@@4@$0A@@std@@@2@I@Z 004034f0 f i DPDatabaseClient.obj
 0001:00002500       ??0const_iterator@?$_Tree@V?$_Tmap_traits@KP8CDPDatabaseClient@@AEXAAVCAr@@KPAEK@ZU?$less@K@std@@V?$allocator@U?$pair@$$CBKP8CDPDatabaseClient@@AEXAAVCAr@@KPAEK@Z@std@@@4@$0A@@std@@@std@@QAE@PAU_Node@?$_Tree_nod@V?$_Tmap_traits@KP8CDPDatabaseClient@@AEXAAVCAr@@KPAEK@ZU?$less@K@std@@V?$allocator@U?$pair@$$CBKP8CDPDatabaseClient@@AEXAAVCAr@@KPAEK@Z@std@@@4@$0A@@std@@@2@@Z 00403500 f i DPDatabaseClient.obj
 0001:00002510       ??Dconst_iterator@?$_Tree@V?$_Tmap_traits@KP8CDPDatabaseClient@@AEXAAVCAr@@KPAEK@ZU?$less@K@std@@V?$allocator@U?$pair@$$CBKP8CDPDatabaseClient@@AEXAAVCAr@@KPAEK@Z@std@@@4@$0A@@std@@@std@@QBEABU?$pair@$$CBKP8CDPDatabaseClient@@AEXAAVCAr@@KPAEK@Z@2@XZ 00403510 f i DPDatabaseClient.obj
 0001:00002520       ?_Root@?$_Tree@V?$_Tmap_traits@KP8CDPDatabaseClient@@AEXAAVCAr@@KPAEK@ZU?$less@K@std@@V?$allocator@U?$pair@$$CBKP8CDPDatabaseClient@@AEXAAVCAr@@KPAEK@Z@std@@@4@$0A@@std@@@std@@IBEAAPAU_Node@?$_Tree_nod@V?$_Tmap_traits@KP8CDPDatabaseClient@@AEXAAVCAr@@KPAEK@ZU?$less@K@std@@V?$allocator@U?$pair@$$CBKP8CDPDatabaseClient@@AEXAAVCAr@@KPAEK@Z@std@@@4@$0A@@std@@@2@XZ 00403520 f i DPDatabaseClient.obj
 0001:00002530       ?max_size@?$allocator@U?$pair@$$CBKP8CDPDatabaseClient@@AEXAAVCAr@@KPAEK@Z@std@@@std@@QBEIXZ 00403530 f i DPDatabaseClient.obj
 0001:00002540       ??0_Node@?$_Tree_nod@V?$_Tmap_traits@KP8CDPDatabaseClient@@AEXAAVCAr@@KPAEK@ZU?$less@K@std@@V?$allocator@U?$pair@$$CBKP8CDPDatabaseClient@@AEXAAVCAr@@KPAEK@Z@std@@@4@$0A@@std@@@std@@QAE@PAU012@00ABU?$pair@$$CBKP8CDPDatabaseClient@@AEXAAVCAr@@KPAEK@Z@2@D@Z 00403540 f i DPDatabaseClient.obj
 0001:00002580       ?_Max@?$_Tree@V?$_Tmap_traits@KP8CDPDatabaseClient@@AEXAAVCAr@@KPAEK@ZU?$less@K@std@@V?$allocator@U?$pair@$$CBKP8CDPDatabaseClient@@AEXAAVCAr@@KPAEK@Z@std@@@4@$0A@@std@@@std@@KAPAU_Node@?$_Tree_nod@V?$_Tmap_traits@KP8CDPDatabaseClient@@AEXAAVCAr@@KPAEK@ZU?$less@K@std@@V?$allocator@U?$pair@$$CBKP8CDPDatabaseClient@@AEXAAVCAr@@KPAEK@Z@std@@@4@$0A@@std@@@2@PAU342@@Z 00403580 f i DPDatabaseClient.obj
 0001:000025a0       ?_Min@?$_Tree@V?$_Tmap_traits@KP8CDPDatabaseClient@@AEXAAVCAr@@KPAEK@ZU?$less@K@std@@V?$allocator@U?$pair@$$CBKP8CDPDatabaseClient@@AEXAAVCAr@@KPAEK@Z@std@@@4@$0A@@std@@@std@@KAPAU_Node@?$_Tree_nod@V?$_Tmap_traits@KP8CDPDatabaseClient@@AEXAAVCAr@@KPAEK@ZU?$less@K@std@@V?$allocator@U?$pair@$$CBKP8CDPDatabaseClient@@AEXAAVCAr@@KPAEK@Z@std@@@4@$0A@@std@@@2@PAU342@@Z 004035a0 f i DPDatabaseClient.obj
 0001:000025c0       ??0?$_Tmap_traits@KP8CDPDatabaseClient@@AEXAAVCAr@@KPAEK@ZU?$less@K@std@@V?$allocator@U?$pair@$$CBKP8CDPDatabaseClient@@AEXAAVCAr@@KPAEK@Z@std@@@4@$0A@@std@@QAE@U?$less@K@1@@Z 004035c0 f i DPDatabaseClient.obj
 0001:000025d0       ?_Inc@const_iterator@?$_Tree@V?$_Tmap_traits@KP8CDPDatabaseClient@@AEXAAVCAr@@KPAEK@ZU?$less@K@std@@V?$allocator@U?$pair@$$CBKP8CDPDatabaseClient@@AEXAAVCAr@@KPAEK@Z@std@@@4@$0A@@std@@@std@@QAEXXZ 004035d0 f i DPDatabaseClient.obj
 0001:00002630       ??$_Destroy@PAU_Node@?$_Tree_nod@V?$_Tmap_traits@KP8CDPDatabaseClient@@AEXAAVCAr@@KPAEK@ZU?$less@K@std@@V?$allocator@U?$pair@$$CBKP8CDPDatabaseClient@@AEXAAVCAr@@KPAEK@Z@std@@@4@$0A@@std@@@std@@@std@@YAXPAPAU_Node@?$_Tree_nod@V?$_Tmap_traits@KP8CDPDatabaseClient@@AEXAAVCAr@@KPAEK@ZU?$less@K@std@@V?$allocator@U?$pair@$$CBKP8CDPDatabaseClient@@AEXAAVCAr@@KPAEK@Z@std@@@4@$0A@@std@@@0@@Z 00403630 f i DPDatabaseClient.obj
 0001:00002640       ??$?0U?$pair@$$CBKP8CDPDatabaseClient@@AEXAAVCAr@@KPAEK@Z@std@@@?$allocator@PAU_Node@?$_Tree_nod@V?$_Tmap_traits@KP8CDPDatabaseClient@@AEXAAVCAr@@KPAEK@ZU?$less@K@std@@V?$allocator@U?$pair@$$CBKP8CDPDatabaseClient@@AEXAAVCAr@@KPAEK@Z@std@@@4@$0A@@std@@@std@@@std@@QAE@ABV?$allocator@U?$pair@$$CBKP8CDPDatabaseClient@@AEXAAVCAr@@KPAEK@Z@std@@@1@@Z 00403640 f i DPDatabaseClient.obj
 0001:00002650       ??$_Allocate@U_Node@?$_Tree_nod@V?$_Tmap_traits@KP8CDPDatabaseClient@@AEXAAVCAr@@KPAEK@ZU?$less@K@std@@V?$allocator@U?$pair@$$CBKP8CDPDatabaseClient@@AEXAAVCAr@@KPAEK@Z@std@@@4@$0A@@std@@@std@@@std@@YAPAU_Node@?$_Tree_nod@V?$_Tmap_traits@KP8CDPDatabaseClient@@AEXAAVCAr@@KPAEK@ZU?$less@K@std@@V?$allocator@U?$pair@$$CBKP8CDPDatabaseClient@@AEXAAVCAr@@KPAEK@Z@std@@@4@$0A@@std@@@0@IPAU120@@Z 00403650 f i DPDatabaseClient.obj
 0001:00002670       ??$?0U?$pair@$$CBKP8CDPDatabaseClient@@AEXAAVCAr@@KPAEK@Z@std@@@?$allocator@U_Node@?$_Tree_nod@V?$_Tmap_traits@KP8CDPDatabaseClient@@AEXAAVCAr@@KPAEK@ZU?$less@K@std@@V?$allocator@U?$pair@$$CBKP8CDPDatabaseClient@@AEXAAVCAr@@KPAEK@Z@std@@@4@$0A@@std@@@std@@@std@@QAE@ABV?$allocator@U?$pair@$$CBKP8CDPDatabaseClient@@AEXAAVCAr@@KPAEK@Z@std@@@1@@Z 00403670 f i DPDatabaseClient.obj
 0001:00002680       ??$_Destroy@U_Node@?$_Tree_nod@V?$_Tmap_traits@KP8CDPDatabaseClient@@AEXAAVCAr@@KPAEK@ZU?$less@K@std@@V?$allocator@U?$pair@$$CBKP8CDPDatabaseClient@@AEXAAVCAr@@KPAEK@Z@std@@@4@$0A@@std@@@std@@@std@@YAXPAU_Node@?$_Tree_nod@V?$_Tmap_traits@KP8CDPDatabaseClient@@AEXAAVCAr@@KPAEK@ZU?$less@K@std@@V?$allocator@U?$pair@$$CBKP8CDPDatabaseClient@@AEXAAVCAr@@KPAEK@Z@std@@@4@$0A@@std@@@0@@Z 00403680 f i DPDatabaseClient.obj
 0001:00002690       ??$_Construct@PAU_Node@?$_Tree_nod@V?$_Tmap_traits@KP8CDPDatabaseClient@@AEXAAVCAr@@KPAEK@ZU?$less@K@std@@V?$allocator@U?$pair@$$CBKP8CDPDatabaseClient@@AEXAAVCAr@@KPAEK@Z@std@@@4@$0A@@std@@@std@@PAU123@@std@@YAXPAPAU_Node@?$_Tree_nod@V?$_Tmap_traits@KP8CDPDatabaseClient@@AEXAAVCAr@@KPAEK@ZU?$less@K@std@@V?$allocator@U?$pair@$$CBKP8CDPDatabaseClient@@AEXAAVCAr@@KPAEK@Z@std@@@4@$0A@@std@@@0@ABQAU120@@Z 00403690 f i DPDatabaseClient.obj
 0001:000026b0       ??6CAr@@QAEAAV0@H@Z        004036b0 f i DPDatabaseClient.obj
 0001:000026d0       ??6CAr@@QAEAAV0@I@Z        004036d0 f i DPDatabaseClient.obj
 0001:000026f0       ??5CAr@@QAEAAV0@AAH@Z      004036f0 f i DPDatabaseClient.obj
 0001:00002730       ?SendLeave@CDPDatabaseClient@@QAEXPBDKK@Z 00403730 f   DPDatabaseClient.obj
 0001:00002860       ?SendCloseError@CDPDatabaseClient@@QAEXPBD@Z 00403860 f   DPDatabaseClient.obj
 0001:00002950       ?OnCloseExistingConnection@CDPDatabaseClient@@AAEXAAVCAr@@KPAEK@Z 00403950 f   DPDatabaseClient.obj
 0001:00002a60       ?OnOneHourNotify@CDPDatabaseClient@@AAEXAAVCAr@@KPAEK@Z 00403a60 f   DPDatabaseClient.obj
 0001:00002b10       ?OnPlayerList@CDPDatabaseClient@@AAEXAAVCAr@@KPAEK@Z 00403b10 f   DPDatabaseClient.obj
 0001:00002bb0       ?OnFail@CDPDatabaseClient@@AAEXAAVCAr@@KPAEK@Z 00403bb0 f   DPDatabaseClient.obj
 0001:00002cb0       ?OnLoginProtect@CDPDatabaseClient@@AAEXAAVCAr@@KPAEK@Z 00403cb0 f   DPDatabaseClient.obj
 0001:00002e40       ?SendLoginProtect@CDPDatabaseClient@@QAEXPBD0KHK@Z 00403e40 f   DPDatabaseClient.obj
 0001:00002f90       ??9const_iterator@?$_Tree@V?$_Tmap_traits@KP8CDPDatabaseClient@@AEXAAVCAr@@KPAEK@ZU?$less@K@std@@V?$allocator@U?$pair@$$CBKP8CDPDatabaseClient@@AEXAAVCAr@@KPAEK@Z@std@@@4@$0A@@std@@@std@@QBE_NABV012@@Z 00403f90 f i DPDatabaseClient.obj
 0001:00002fb0       ?_Key@?$_Tree@V?$_Tmap_traits@KP8CDPDatabaseClient@@AEXAAVCAr@@KPAEK@ZU?$less@K@std@@V?$allocator@U?$pair@$$CBKP8CDPDatabaseClient@@AEXAAVCAr@@KPAEK@Z@std@@@4@$0A@@std@@@std@@KAABKPAU_Node@?$_Tree_nod@V?$_Tmap_traits@KP8CDPDatabaseClient@@AEXAAVCAr@@KPAEK@ZU?$less@K@std@@V?$allocator@U?$pair@$$CBKP8CDPDatabaseClient@@AEXAAVCAr@@KPAEK@Z@std@@@4@$0A@@std@@@2@@Z 00403fb0 f i DPDatabaseClient.obj
 0001:00002fc0       ?_Root@?$_Tree@V?$_Tmap_traits@KP8CDPDatabaseClient@@AEXAAVCAr@@KPAEK@ZU?$less@K@std@@V?$allocator@U?$pair@$$CBKP8CDPDatabaseClient@@AEXAAVCAr@@KPAEK@Z@std@@@4@$0A@@std@@@std@@IAEAAPAU_Node@?$_Tree_nod@V?$_Tmap_traits@KP8CDPDatabaseClient@@AEXAAVCAr@@KPAEK@ZU?$less@K@std@@V?$allocator@U?$pair@$$CBKP8CDPDatabaseClient@@AEXAAVCAr@@KPAEK@Z@std@@@4@$0A@@std@@@2@XZ 00403fc0 f i DPDatabaseClient.obj
 0001:00002fd0       ??0iterator@?$_Tree@V?$_Tmap_traits@KP8CDPDatabaseClient@@AEXAAVCAr@@KPAEK@ZU?$less@K@std@@V?$allocator@U?$pair@$$CBKP8CDPDatabaseClient@@AEXAAVCAr@@KPAEK@Z@std@@@4@$0A@@std@@@std@@QAE@PAU_Node@?$_Tree_nod@V?$_Tmap_traits@KP8CDPDatabaseClient@@AEXAAVCAr@@KPAEK@ZU?$less@K@std@@V?$allocator@U?$pair@$$CBKP8CDPDatabaseClient@@AEXAAVCAr@@KPAEK@Z@std@@@4@$0A@@std@@@2@@Z 00403fd0 f i DPDatabaseClient.obj
 0001:00002fe0       ??Diterator@?$_Tree@V?$_Tmap_traits@KP8CDPDatabaseClient@@AEXAAVCAr@@KPAEK@ZU?$less@K@std@@V?$allocator@U?$pair@$$CBKP8CDPDatabaseClient@@AEXAAVCAr@@KPAEK@Z@std@@@4@$0A@@std@@@std@@QBEAAU?$pair@$$CBKP8CDPDatabaseClient@@AEXAAVCAr@@KPAEK@Z@2@XZ 00403fe0 f i DPDatabaseClient.obj
 0001:00002ff0       ?max_size@?$_Tree@V?$_Tmap_traits@KP8CDPDatabaseClient@@AEXAAVCAr@@KPAEK@ZU?$less@K@std@@V?$allocator@U?$pair@$$CBKP8CDPDatabaseClient@@AEXAAVCAr@@KPAEK@Z@std@@@4@$0A@@std@@@std@@QBEIXZ 00403ff0 f i DPDatabaseClient.obj
 0001:00003000       ?_Lbound@?$_Tree@V?$_Tmap_traits@KP8CDPDatabaseClient@@AEXAAVCAr@@KPAEK@ZU?$less@K@std@@V?$allocator@U?$pair@$$CBKP8CDPDatabaseClient@@AEXAAVCAr@@KPAEK@Z@std@@@4@$0A@@std@@@std@@IBEPAU_Node@?$_Tree_nod@V?$_Tmap_traits@KP8CDPDatabaseClient@@AEXAAVCAr@@KPAEK@ZU?$less@K@std@@V?$allocator@U?$pair@$$CBKP8CDPDatabaseClient@@AEXAAVCAr@@KPAEK@Z@std@@@4@$0A@@std@@@2@ABK@Z 00404000 f i DPDatabaseClient.obj
 0001:00003030       ?_Lrotate@?$_Tree@V?$_Tmap_traits@KP8CDPDatabaseClient@@AEXAAVCAr@@KPAEK@ZU?$less@K@std@@V?$allocator@U?$pair@$$CBKP8CDPDatabaseClient@@AEXAAVCAr@@KPAEK@Z@std@@@4@$0A@@std@@@std@@IAEXPAU_Node@?$_Tree_nod@V?$_Tmap_traits@KP8CDPDatabaseClient@@AEXAAVCAr@@KPAEK@ZU?$less@K@std@@V?$allocator@U?$pair@$$CBKP8CDPDatabaseClient@@AEXAAVCAr@@KPAEK@Z@std@@@4@$0A@@std@@@2@@Z 00404030 f i DPDatabaseClient.obj
 0001:00003090       ?_Rrotate@?$_Tree@V?$_Tmap_traits@KP8CDPDatabaseClient@@AEXAAVCAr@@KPAEK@ZU?$less@K@std@@V?$allocator@U?$pair@$$CBKP8CDPDatabaseClient@@AEXAAVCAr@@KPAEK@Z@std@@@4@$0A@@std@@@std@@IAEXPAU_Node@?$_Tree_nod@V?$_Tmap_traits@KP8CDPDatabaseClient@@AEXAAVCAr@@KPAEK@ZU?$less@K@std@@V?$allocator@U?$pair@$$CBKP8CDPDatabaseClient@@AEXAAVCAr@@KPAEK@Z@std@@@4@$0A@@std@@@2@@Z 00404090 f i DPDatabaseClient.obj
 0001:000030f0       ?destroy@?$allocator@PAU_Node@?$_Tree_nod@V?$_Tmap_traits@KP8CDPDatabaseClient@@AEXAAVCAr@@KPAEK@ZU?$less@K@std@@V?$allocator@U?$pair@$$CBKP8CDPDatabaseClient@@AEXAAVCAr@@KPAEK@Z@std@@@4@$0A@@std@@@std@@@std@@QAEXPAPAU_Node@?$_Tree_nod@V?$_Tmap_traits@KP8CDPDatabaseClient@@AEXAAVCAr@@KPAEK@ZU?$less@K@std@@V?$allocator@U?$pair@$$CBKP8CDPDatabaseClient@@AEXAAVCAr@@KPAEK@Z@std@@@4@$0A@@std@@@2@@Z 004040f0 f i DPDatabaseClient.obj
 0001:00003100       ?allocate@?$allocator@U_Node@?$_Tree_nod@V?$_Tmap_traits@KP8CDPDatabaseClient@@AEXAAVCAr@@KPAEK@ZU?$less@K@std@@V?$allocator@U?$pair@$$CBKP8CDPDatabaseClient@@AEXAAVCAr@@KPAEK@Z@std@@@4@$0A@@std@@@std@@@std@@QAEPAU_Node@?$_Tree_nod@V?$_Tmap_traits@KP8CDPDatabaseClient@@AEXAAVCAr@@KPAEK@ZU?$less@K@std@@V?$allocator@U?$pair@$$CBKP8CDPDatabaseClient@@AEXAAVCAr@@KPAEK@Z@std@@@4@$0A@@std@@@2@I@Z 00404100 f i DPDatabaseClient.obj
 0001:00003120       ?_Dec@const_iterator@?$_Tree@V?$_Tmap_traits@KP8CDPDatabaseClient@@AEXAAVCAr@@KPAEK@ZU?$less@K@std@@V?$allocator@U?$pair@$$CBKP8CDPDatabaseClient@@AEXAAVCAr@@KPAEK@Z@std@@@4@$0A@@std@@@std@@QAEXXZ 00404120 f i DPDatabaseClient.obj
 0001:00003180       ??0?$_Tree_nod@V?$_Tmap_traits@KP8CDPDatabaseClient@@AEXAAVCAr@@KPAEK@ZU?$less@K@std@@V?$allocator@U?$pair@$$CBKP8CDPDatabaseClient@@AEXAAVCAr@@KPAEK@Z@std@@@4@$0A@@std@@@std@@IAE@ABU?$less@K@1@V?$allocator@U?$pair@$$CBKP8CDPDatabaseClient@@AEXAAVCAr@@KPAEK@Z@std@@@1@@Z 00404180 f i DPDatabaseClient.obj
 0001:00003190       ?destroy@?$allocator@U_Node@?$_Tree_nod@V?$_Tmap_traits@KP8CDPDatabaseClient@@AEXAAVCAr@@KPAEK@ZU?$less@K@std@@V?$allocator@U?$pair@$$CBKP8CDPDatabaseClient@@AEXAAVCAr@@KPAEK@Z@std@@@4@$0A@@std@@@std@@@std@@QAEXPAU_Node@?$_Tree_nod@V?$_Tmap_traits@KP8CDPDatabaseClient@@AEXAAVCAr@@KPAEK@ZU?$less@K@std@@V?$allocator@U?$pair@$$CBKP8CDPDatabaseClient@@AEXAAVCAr@@KPAEK@Z@std@@@4@$0A@@std@@@2@@Z 00404190 f i DPDatabaseClient.obj
 0001:000031a0       ?construct@?$allocator@PAU_Node@?$_Tree_nod@V?$_Tmap_traits@KP8CDPDatabaseClient@@AEXAAVCAr@@KPAEK@ZU?$less@K@std@@V?$allocator@U?$pair@$$CBKP8CDPDatabaseClient@@AEXAAVCAr@@KPAEK@Z@std@@@4@$0A@@std@@@std@@@std@@QAEXPAPAU_Node@?$_Tree_nod@V?$_Tmap_traits@KP8CDPDatabaseClient@@AEXAAVCAr@@KPAEK@ZU?$less@K@std@@V?$allocator@U?$pair@$$CBKP8CDPDatabaseClient@@AEXAAVCAr@@KPAEK@Z@std@@@4@$0A@@std@@@2@ABQAU342@@Z 004041a0 f i DPDatabaseClient.obj
 0001:000031c0       ??Econst_iterator@?$_Tree@V?$_Tmap_traits@KP8CDPDatabaseClient@@AEXAAVCAr@@KPAEK@ZU?$less@K@std@@V?$allocator@U?$pair@$$CBKP8CDPDatabaseClient@@AEXAAVCAr@@KPAEK@Z@std@@@4@$0A@@std@@@std@@QAEAAV012@XZ 004041c0 f i DPDatabaseClient.obj
 0001:000031d0       ?end@?$_Tree@V?$_Tmap_traits@KP8CDPDatabaseClient@@AEXAAVCAr@@KPAEK@ZU?$less@K@std@@V?$allocator@U?$pair@$$CBKP8CDPDatabaseClient@@AEXAAVCAr@@KPAEK@Z@std@@@4@$0A@@std@@@std@@QAE?AViterator@12@XZ 004041d0 f i DPDatabaseClient.obj
 0001:000031e0       ??Citerator@?$_Tree@V?$_Tmap_traits@KP8CDPDatabaseClient@@AEXAAVCAr@@KPAEK@ZU?$less@K@std@@V?$allocator@U?$pair@$$CBKP8CDPDatabaseClient@@AEXAAVCAr@@KPAEK@Z@std@@@4@$0A@@std@@@std@@QBEPAU?$pair@$$CBKP8CDPDatabaseClient@@AEXAAVCAr@@KPAEK@Z@2@XZ 004041e0 f i DPDatabaseClient.obj
 0001:000031f0       ?begin@?$_Tree@V?$_Tmap_traits@KP8CDPDatabaseClient@@AEXAAVCAr@@KPAEK@ZU?$less@K@std@@V?$allocator@U?$pair@$$CBKP8CDPDatabaseClient@@AEXAAVCAr@@KPAEK@Z@std@@@4@$0A@@std@@@std@@QAE?AViterator@12@XZ 004041f0 f i DPDatabaseClient.obj
 0001:00003200       ?lower_bound@?$_Tree@V?$_Tmap_traits@KP8CDPDatabaseClient@@AEXAAVCAr@@KPAEK@ZU?$less@K@std@@V?$allocator@U?$pair@$$CBKP8CDPDatabaseClient@@AEXAAVCAr@@KPAEK@Z@std@@@4@$0A@@std@@@std@@QAE?AViterator@12@ABK@Z 00404200 f i DPDatabaseClient.obj
 0001:00003240       ?_Buynode@?$_Tree@V?$_Tmap_traits@KP8CDPDatabaseClient@@AEXAAVCAr@@KPAEK@ZU?$less@K@std@@V?$allocator@U?$pair@$$CBKP8CDPDatabaseClient@@AEXAAVCAr@@KPAEK@Z@std@@@4@$0A@@std@@@std@@IAEPAU_Node@?$_Tree_nod@V?$_Tmap_traits@KP8CDPDatabaseClient@@AEXAAVCAr@@KPAEK@ZU?$less@K@std@@V?$allocator@U?$pair@$$CBKP8CDPDatabaseClient@@AEXAAVCAr@@KPAEK@Z@std@@@4@$0A@@std@@@2@PAU342@00ABU?$pair@$$CBKP8CDPDatabaseClient@@AEXAAVCAr@@KPAEK@Z@2@D@Z 00404240 f i DPDatabaseClient.obj
 0001:00003280       ??Fconst_iterator@?$_Tree@V?$_Tmap_traits@KP8CDPDatabaseClient@@AEXAAVCAr@@KPAEK@ZU?$less@K@std@@V?$allocator@U?$pair@$$CBKP8CDPDatabaseClient@@AEXAAVCAr@@KPAEK@Z@std@@@4@$0A@@std@@@std@@QAEAAV012@XZ 00404280 f i DPDatabaseClient.obj
 0001:00003290       ?_Buynode@?$_Tree@V?$_Tmap_traits@KP8CDPDatabaseClient@@AEXAAVCAr@@KPAEK@ZU?$less@K@std@@V?$allocator@U?$pair@$$CBKP8CDPDatabaseClient@@AEXAAVCAr@@KPAEK@Z@std@@@4@$0A@@std@@@std@@IAEPAU_Node@?$_Tree_nod@V?$_Tmap_traits@KP8CDPDatabaseClient@@AEXAAVCAr@@KPAEK@ZU?$less@K@std@@V?$allocator@U?$pair@$$CBKP8CDPDatabaseClient@@AEXAAVCAr@@KPAEK@Z@std@@@4@$0A@@std@@@2@XZ 00404290 f i DPDatabaseClient.obj
 0001:000032d0       ??0?$_Tree_ptr@V?$_Tmap_traits@KP8CDPDatabaseClient@@AEXAAVCAr@@KPAEK@ZU?$less@K@std@@V?$allocator@U?$pair@$$CBKP8CDPDatabaseClient@@AEXAAVCAr@@KPAEK@Z@std@@@4@$0A@@std@@@std@@IAE@ABU?$less@K@1@V?$allocator@U?$pair@$$CBKP8CDPDatabaseClient@@AEXAAVCAr@@KPAEK@Z@std@@@1@@Z 004042d0 f i DPDatabaseClient.obj
 0001:000032e0       ?_Erase@?$_Tree@V?$_Tmap_traits@KP8CDPDatabaseClient@@AEXAAVCAr@@KPAEK@ZU?$less@K@std@@V?$allocator@U?$pair@$$CBKP8CDPDatabaseClient@@AEXAAVCAr@@KPAEK@Z@std@@@4@$0A@@std@@@std@@IAEXPAU_Node@?$_Tree_nod@V?$_Tmap_traits@KP8CDPDatabaseClient@@AEXAAVCAr@@KPAEK@ZU?$less@K@std@@V?$allocator@U?$pair@$$CBKP8CDPDatabaseClient@@AEXAAVCAr@@KPAEK@Z@std@@@4@$0A@@std@@@2@@Z 004042e0 f i DPDatabaseClient.obj
 0001:00003320       ??Eiterator@?$_Tree@V?$_Tmap_traits@KP8CDPDatabaseClient@@AEXAAVCAr@@KPAEK@ZU?$less@K@std@@V?$allocator@U?$pair@$$CBKP8CDPDatabaseClient@@AEXAAVCAr@@KPAEK@Z@std@@@4@$0A@@std@@@std@@QAEAAV012@XZ 00404320 f i DPDatabaseClient.obj
 0001:00003330       ?find@?$_Tree@V?$_Tmap_traits@KP8CDPDatabaseClient@@AEXAAVCAr@@KPAEK@ZU?$less@K@std@@V?$allocator@U?$pair@$$CBKP8CDPDatabaseClient@@AEXAAVCAr@@KPAEK@Z@std@@@4@$0A@@std@@@std@@QAE?AViterator@12@ABK@Z 00404330 f i DPDatabaseClient.obj
 0001:000033a0       ??Fiterator@?$_Tree@V?$_Tmap_traits@KP8CDPDatabaseClient@@AEXAAVCAr@@KPAEK@ZU?$less@K@std@@V?$allocator@U?$pair@$$CBKP8CDPDatabaseClient@@AEXAAVCAr@@KPAEK@Z@std@@@4@$0A@@std@@@std@@QAEAAV012@XZ 004043a0 f i DPDatabaseClient.obj
 0001:000033b0       ?_Init@?$_Tree@V?$_Tmap_traits@KP8CDPDatabaseClient@@AEXAAVCAr@@KPAEK@ZU?$less@K@std@@V?$allocator@U?$pair@$$CBKP8CDPDatabaseClient@@AEXAAVCAr@@KPAEK@Z@std@@@4@$0A@@std@@@std@@IAEXXZ 004043b0 f i DPDatabaseClient.obj
 0001:000033e0       ??0?$_Tree_val@V?$_Tmap_traits@KP8CDPDatabaseClient@@AEXAAVCAr@@KPAEK@ZU?$less@K@std@@V?$allocator@U?$pair@$$CBKP8CDPDatabaseClient@@AEXAAVCAr@@KPAEK@Z@std@@@4@$0A@@std@@@std@@IAE@ABU?$less@K@1@V?$allocator@U?$pair@$$CBKP8CDPDatabaseClient@@AEXAAVCAr@@KPAEK@Z@std@@@1@@Z 004043e0 f i DPDatabaseClient.obj
 0001:000033f0       ?clear@?$_Tree@V?$_Tmap_traits@KP8CDPDatabaseClient@@AEXAAVCAr@@KPAEK@ZU?$less@K@std@@V?$allocator@U?$pair@$$CBKP8CDPDatabaseClient@@AEXAAVCAr@@KPAEK@Z@std@@@4@$0A@@std@@@std@@QAEXXZ 004043f0 f i DPDatabaseClient.obj
 0001:00003420       ??Eiterator@?$_Tree@V?$_Tmap_traits@KP8CDPDatabaseClient@@AEXAAVCAr@@KPAEK@ZU?$less@K@std@@V?$allocator@U?$pair@$$CBKP8CDPDatabaseClient@@AEXAAVCAr@@KPAEK@Z@std@@@4@$0A@@std@@@std@@QAE?AV012@H@Z 00404420 f i DPDatabaseClient.obj
 0001:00003440       ?GetHandler@CDPDatabaseClient@@AAEP81@AEXAAVCAr@@KPAEK@ZK@Z 00404440 f i DPDatabaseClient.obj
 0001:00003470       ?UserMessageHandler@CDPDatabaseClient@@UAEXPAUDPMSG_GENERIC@@KK@Z 00404470 f   DPDatabaseClient.obj
 0001:00003580       ??0?$_Tree@V?$_Tmap_traits@KP8CDPDatabaseClient@@AEXAAVCAr@@KPAEK@ZU?$less@K@std@@V?$allocator@U?$pair@$$CBKP8CDPDatabaseClient@@AEXAAVCAr@@KPAEK@Z@std@@@4@$0A@@std@@@std@@QAE@ABU?$less@K@1@ABV?$allocator@U?$pair@$$CBKP8CDPDatabaseClient@@AEXAAVCAr@@KPAEK@Z@std@@@1@@Z 00404580 f i DPDatabaseClient.obj
 0001:000035b0       ?_Insert@?$_Tree@V?$_Tmap_traits@KP8CDPDatabaseClient@@AEXAAVCAr@@KPAEK@ZU?$less@K@std@@V?$allocator@U?$pair@$$CBKP8CDPDatabaseClient@@AEXAAVCAr@@KPAEK@Z@std@@@4@$0A@@std@@@std@@IAE?AViterator@12@_NPAU_Node@?$_Tree_nod@V?$_Tmap_traits@KP8CDPDatabaseClient@@AEXAAVCAr@@KPAEK@ZU?$less@K@std@@V?$allocator@U?$pair@$$CBKP8CDPDatabaseClient@@AEXAAVCAr@@KPAEK@Z@std@@@4@$0A@@std@@@2@ABU?$pair@$$CBKP8CDPDatabaseClient@@AEXAAVCAr@@KPAEK@Z@2@@Z 004045b0 f i DPDatabaseClient.obj
 0001:00003760       ?erase@?$_Tree@V?$_Tmap_traits@KP8CDPDatabaseClient@@AEXAAVCAr@@KPAEK@ZU?$less@K@std@@V?$allocator@U?$pair@$$CBKP8CDPDatabaseClient@@AEXAAVCAr@@KPAEK@Z@std@@@4@$0A@@std@@@std@@QAE?AViterator@12@V312@@Z 00404760 f i DPDatabaseClient.obj
 0001:00003a20       ?insert@?$_Tree@V?$_Tmap_traits@KP8CDPDatabaseClient@@AEXAAVCAr@@KPAEK@ZU?$less@K@std@@V?$allocator@U?$pair@$$CBKP8CDPDatabaseClient@@AEXAAVCAr@@KPAEK@Z@std@@@4@$0A@@std@@@std@@QAE?AU?$pair@Viterator@?$_Tree@V?$_Tmap_traits@KP8CDPDatabaseClient@@AEXAAVCAr@@KPAEK@ZU?$less@K@std@@V?$allocator@U?$pair@$$CBKP8CDPDatabaseClient@@AEXAAVCAr@@KPAEK@Z@std@@@4@$0A@@std@@@std@@_N@2@ABU?$pair@$$CBKP8CDPDatabaseClient@@AEXAAVCAr@@KPAEK@Z@2@@Z 00404a20 f i DPDatabaseClient.obj
 0001:00003ae0       ?erase@?$_Tree@V?$_Tmap_traits@KP8CDPDatabaseClient@@AEXAAVCAr@@KPAEK@ZU?$less@K@std@@V?$allocator@U?$pair@$$CBKP8CDPDatabaseClient@@AEXAAVCAr@@KPAEK@Z@std@@@4@$0A@@std@@@std@@QAE?AViterator@12@V312@0@Z 00404ae0 f i DPDatabaseClient.obj
 0001:00003ba0       ?_Tidy@?$_Tree@V?$_Tmap_traits@KP8CDPDatabaseClient@@AEXAAVCAr@@KPAEK@ZU?$less@K@std@@V?$allocator@U?$pair@$$CBKP8CDPDatabaseClient@@AEXAAVCAr@@KPAEK@Z@std@@@4@$0A@@std@@@std@@IAEXXZ 00404ba0 f i DPDatabaseClient.obj
 0001:00003bd0       ??1?$_Tree@V?$_Tmap_traits@KP8CDPDatabaseClient@@AEXAAVCAr@@KPAEK@ZU?$less@K@std@@V?$allocator@U?$pair@$$CBKP8CDPDatabaseClient@@AEXAAVCAr@@KPAEK@Z@std@@@4@$0A@@std@@@std@@QAE@XZ 00404bd0 f i DPDatabaseClient.obj
 0001:00003c00       ??1?$map@KP8CDPDatabaseClient@@AEXAAVCAr@@KPAEK@ZU?$less@K@std@@V?$allocator@U?$pair@$$CBKP8CDPDatabaseClient@@AEXAAVCAr@@KPAEK@Z@std@@@4@@std@@QAE@XZ 00404c00 f i DPDatabaseClient.obj
 0001:00003c30       ??1CDPDatabaseClient@@UAE@XZ 00404c30 f   DPDatabaseClient.obj
 0001:00003cb0       ??0?$map@KP8CDPDatabaseClient@@AEXAAVCAr@@KPAEK@ZU?$less@K@std@@V?$allocator@U?$pair@$$CBKP8CDPDatabaseClient@@AEXAAVCAr@@KPAEK@Z@std@@@4@@std@@QAE@XZ 00404cb0 f i DPDatabaseClient.obj
 0001:00003ce0       ??0CDPDatabaseClient@@QAE@XZ 00404ce0 f   DPDatabaseClient.obj
 0001:00003e00       ??_ECDPDatabaseClient@@UAEPAXI@Z 00404e00 f i DPDatabaseClient.obj
 0001:00003e00       ??_GCDPDatabaseClient@@UAEPAXI@Z 00404e00 f i DPDatabaseClient.obj
 0001:00003e20       ??6@YAAAVCAr@@AAV0@_J@Z    00404e20 f i DPLoginSrvr.obj
 0001:00003e40       ?SendToServer@CDPDatabaseClient@@QAEXKPAXK@Z 00404e40 f i DPLoginSrvr.obj
 0001:00003e70       ?SetAuth@CUser@@QAEXH@Z    00404e70 f i DPLoginSrvr.obj
 0001:00003e80       ?GetAuth@CUser@@QAEHXZ     00404e80 f i DPLoginSrvr.obj
 0001:00003e90       ?AddCahce@CDPLoginSrvr@@QAEXPBD@Z 00404e90 f   DPLoginSrvr.obj
 0001:00003ec0       ?CacheIn@CDPLoginSrvr@@QAEHXZ 00404ec0 f   DPLoginSrvr.obj
 0001:00003f00       ?CacheOut@CDPLoginSrvr@@QAEXH@Z 00404f00 f   DPLoginSrvr.obj
 0001:00003f10       ?SendCacheAddr@CDPLoginSrvr@@QAEXHK@Z 00404f10 f   DPLoginSrvr.obj
 0001:00004000       ?SendError@CDPLoginSrvr@@QAEXJK@Z 00405000 f   DPLoginSrvr.obj
 0001:000040f0       ?SendHdr@CDPLoginSrvr@@QAEXKK@Z 004050f0 f   DPLoginSrvr.obj
 0001:000041c0       ?OnRemoveConnection@CDPLoginSrvr@@AAEXK@Z 004051c0 f   DPLoginSrvr.obj
 0001:000041d0       ?SendNumPadId@CDPLoginSrvr@@AAEXK@Z 004051d0 f   DPLoginSrvr.obj
 0001:000042d0       ??0?$pair@$$CBKP8CDPLoginSrvr@@AEXAAVCAr@@K@Z@std@@QAE@ABKABQ8CDPLoginSrvr@@AEXAAVCAr@@K@Z@Z 004052d0 f i DPLoginSrvr.obj
 0001:000042f0       ?Free@?$MemPooler@VCUser@@@@QAEHPAVCUser@@@Z 004052f0 f i DPLoginSrvr.obj
 0001:00004340       ?_Isnil@?$_Tree@V?$_Tmap_traits@KP8CDPLoginSrvr@@AEXAAVCAr@@K@ZU?$less@K@std@@V?$allocator@U?$pair@$$CBKP8CDPLoginSrvr@@AEXAAVCAr@@K@Z@std@@@4@$0A@@std@@@std@@KAAADPAU_Node@?$_Tree_nod@V?$_Tmap_traits@KP8CDPLoginSrvr@@AEXAAVCAr@@K@ZU?$less@K@std@@V?$allocator@U?$pair@$$CBKP8CDPLoginSrvr@@AEXAAVCAr@@K@Z@std@@@4@$0A@@std@@@2@@Z 00405340 f i DPLoginSrvr.obj
 0001:00004350       ?_Left@?$_Tree@V?$_Tmap_traits@KP8CDPLoginSrvr@@AEXAAVCAr@@K@ZU?$less@K@std@@V?$allocator@U?$pair@$$CBKP8CDPLoginSrvr@@AEXAAVCAr@@K@Z@std@@@4@$0A@@std@@@std@@KAAAPAU_Node@?$_Tree_nod@V?$_Tmap_traits@KP8CDPLoginSrvr@@AEXAAVCAr@@K@ZU?$less@K@std@@V?$allocator@U?$pair@$$CBKP8CDPLoginSrvr@@AEXAAVCAr@@K@Z@std@@@4@$0A@@std@@@2@PAU342@@Z 00405350 f i DPLoginSrvr.obj
 0001:00004360       ?_Right@?$_Tree@V?$_Tmap_traits@KP8CDPLoginSrvr@@AEXAAVCAr@@K@ZU?$less@K@std@@V?$allocator@U?$pair@$$CBKP8CDPLoginSrvr@@AEXAAVCAr@@K@Z@std@@@4@$0A@@std@@@std@@KAAAPAU_Node@?$_Tree_nod@V?$_Tmap_traits@KP8CDPLoginSrvr@@AEXAAVCAr@@K@ZU?$less@K@std@@V?$allocator@U?$pair@$$CBKP8CDPLoginSrvr@@AEXAAVCAr@@K@Z@std@@@4@$0A@@std@@@2@PAU342@@Z 00405360 f i DPLoginSrvr.obj
 0001:00004370       ?_Kfn@?$_Tmap_traits@KP8CDPLoginSrvr@@AEXAAVCAr@@K@ZU?$less@K@std@@V?$allocator@U?$pair@$$CBKP8CDPLoginSrvr@@AEXAAVCAr@@K@Z@std@@@4@$0A@@std@@SAABKABU?$pair@$$CBKP8CDPLoginSrvr@@AEXAAVCAr@@K@Z@2@@Z 00405370 f i DPLoginSrvr.obj
 0001:00004380       ??0?$allocator@U?$pair@$$CBKP8CDPLoginSrvr@@AEXAAVCAr@@K@Z@std@@@std@@QAE@XZ 00405380 f i DPLoginSrvr.obj
 0001:00004390       ??8const_iterator@?$_Tree@V?$_Tmap_traits@KP8CDPLoginSrvr@@AEXAAVCAr@@K@ZU?$less@K@std@@V?$allocator@U?$pair@$$CBKP8CDPLoginSrvr@@AEXAAVCAr@@K@Z@std@@@4@$0A@@std@@@std@@QBE_NABV012@@Z 00405390 f i DPLoginSrvr.obj
 0001:000043a0       ?_Mynode@const_iterator@?$_Tree@V?$_Tmap_traits@KP8CDPLoginSrvr@@AEXAAVCAr@@K@ZU?$less@K@std@@V?$allocator@U?$pair@$$CBKP8CDPLoginSrvr@@AEXAAVCAr@@K@Z@std@@@4@$0A@@std@@@std@@QBEPAU_Node@?$_Tree_nod@V?$_Tmap_traits@KP8CDPLoginSrvr@@AEXAAVCAr@@K@ZU?$less@K@std@@V?$allocator@U?$pair@$$CBKP8CDPLoginSrvr@@AEXAAVCAr@@K@Z@std@@@4@$0A@@std@@@3@XZ 004053a0 f i DPLoginSrvr.obj
 0001:000043b0       ??0?$pair@Viterator@?$_Tree@V?$_Tmap_traits@KP8CDPLoginSrvr@@AEXAAVCAr@@K@ZU?$less@K@std@@V?$allocator@U?$pair@$$CBKP8CDPLoginSrvr@@AEXAAVCAr@@K@Z@std@@@4@$0A@@std@@@std@@_N@std@@QAE@ABViterator@?$_Tree@V?$_Tmap_traits@KP8CDPLoginSrvr@@AEXAAVCAr@@K@ZU?$less@K@std@@V?$allocator@U?$pair@$$CBKP8CDPLoginSrvr@@AEXAAVCAr@@K@Z@std@@@4@$0A@@std@@@1@AB_N@Z 004053b0 f i DPLoginSrvr.obj
 0001:000043d0       ?_Color@?$_Tree@V?$_Tmap_traits@KP8CDPLoginSrvr@@AEXAAVCAr@@K@ZU?$less@K@std@@V?$allocator@U?$pair@$$CBKP8CDPLoginSrvr@@AEXAAVCAr@@K@Z@std@@@4@$0A@@std@@@std@@KAAADPAU_Node@?$_Tree_nod@V?$_Tmap_traits@KP8CDPLoginSrvr@@AEXAAVCAr@@K@ZU?$less@K@std@@V?$allocator@U?$pair@$$CBKP8CDPLoginSrvr@@AEXAAVCAr@@K@Z@std@@@4@$0A@@std@@@2@@Z 004053d0 f i DPLoginSrvr.obj
 0001:000043e0       ?_Parent@?$_Tree@V?$_Tmap_traits@KP8CDPLoginSrvr@@AEXAAVCAr@@K@ZU?$less@K@std@@V?$allocator@U?$pair@$$CBKP8CDPLoginSrvr@@AEXAAVCAr@@K@Z@std@@@4@$0A@@std@@@std@@KAAAPAU_Node@?$_Tree_nod@V?$_Tmap_traits@KP8CDPLoginSrvr@@AEXAAVCAr@@K@ZU?$less@K@std@@V?$allocator@U?$pair@$$CBKP8CDPLoginSrvr@@AEXAAVCAr@@K@Z@std@@@4@$0A@@std@@@2@PAU342@@Z 004053e0 f i DPLoginSrvr.obj
 0001:000043f0       ?_Myval@?$_Tree@V?$_Tmap_traits@KP8CDPLoginSrvr@@AEXAAVCAr@@K@ZU?$less@K@std@@V?$allocator@U?$pair@$$CBKP8CDPLoginSrvr@@AEXAAVCAr@@K@Z@std@@@4@$0A@@std@@@std@@KAAAU?$pair@$$CBKP8CDPLoginSrvr@@AEXAAVCAr@@K@Z@2@PAU_Node@?$_Tree_nod@V?$_Tmap_traits@KP8CDPLoginSrvr@@AEXAAVCAr@@K@ZU?$less@K@std@@V?$allocator@U?$pair@$$CBKP8CDPLoginSrvr@@AEXAAVCAr@@K@Z@std@@@4@$0A@@std@@@2@@Z 004053f0 f i DPLoginSrvr.obj
 0001:00004400       ?_Lmost@?$_Tree@V?$_Tmap_traits@KP8CDPLoginSrvr@@AEXAAVCAr@@K@ZU?$less@K@std@@V?$allocator@U?$pair@$$CBKP8CDPLoginSrvr@@AEXAAVCAr@@K@Z@std@@@4@$0A@@std@@@std@@IAEAAPAU_Node@?$_Tree_nod@V?$_Tmap_traits@KP8CDPLoginSrvr@@AEXAAVCAr@@K@ZU?$less@K@std@@V?$allocator@U?$pair@$$CBKP8CDPLoginSrvr@@AEXAAVCAr@@K@Z@std@@@4@$0A@@std@@@2@XZ 00405400 f i DPLoginSrvr.obj
 0001:00004410       ?_Rmost@?$_Tree@V?$_Tmap_traits@KP8CDPLoginSrvr@@AEXAAVCAr@@K@ZU?$less@K@std@@V?$allocator@U?$pair@$$CBKP8CDPLoginSrvr@@AEXAAVCAr@@K@Z@std@@@4@$0A@@std@@@std@@IAEAAPAU_Node@?$_Tree_nod@V?$_Tmap_traits@KP8CDPLoginSrvr@@AEXAAVCAr@@K@ZU?$less@K@std@@V?$allocator@U?$pair@$$CBKP8CDPLoginSrvr@@AEXAAVCAr@@K@Z@std@@@4@$0A@@std@@@2@XZ 00405410 f i DPLoginSrvr.obj
 0001:00004420       ??0?$allocator@U?$pair@$$CBKP8CDPLoginSrvr@@AEXAAVCAr@@K@Z@std@@@std@@QAE@ABV01@@Z 00405420 f i DPLoginSrvr.obj
 0001:00004430       ?deallocate@?$allocator@U_Node@?$_Tree_nod@V?$_Tmap_traits@KP8CDPLoginSrvr@@AEXAAVCAr@@K@ZU?$less@K@std@@V?$allocator@U?$pair@$$CBKP8CDPLoginSrvr@@AEXAAVCAr@@K@Z@std@@@4@$0A@@std@@@std@@@std@@QAEXPAU_Node@?$_Tree_nod@V?$_Tmap_traits@KP8CDPLoginSrvr@@AEXAAVCAr@@K@ZU?$less@K@std@@V?$allocator@U?$pair@$$CBKP8CDPLoginSrvr@@AEXAAVCAr@@K@Z@std@@@4@$0A@@std@@@2@I@Z 00405430 f i DPLoginSrvr.obj
 0001:00004440       ??0const_iterator@?$_Tree@V?$_Tmap_traits@KP8CDPLoginSrvr@@AEXAAVCAr@@K@ZU?$less@K@std@@V?$allocator@U?$pair@$$CBKP8CDPLoginSrvr@@AEXAAVCAr@@K@Z@std@@@4@$0A@@std@@@std@@QAE@PAU_Node@?$_Tree_nod@V?$_Tmap_traits@KP8CDPLoginSrvr@@AEXAAVCAr@@K@ZU?$less@K@std@@V?$allocator@U?$pair@$$CBKP8CDPLoginSrvr@@AEXAAVCAr@@K@Z@std@@@4@$0A@@std@@@2@@Z 00405440 f i DPLoginSrvr.obj
 0001:00004450       ??Dconst_iterator@?$_Tree@V?$_Tmap_traits@KP8CDPLoginSrvr@@AEXAAVCAr@@K@ZU?$less@K@std@@V?$allocator@U?$pair@$$CBKP8CDPLoginSrvr@@AEXAAVCAr@@K@Z@std@@@4@$0A@@std@@@std@@QBEABU?$pair@$$CBKP8CDPLoginSrvr@@AEXAAVCAr@@K@Z@2@XZ 00405450 f i DPLoginSrvr.obj
 0001:00004460       ?_Root@?$_Tree@V?$_Tmap_traits@KP8CDPLoginSrvr@@AEXAAVCAr@@K@ZU?$less@K@std@@V?$allocator@U?$pair@$$CBKP8CDPLoginSrvr@@AEXAAVCAr@@K@Z@std@@@4@$0A@@std@@@std@@IBEAAPAU_Node@?$_Tree_nod@V?$_Tmap_traits@KP8CDPLoginSrvr@@AEXAAVCAr@@K@ZU?$less@K@std@@V?$allocator@U?$pair@$$CBKP8CDPLoginSrvr@@AEXAAVCAr@@K@Z@std@@@4@$0A@@std@@@2@XZ 00405460 f i DPLoginSrvr.obj
 0001:00004470       ?max_size@?$allocator@U?$pair@$$CBKP8CDPLoginSrvr@@AEXAAVCAr@@K@Z@std@@@std@@QBEIXZ 00405470 f i DPLoginSrvr.obj
 0001:00004480       ??0_Node@?$_Tree_nod@V?$_Tmap_traits@KP8CDPLoginSrvr@@AEXAAVCAr@@K@ZU?$less@K@std@@V?$allocator@U?$pair@$$CBKP8CDPLoginSrvr@@AEXAAVCAr@@K@Z@std@@@4@$0A@@std@@@std@@QAE@PAU012@00ABU?$pair@$$CBKP8CDPLoginSrvr@@AEXAAVCAr@@K@Z@2@D@Z 00405480 f i DPLoginSrvr.obj
 0001:000044c0       ?_Nextnode@?$list@PAXV?$allocator@PAX@std@@@std@@KAAAPAU_Node@?$_List_nod@PAXV?$allocator@PAX@std@@@2@PAU342@@Z 004054c0 f i DPLoginSrvr.obj
 0001:000044d0       ?_Prevnode@?$list@PAXV?$allocator@PAX@std@@@std@@KAAAPAU_Node@?$_List_nod@PAXV?$allocator@PAX@std@@@2@PAU342@@Z 004054d0 f i DPLoginSrvr.obj
 0001:000044e0       ?_Max@?$_Tree@V?$_Tmap_traits@KP8CDPLoginSrvr@@AEXAAVCAr@@K@ZU?$less@K@std@@V?$allocator@U?$pair@$$CBKP8CDPLoginSrvr@@AEXAAVCAr@@K@Z@std@@@4@$0A@@std@@@std@@KAPAU_Node@?$_Tree_nod@V?$_Tmap_traits@KP8CDPLoginSrvr@@AEXAAVCAr@@K@ZU?$less@K@std@@V?$allocator@U?$pair@$$CBKP8CDPLoginSrvr@@AEXAAVCAr@@K@Z@std@@@4@$0A@@std@@@2@PAU342@@Z 004054e0 f i DPLoginSrvr.obj
 0001:00004500       ?_Min@?$_Tree@V?$_Tmap_traits@KP8CDPLoginSrvr@@AEXAAVCAr@@K@ZU?$less@K@std@@V?$allocator@U?$pair@$$CBKP8CDPLoginSrvr@@AEXAAVCAr@@K@Z@std@@@4@$0A@@std@@@std@@KAPAU_Node@?$_Tree_nod@V?$_Tmap_traits@KP8CDPLoginSrvr@@AEXAAVCAr@@K@ZU?$less@K@std@@V?$allocator@U?$pair@$$CBKP8CDPLoginSrvr@@AEXAAVCAr@@K@Z@std@@@4@$0A@@std@@@2@PAU342@@Z 00405500 f i DPLoginSrvr.obj
 0001:00004520       ?_Mynode@const_iterator@?$list@PAXV?$allocator@PAX@std@@@std@@QBEPAU_Node@?$_List_nod@PAXV?$allocator@PAX@std@@@3@XZ 00405520 f i DPLoginSrvr.obj
 0001:00004530       ?deallocate@?$allocator@U_Node@?$_List_nod@PAXV?$allocator@PAX@std@@@std@@@std@@QAEXPAU_Node@?$_List_nod@PAXV?$allocator@PAX@std@@@2@I@Z 00405530 f i DPLoginSrvr.obj
 0001:00004540       ??0?$_Tmap_traits@KP8CDPLoginSrvr@@AEXAAVCAr@@K@ZU?$less@K@std@@V?$allocator@U?$pair@$$CBKP8CDPLoginSrvr@@AEXAAVCAr@@K@Z@std@@@4@$0A@@std@@QAE@U?$less@K@1@@Z 00405540 f i DPLoginSrvr.obj
 0001:00004550       ??0const_iterator@?$list@PAXV?$allocator@PAX@std@@@std@@QAE@PAU_Node@?$_List_nod@PAXV?$allocator@PAX@std@@@2@@Z 00405550 f i DPLoginSrvr.obj
 0001:00004560       ??0_Node@?$_List_nod@PAXV?$allocator@PAX@std@@@std@@QAE@PAU012@0ABQAX@Z 00405560 f i DPLoginSrvr.obj
 0001:00004580       ?max_size@?$allocator@PAX@std@@QBEIXZ 00405580 f i DPLoginSrvr.obj
 0001:00004590       ?_Inc@const_iterator@?$_Tree@V?$_Tmap_traits@KP8CDPLoginSrvr@@AEXAAVCAr@@K@ZU?$less@K@std@@V?$allocator@U?$pair@$$CBKP8CDPLoginSrvr@@AEXAAVCAr@@K@Z@std@@@4@$0A@@std@@@std@@QAEXXZ 00405590 f i DPLoginSrvr.obj
 0001:000045f0       ??$_Destroy@PAU_Node@?$_Tree_nod@V?$_Tmap_traits@KP8CDPLoginSrvr@@AEXAAVCAr@@K@ZU?$less@K@std@@V?$allocator@U?$pair@$$CBKP8CDPLoginSrvr@@AEXAAVCAr@@K@Z@std@@@4@$0A@@std@@@std@@@std@@YAXPAPAU_Node@?$_Tree_nod@V?$_Tmap_traits@KP8CDPLoginSrvr@@AEXAAVCAr@@K@ZU?$less@K@std@@V?$allocator@U?$pair@$$CBKP8CDPLoginSrvr@@AEXAAVCAr@@K@Z@std@@@4@$0A@@std@@@0@@Z 004055f0 f i DPLoginSrvr.obj
 0001:00004600       ??$?0U?$pair@$$CBKP8CDPLoginSrvr@@AEXAAVCAr@@K@Z@std@@@?$allocator@PAU_Node@?$_Tree_nod@V?$_Tmap_traits@KP8CDPLoginSrvr@@AEXAAVCAr@@K@ZU?$less@K@std@@V?$allocator@U?$pair@$$CBKP8CDPLoginSrvr@@AEXAAVCAr@@K@Z@std@@@4@$0A@@std@@@std@@@std@@QAE@ABV?$allocator@U?$pair@$$CBKP8CDPLoginSrvr@@AEXAAVCAr@@K@Z@std@@@1@@Z 00405600 f i DPLoginSrvr.obj
 0001:00004610       ??$_Allocate@U_Node@?$_Tree_nod@V?$_Tmap_traits@KP8CDPLoginSrvr@@AEXAAVCAr@@K@ZU?$less@K@std@@V?$allocator@U?$pair@$$CBKP8CDPLoginSrvr@@AEXAAVCAr@@K@Z@std@@@4@$0A@@std@@@std@@@std@@YAPAU_Node@?$_Tree_nod@V?$_Tmap_traits@KP8CDPLoginSrvr@@AEXAAVCAr@@K@ZU?$less@K@std@@V?$allocator@U?$pair@$$CBKP8CDPLoginSrvr@@AEXAAVCAr@@K@Z@std@@@4@$0A@@std@@@0@IPAU120@@Z 00405610 f i DPLoginSrvr.obj
 0001:00004630       ??$?0U?$pair@$$CBKP8CDPLoginSrvr@@AEXAAVCAr@@K@Z@std@@@?$allocator@U_Node@?$_Tree_nod@V?$_Tmap_traits@KP8CDPLoginSrvr@@AEXAAVCAr@@K@ZU?$less@K@std@@V?$allocator@U?$pair@$$CBKP8CDPLoginSrvr@@AEXAAVCAr@@K@Z@std@@@4@$0A@@std@@@std@@@std@@QAE@ABV?$allocator@U?$pair@$$CBKP8CDPLoginSrvr@@AEXAAVCAr@@K@Z@std@@@1@@Z 00405630 f i DPLoginSrvr.obj
 0001:00004640       ??$_Destroy@U_Node@?$_Tree_nod@V?$_Tmap_traits@KP8CDPLoginSrvr@@AEXAAVCAr@@K@ZU?$less@K@std@@V?$allocator@U?$pair@$$CBKP8CDPLoginSrvr@@AEXAAVCAr@@K@Z@std@@@4@$0A@@std@@@std@@@std@@YAXPAU_Node@?$_Tree_nod@V?$_Tmap_traits@KP8CDPLoginSrvr@@AEXAAVCAr@@K@ZU?$less@K@std@@V?$allocator@U?$pair@$$CBKP8CDPLoginSrvr@@AEXAAVCAr@@K@Z@std@@@4@$0A@@std@@@0@@Z 00405640 f i DPLoginSrvr.obj
 0001:00004650       ??$_Construct@PAU_Node@?$_Tree_nod@V?$_Tmap_traits@KP8CDPLoginSrvr@@AEXAAVCAr@@K@ZU?$less@K@std@@V?$allocator@U?$pair@$$CBKP8CDPLoginSrvr@@AEXAAVCAr@@K@Z@std@@@4@$0A@@std@@@std@@PAU123@@std@@YAXPAPAU_Node@?$_Tree_nod@V?$_Tmap_traits@KP8CDPLoginSrvr@@AEXAAVCAr@@K@ZU?$less@K@std@@V?$allocator@U?$pair@$$CBKP8CDPLoginSrvr@@AEXAAVCAr@@K@Z@std@@@4@$0A@@std@@@0@ABQAU120@@Z 00405650 f i DPLoginSrvr.obj
 0001:00004670       ??$_Allocate@U_Node@?$_List_nod@PAXV?$allocator@PAX@std@@@std@@@std@@YAPAU_Node@?$_List_nod@PAXV?$allocator@PAX@std@@@0@IPAU120@@Z 00405670 f i DPLoginSrvr.obj
 0001:00004690       ?GetTickCount@CTickCount@@QAE_JXZ 00405690 f i DPLoginSrvr.obj
 0001:000046c0       ??3CUser@@SAXPAX@Z         004056c0 f i DPLoginSrvr.obj
 0001:00004700       ?OnAddConnection@CDPLoginSrvr@@AAEXAAVCAr@@K@Z 00405700 f   DPLoginSrvr.obj
 0001:00004930       ?OnPing@CDPLoginSrvr@@AAEXAAVCAr@@K@Z 00405930 f   DPLoginSrvr.obj
 0001:00004a80       ?OnAuthQuery@CDPLoginSrvr@@AAEXAAVCAr@@K@Z 00405a80 f   DPLoginSrvr.obj
 0001:00004b30       ?OnQueryTickCount@CDPLoginSrvr@@AAEXAAVCAr@@K@Z 00405b30 f   DPLoginSrvr.obj
 0001:00004c80       ?SendLoginProtect@CDPLoginSrvr@@QAEXHK@Z 00405c80 f   DPLoginSrvr.obj
 0001:00004da0       ??9const_iterator@?$_Tree@V?$_Tmap_traits@KP8CDPLoginSrvr@@AEXAAVCAr@@K@ZU?$less@K@std@@V?$allocator@U?$pair@$$CBKP8CDPLoginSrvr@@AEXAAVCAr@@K@Z@std@@@4@$0A@@std@@@std@@QBE_NABV012@@Z 00405da0 f i DPLoginSrvr.obj
 0001:00004dc0       ?_Key@?$_Tree@V?$_Tmap_traits@KP8CDPLoginSrvr@@AEXAAVCAr@@K@ZU?$less@K@std@@V?$allocator@U?$pair@$$CBKP8CDPLoginSrvr@@AEXAAVCAr@@K@Z@std@@@4@$0A@@std@@@std@@KAABKPAU_Node@?$_Tree_nod@V?$_Tmap_traits@KP8CDPLoginSrvr@@AEXAAVCAr@@K@ZU?$less@K@std@@V?$allocator@U?$pair@$$CBKP8CDPLoginSrvr@@AEXAAVCAr@@K@Z@std@@@4@$0A@@std@@@2@@Z 00405dc0 f i DPLoginSrvr.obj
 0001:00004dd0       ?_Root@?$_Tree@V?$_Tmap_traits@KP8CDPLoginSrvr@@AEXAAVCAr@@K@ZU?$less@K@std@@V?$allocator@U?$pair@$$CBKP8CDPLoginSrvr@@AEXAAVCAr@@K@Z@std@@@4@$0A@@std@@@std@@IAEAAPAU_Node@?$_Tree_nod@V?$_Tmap_traits@KP8CDPLoginSrvr@@AEXAAVCAr@@K@ZU?$less@K@std@@V?$allocator@U?$pair@$$CBKP8CDPLoginSrvr@@AEXAAVCAr@@K@Z@std@@@4@$0A@@std@@@2@XZ 00405dd0 f i DPLoginSrvr.obj
 0001:00004de0       ??0iterator@?$_Tree@V?$_Tmap_traits@KP8CDPLoginSrvr@@AEXAAVCAr@@K@ZU?$less@K@std@@V?$allocator@U?$pair@$$CBKP8CDPLoginSrvr@@AEXAAVCAr@@K@Z@std@@@4@$0A@@std@@@std@@QAE@PAU_Node@?$_Tree_nod@V?$_Tmap_traits@KP8CDPLoginSrvr@@AEXAAVCAr@@K@ZU?$less@K@std@@V?$allocator@U?$pair@$$CBKP8CDPLoginSrvr@@AEXAAVCAr@@K@Z@std@@@4@$0A@@std@@@2@@Z 00405de0 f i DPLoginSrvr.obj
 0001:00004df0       ??Diterator@?$_Tree@V?$_Tmap_traits@KP8CDPLoginSrvr@@AEXAAVCAr@@K@ZU?$less@K@std@@V?$allocator@U?$pair@$$CBKP8CDPLoginSrvr@@AEXAAVCAr@@K@Z@std@@@4@$0A@@std@@@std@@QBEAAU?$pair@$$CBKP8CDPLoginSrvr@@AEXAAVCAr@@K@Z@2@XZ 00405df0 f i DPLoginSrvr.obj
 0001:00004e00       ?max_size@?$_Tree@V?$_Tmap_traits@KP8CDPLoginSrvr@@AEXAAVCAr@@K@ZU?$less@K@std@@V?$allocator@U?$pair@$$CBKP8CDPLoginSrvr@@AEXAAVCAr@@K@Z@std@@@4@$0A@@std@@@std@@QBEIXZ 00405e00 f i DPLoginSrvr.obj
 0001:00004e10       ?_Lbound@?$_Tree@V?$_Tmap_traits@KP8CDPLoginSrvr@@AEXAAVCAr@@K@ZU?$less@K@std@@V?$allocator@U?$pair@$$CBKP8CDPLoginSrvr@@AEXAAVCAr@@K@Z@std@@@4@$0A@@std@@@std@@IBEPAU_Node@?$_Tree_nod@V?$_Tmap_traits@KP8CDPLoginSrvr@@AEXAAVCAr@@K@ZU?$less@K@std@@V?$allocator@U?$pair@$$CBKP8CDPLoginSrvr@@AEXAAVCAr@@K@Z@std@@@4@$0A@@std@@@2@ABK@Z 00405e10 f i DPLoginSrvr.obj
 0001:00004e40       ?_Lrotate@?$_Tree@V?$_Tmap_traits@KP8CDPLoginSrvr@@AEXAAVCAr@@K@ZU?$less@K@std@@V?$allocator@U?$pair@$$CBKP8CDPLoginSrvr@@AEXAAVCAr@@K@Z@std@@@4@$0A@@std@@@std@@IAEXPAU_Node@?$_Tree_nod@V?$_Tmap_traits@KP8CDPLoginSrvr@@AEXAAVCAr@@K@ZU?$less@K@std@@V?$allocator@U?$pair@$$CBKP8CDPLoginSrvr@@AEXAAVCAr@@K@Z@std@@@4@$0A@@std@@@2@@Z 00405e40 f i DPLoginSrvr.obj
 0001:00004ea0       ?_Rrotate@?$_Tree@V?$_Tmap_traits@KP8CDPLoginSrvr@@AEXAAVCAr@@K@ZU?$less@K@std@@V?$allocator@U?$pair@$$CBKP8CDPLoginSrvr@@AEXAAVCAr@@K@Z@std@@@4@$0A@@std@@@std@@IAEXPAU_Node@?$_Tree_nod@V?$_Tmap_traits@KP8CDPLoginSrvr@@AEXAAVCAr@@K@ZU?$less@K@std@@V?$allocator@U?$pair@$$CBKP8CDPLoginSrvr@@AEXAAVCAr@@K@Z@std@@@4@$0A@@std@@@2@@Z 00405ea0 f i DPLoginSrvr.obj
 0001:00004f00       ?destroy@?$allocator@PAU_Node@?$_Tree_nod@V?$_Tmap_traits@KP8CDPLoginSrvr@@AEXAAVCAr@@K@ZU?$less@K@std@@V?$allocator@U?$pair@$$CBKP8CDPLoginSrvr@@AEXAAVCAr@@K@Z@std@@@4@$0A@@std@@@std@@@std@@QAEXPAPAU_Node@?$_Tree_nod@V?$_Tmap_traits@KP8CDPLoginSrvr@@AEXAAVCAr@@K@ZU?$less@K@std@@V?$allocator@U?$pair@$$CBKP8CDPLoginSrvr@@AEXAAVCAr@@K@Z@std@@@4@$0A@@std@@@2@@Z 00405f00 f i DPLoginSrvr.obj
 0001:00004f10       ?allocate@?$allocator@U_Node@?$_Tree_nod@V?$_Tmap_traits@KP8CDPLoginSrvr@@AEXAAVCAr@@K@ZU?$less@K@std@@V?$allocator@U?$pair@$$CBKP8CDPLoginSrvr@@AEXAAVCAr@@K@Z@std@@@4@$0A@@std@@@std@@@std@@QAEPAU_Node@?$_Tree_nod@V?$_Tmap_traits@KP8CDPLoginSrvr@@AEXAAVCAr@@K@ZU?$less@K@std@@V?$allocator@U?$pair@$$CBKP8CDPLoginSrvr@@AEXAAVCAr@@K@Z@std@@@4@$0A@@std@@@2@I@Z 00405f10 f i DPLoginSrvr.obj
 0001:00004f30       ?_Dec@const_iterator@?$_Tree@V?$_Tmap_traits@KP8CDPLoginSrvr@@AEXAAVCAr@@K@ZU?$less@K@std@@V?$allocator@U?$pair@$$CBKP8CDPLoginSrvr@@AEXAAVCAr@@K@Z@std@@@4@$0A@@std@@@std@@QAEXXZ 00405f30 f i DPLoginSrvr.obj
 0001:00004f90       ??0?$_Tree_nod@V?$_Tmap_traits@KP8CDPLoginSrvr@@AEXAAVCAr@@K@ZU?$less@K@std@@V?$allocator@U?$pair@$$CBKP8CDPLoginSrvr@@AEXAAVCAr@@K@Z@std@@@4@$0A@@std@@@std@@IAE@ABU?$less@K@1@V?$allocator@U?$pair@$$CBKP8CDPLoginSrvr@@AEXAAVCAr@@K@Z@std@@@1@@Z 00405f90 f i DPLoginSrvr.obj
 0001:00004fa0       ?destroy@?$allocator@U_Node@?$_Tree_nod@V?$_Tmap_traits@KP8CDPLoginSrvr@@AEXAAVCAr@@K@ZU?$less@K@std@@V?$allocator@U?$pair@$$CBKP8CDPLoginSrvr@@AEXAAVCAr@@K@Z@std@@@4@$0A@@std@@@std@@@std@@QAEXPAU_Node@?$_Tree_nod@V?$_Tmap_traits@KP8CDPLoginSrvr@@AEXAAVCAr@@K@ZU?$less@K@std@@V?$allocator@U?$pair@$$CBKP8CDPLoginSrvr@@AEXAAVCAr@@K@Z@std@@@4@$0A@@std@@@2@@Z 00405fa0 f i DPLoginSrvr.obj
 0001:00004fb0       ?construct@?$allocator@PAU_Node@?$_Tree_nod@V?$_Tmap_traits@KP8CDPLoginSrvr@@AEXAAVCAr@@K@ZU?$less@K@std@@V?$allocator@U?$pair@$$CBKP8CDPLoginSrvr@@AEXAAVCAr@@K@Z@std@@@4@$0A@@std@@@std@@@std@@QAEXPAPAU_Node@?$_Tree_nod@V?$_Tmap_traits@KP8CDPLoginSrvr@@AEXAAVCAr@@K@ZU?$less@K@std@@V?$allocator@U?$pair@$$CBKP8CDPLoginSrvr@@AEXAAVCAr@@K@Z@std@@@4@$0A@@std@@@2@ABQAU342@@Z 00405fb0 f i DPLoginSrvr.obj
 0001:00004fd0       ??0iterator@?$list@PAXV?$allocator@PAX@std@@@std@@QAE@PAU_Node@?$_List_nod@PAXV?$allocator@PAX@std@@@2@@Z 00405fd0 f i DPLoginSrvr.obj
 0001:00004fe0       ?max_size@?$list@PAXV?$allocator@PAX@std@@@std@@QBEIXZ 00405fe0 f i DPLoginSrvr.obj
 0001:00004ff0       ?allocate@?$allocator@U_Node@?$_List_nod@PAXV?$allocator@PAX@std@@@std@@@std@@QAEPAU_Node@?$_List_nod@PAXV?$allocator@PAX@std@@@2@I@Z 00405ff0 f i DPLoginSrvr.obj
 0001:00005010       ??Econst_iterator@?$_Tree@V?$_Tmap_traits@KP8CDPLoginSrvr@@AEXAAVCAr@@K@ZU?$less@K@std@@V?$allocator@U?$pair@$$CBKP8CDPLoginSrvr@@AEXAAVCAr@@K@Z@std@@@4@$0A@@std@@@std@@QAEAAV012@XZ 00406010 f i DPLoginSrvr.obj
 0001:00005020       ?OnPreJoin@CDPLoginSrvr@@AAEXAAVCAr@@K@Z 00406020 f   DPLoginSrvr.obj
 0001:000051f0       ?end@?$_Tree@V?$_Tmap_traits@KP8CDPLoginSrvr@@AEXAAVCAr@@K@ZU?$less@K@std@@V?$allocator@U?$pair@$$CBKP8CDPLoginSrvr@@AEXAAVCAr@@K@Z@std@@@4@$0A@@std@@@std@@QAE?AViterator@12@XZ 004061f0 f i DPLoginSrvr.obj
 0001:00005200       ??Citerator@?$_Tree@V?$_Tmap_traits@KP8CDPLoginSrvr@@AEXAAVCAr@@K@ZU?$less@K@std@@V?$allocator@U?$pair@$$CBKP8CDPLoginSrvr@@AEXAAVCAr@@K@Z@std@@@4@$0A@@std@@@std@@QBEPAU?$pair@$$CBKP8CDPLoginSrvr@@AEXAAVCAr@@K@Z@2@XZ 00406200 f i DPLoginSrvr.obj
 0001:00005210       ?begin@?$_Tree@V?$_Tmap_traits@KP8CDPLoginSrvr@@AEXAAVCAr@@K@ZU?$less@K@std@@V?$allocator@U?$pair@$$CBKP8CDPLoginSrvr@@AEXAAVCAr@@K@Z@std@@@4@$0A@@std@@@std@@QAE?AViterator@12@XZ 00406210 f i DPLoginSrvr.obj
 0001:00005220       ?lower_bound@?$_Tree@V?$_Tmap_traits@KP8CDPLoginSrvr@@AEXAAVCAr@@K@ZU?$less@K@std@@V?$allocator@U?$pair@$$CBKP8CDPLoginSrvr@@AEXAAVCAr@@K@Z@std@@@4@$0A@@std@@@std@@QAE?AViterator@12@ABK@Z 00406220 f i DPLoginSrvr.obj
 0001:00005260       ?_Buynode@?$_Tree@V?$_Tmap_traits@KP8CDPLoginSrvr@@AEXAAVCAr@@K@ZU?$less@K@std@@V?$allocator@U?$pair@$$CBKP8CDPLoginSrvr@@AEXAAVCAr@@K@Z@std@@@4@$0A@@std@@@std@@IAEPAU_Node@?$_Tree_nod@V?$_Tmap_traits@KP8CDPLoginSrvr@@AEXAAVCAr@@K@ZU?$less@K@std@@V?$allocator@U?$pair@$$CBKP8CDPLoginSrvr@@AEXAAVCAr@@K@Z@std@@@4@$0A@@std@@@2@PAU342@00ABU?$pair@$$CBKP8CDPLoginSrvr@@AEXAAVCAr@@K@Z@2@D@Z 00406260 f i DPLoginSrvr.obj
[...]
 0001:00056091       $L186578                   00457091 f   nafxcw:wingdi.obj
 0001:00056099       __ehhandler$??0CBrush@@QAE@K@Z 00457099 f   nafxcw:wingdi.obj
 0001:000560a3       $L186592                   004570a3 f   nafxcw:wingdi.obj
 0001:000560ab       __ehhandler$??0CBrush@@QAE@HK@Z 004570ab f   nafxcw:wingdi.obj
 0001:000560b5       $L186606                   004570b5 f   nafxcw:wingdi.obj
 0001:000560bd       __ehhandler$??0CBrush@@QAE@PAVCBitmap@@@Z 004570bd f   nafxcw:wingdi.obj
 0001:000560c7       $L186666                   004570c7 f   nafxcw:wingdi.obj
 0001:000560cf       $L186667                   004570cf f   nafxcw:wingdi.obj
 0001:000560d7       $L186668                   004570d7 f   nafxcw:wingdi.obj
 0001:000560df       $L186669                   004570df f   nafxcw:wingdi.obj
 0001:000560e7       $L186670                   004570e7 f   nafxcw:wingdi.obj
 0001:000560ef       __ehhandler$?AfxGetGrayBitmap@@YGXABVCBitmap@@PAV1@K@Z 004570ef f   nafxcw:wingdi.obj
 0001:000560f9       $L186965                   004570f9 f   nafxcw:wingdi.obj
 0001:00056101       $L186966                   00457101 f   nafxcw:wingdi.obj
 0001:00056109       $L186967                   00457109 f   nafxcw:wingdi.obj
 0001:00056111       $L186968                   00457111 f   nafxcw:wingdi.obj
 0001:00056119       $L186969                   00457119 f   nafxcw:wingdi.obj
 0001:00056121       __ehhandler$?AfxDrawGrayBitmap@@YGXPAVCDC@@HHABVCBitmap@@K@Z 00457121 f   nafxcw:wingdi.obj
 0001:0005612b       $L187175                   0045712b f   nafxcw:wingdi.obj
 0001:00056133       $L187176                   00457133 f   nafxcw:wingdi.obj
 0001:0005613b       $L187177                   0045713b f   nafxcw:wingdi.obj
 0001:00056143       $L187178                   00457143 f   nafxcw:wingdi.obj
 0001:0005614b       $L187179                   0045714b f   nafxcw:wingdi.obj
 0001:00056153       __ehhandler$?AfxGetDitheredBitmap@@YGXABVCBitmap@@PAV1@KK@Z 00457153 f   nafxcw:wingdi.obj
 0001:0005615d       $L187525                   0045715d f   nafxcw:wingdi.obj
 0001:00056165       $L187526                   00457165 f   nafxcw:wingdi.obj
 0001:0005616d       $L187527                   0045716d f   nafxcw:wingdi.obj
 0001:00056175       $L187528                   00457175 f   nafxcw:wingdi.obj
 0001:0005617d       __ehhandler$?AfxDrawDitheredBitmap@@YGXPAVCDC@@HHABVCBitmap@@KK@Z 0045717d f   nafxcw:wingdi.obj
 0001:00056187       __ehhandler$?Alloc@CFixedAlloc@@QAEPAXXZ 00457187 f   nafxcw:fixalloc.obj
 0001:00056191       $L184810                   00457191 f   nafxcw:winmenu.obj
 0001:0005619b       __ehhandler$?afxMapHMENU@@YGPAVCHandleMap@@H@Z 0045719b f   nafxcw:winmenu.obj
 0001:000561a5       $L184916                   004571a5 f   nafxcw:winmenu.obj
 0001:000561b0       $L184917                   004571b0 f   nafxcw:winmenu.obj
 0001:000561be       __ehhandler$??0CChevronOwnerDrawMenu@@QAE@XZ 004571be f   nafxcw:winmenu.obj
 0001:000561c8       $L184966                   004571c8 f   nafxcw:winmenu.obj
 0001:000561d0       __ehhandler$??1CChevronOwnerDrawMenu@@UAE@XZ 004571d0 f   nafxcw:winmenu.obj
 0001:000561da       $L185004                   004571da f   nafxcw:winmenu.obj
 0001:000561e2       $L185005                   004571e2 f   nafxcw:winmenu.obj
 0001:000561ea       $L185006                   004571ea f   nafxcw:winmenu.obj
 0001:000561f2       __ehhandler$?DrawItem@CChevronOwnerDrawMenu@@UAEXPAUtagDRAWITEMSTRUCT@@@Z 004571f2 f   nafxcw:winmenu.obj
 0001:000561fc       $L185279                   004571fc f   nafxcw:winmenu.obj
 0001:00056204       $L185280                   00457204 f   nafxcw:winmenu.obj
 0001:0005620c       __ehhandler$?MeasureItem@CChevronOwnerDrawMenu@@UAEXPAUtagMEASUREITEMSTRUCT@@@Z 0045720c f   nafxcw:winmenu.obj
 0001:00056216       $L184858                   00457216 f   nafxcw:appcore.obj
 0001:00056220       __ehhandler$?LoadStdProfileSettings@CWinApp@@IAEXI@Z 00457220 f   nafxcw:appcore.obj
 0001:0005622a       $L184902                   0045722a f   nafxcw:appcore.obj
 0001:00056232       __ehhandler$??1CWinApp@@UAE@XZ 00457232 f   nafxcw:appcore.obj
 0001:0005623c       $L185271                   0045723c f   nafxcw:appcore.obj
 0001:00056244       __ehhandler$??0CWinApp@@QAE@PBD@Z 00457244 f   nafxcw:appcore.obj
 0001:0005624e       $L184482                   0045724e f   nafxcw:wingdix.obj
 0001:00056256       $L184483                   00457256 f   nafxcw:wingdix.obj
 0001:0005625e       $L184484                   0045725e f   nafxcw:wingdix.obj
 0001:00056266       $L184485                   00457266 f   nafxcw:wingdix.obj
 0001:0005626e       $L184486                   0045726e f   nafxcw:wingdix.obj
 0001:00056276       __ehhandler$?DrawDragRect@CDC@@QAEXPBUtagRECT@@UtagSIZE@@01PAVCBrush@@2@Z 00457276 f   nafxcw:wingdix.obj
 0001:00056280       $L184849                   00457280 f   nafxcw:appui3.obj
 0001:0005628b       __ehhandler$?GetProfileStringA@CWinApp@@QAE?AV?$CStringT@DV?$StrTraitMFC@DV?$ChTraitsCRT@D@ATL@@@@@ATL@@PBD00@Z 0045728b f   nafxcw:appui3.obj
 0001:00056295       $L184947                   00457295 f   nafxcw:appui3.obj
 0001:0005629d       __ehhandler$?GetProfileBinary@CWinApp@@QAEHPBD0PAPAEPAI@Z 0045729d f   nafxcw:appui3.obj
 0001:000562a7       $L185049                   004572a7 f   nafxcw:filelist.obj
 0001:000562af       __ehhandler$??HATL@@YA?AV?$CStringT@DV?$StrTraitMFC@DV?$ChTraitsCRT@D@ATL@@@@@0@ABV10@0@Z 004572af f   nafxcw:filelist.obj
 0001:000562b9       $L185169                   004572b9 f   nafxcw:filelist.obj
 0001:000562c1       __ehhandler$?ReadList@CRecentFileList@@UAEXXZ 004572c1 f   nafxcw:filelist.obj
 0001:000562cb       $L185232                   004572cb f   nafxcw:filelist.obj
 0001:000562d6       $L185233                   004572d6 f   nafxcw:filelist.obj
 0001:000562e1       $L185234                   004572e1 f   nafxcw:filelist.obj
 0001:000562ec       __ehhandler$??0CRecentFileList@@QAE@IPBD0HH@Z 004572ec f   nafxcw:filelist.obj
 0001:000562f6       $L185317                   004572f6 f   nafxcw:filelist.obj
 0001:00056301       $L185318                   00457301 f   nafxcw:filelist.obj
 0001:0005630c       $L185319                   0045730c f   nafxcw:filelist.obj
 0001:00056317       __ehhandler$?UpdateMenu@CRecentFileList@@UAEXPAVCCmdUI@@@Z 00457317 f   nafxcw:filelist.obj
 0001:00056321       $L184559                   00457321 f   nafxcw:appui2.obj
 0001:0005632a       $L184558                   0045732a f   nafxcw:appui2.obj
 0001:00056333       __ehhandler$?ProcessShellCommand@CWinApp@@QAEHAAVCCommandLineInfo@@@Z 00457333 f   nafxcw:appui2.obj
 0001:0005633d       $L184603                   0045733d f   nafxcw:appui2.obj
 0001:00056346       __ehhandler$?AddDocTemplate@CWinApp@@QAEXPAVCDocTemplate@@@Z 00457346 f   nafxcw:appui2.obj
 0001:00056350       $L184878                   00457350 f   nafxcw:appui2.obj
 0001:00056358       __ehhandler$??HATL@@YA?AV?$CStringT@DV?$StrTraitMFC@DV?$ChTraitsCRT@D@ATL@@@@@0@ABV10@PBD@Z 00457358 f   nafxcw:appui2.obj
 0001:00056362       $L185016                   00457362 f   nafxcw:appui2.obj
 0001:0005636d       __ehhandler$?AfxDelRegTreeHelper@@YGJPAUHKEY__@@ABV?$CStringT@DV?$StrTraitMFC@DV?$ChTraitsCRT@D@ATL@@@@@ATL@@@Z 0045736d f   nafxcw:appui2.obj
 0001:00056377       $L185058                   00457377 f   nafxcw:appui2.obj
 0001:0005637f       $L185059                   0045737f f   nafxcw:appui2.obj
 0001:00056387       __ehhandler$?EnableShellOpen@CWinApp@@IAEXXZ 00457387 f   nafxcw:appui2.obj
 0001:00056391       $L185150                   00457391 f   nafxcw:appui2.obj
 0001:0005639c       $L185151                   0045739c f   nafxcw:appui2.obj
 0001:000563a7       $L185152                   004573a7 f   nafxcw:appui2.obj
 0001:000563b2       __ehhandler$?Unregister@CWinApp@@UAEHXZ 004573b2 f   nafxcw:appui2.obj
 0001:000563bc       $L185142                   004573bc f   nafxcw:filecore.obj
 0001:000563c7       __ehhandler$??1CFile@@UAE@XZ 004573c7 f   nafxcw:filecore.obj
 0001:000563d1       $L185311                   004573d1 f   nafxcw:filecore.obj
 0001:000563dc       __ehhandler$?AfxFullPath@@YGHPADPBD@Z 004573dc f   nafxcw:filecore.obj
 0001:000563e6       $L185486                   004573e6 f   nafxcw:filecore.obj
 0001:000563f1       __ehhandler$??0CFileException@@QAE@HJPBD@Z 004573f1 f   nafxcw:filecore.obj
 0001:000563fb       $L185539                   004573fb f   nafxcw:filecore.obj
 0001:00056406       $L185540                   00457406 f   nafxcw:filecore.obj
 0001:0005640e       __ehhandler$??0CFile@@QAE@PBDI@Z 0045740e f   nafxcw:filecore.obj
 0001:00056418       $L185606                   00457418 f   nafxcw:filecore.obj
 0001:00056420       $L185607                   00457420 f   nafxcw:filecore.obj
 0001:00056428       __ehhandler$?GetClassObject@AFX_COM@@QAEJABU_GUID@@0PAPAX@Z 00457428 f   nafxcw:filecore.obj
 0001:00056432       $L184751                   00457432 f   nafxcw:filex.obj
 0001:0005643a       $L184752                   0045743a f   nafxcw:filex.obj
 0001:00056442       __ehhandler$?GetErrorMessage@CFileException@@UAEHPADIPAI@Z 00457442 f   nafxcw:filex.obj
 0001:0005644c       $L184929                   0045744c f   nafxcw:filex.obj
 0001:00056455       __ehhandler$?AfxThrowFileException@@YGXHJPBD@Z 00457455 f   nafxcw:filex.obj
 0001:0005645f       $L185393                   0045745f f   nafxcw:docmgr.obj
 0001:0005646a       __ehhandler$?OnFileNew@CDocManager@@UAEXXZ 0045746a f   nafxcw:docmgr.obj
 0001:00056474       $L185466                   00457474 f   nafxcw:docmgr.obj
 0001:0005647f       __ehhandler$??1CDocManager@@UAE@XZ 0045747f f   nafxcw:docmgr.obj
 0001:00056489       $L185778                   00457489 f   nafxcw:docmgr.obj
 0001:00056491       __ehhandler$?OnInitDialog@CNewTypeDlg@@MAEHXZ 00457491 f   nafxcw:docmgr.obj
 0001:0005649b       $L185891                   0045749b f   nafxcw:docmgr.obj
 0001:000564a3       __ehhandler$?OnFileOpen@CDocManager@@UAEXXZ 004574a3 f   nafxcw:docmgr.obj
 0001:000564ad       $L186403                   004574ad f   nafxcw:docmgr.obj
 0001:000564b5       $L186404                   004574b5 f   nafxcw:docmgr.obj
 0001:000564bd       $L186405                   004574bd f   nafxcw:docmgr.obj
 0001:000564c5       $L186406                   004574c5 f   nafxcw:docmgr.obj
 0001:000564cd       $L186407                   004574cd f   nafxcw:docmgr.obj
 0001:000564d5       __ehhandler$?UnregisterShellFileTypes@CDocManager@@QAEXXZ 004574d5 f   nafxcw:docmgr.obj
 0001:000564df       $L186811                   004574df f   nafxcw:docmgr.obj
 0001:000564e7       $L186812                   004574e7 f   nafxcw:docmgr.obj
 0001:000564ef       $L186813                   004574ef f   nafxcw:docmgr.obj
 0001:000564f7       $L186814                   004574f7 f   nafxcw:docmgr.obj
 0001:000564ff       __ehhandler$?_AfxAppendFilterSuffix@@YGXAAV?$CStringT@DV?$StrTraitMFC@DV?$ChTraitsCRT@D@ATL@@@@@ATL@@AAUtagOFNA@@PAVCDocTemplate@@PAV12@@Z 004574ff f   nafxcw:docmgr.obj
 0001:00056509       $L187079                   00457509 f   nafxcw:docmgr.obj
 0001:00056511       $L187080                   00457511 f   nafxcw:docmgr.obj
 0001:00056519       $L187081                   00457519 f   nafxcw:docmgr.obj
 0001:00056521       $L187082                   00457521 f   nafxcw:docmgr.obj
 0001:00056529       $L187083                   00457529 f   nafxcw:docmgr.obj
 0001:00056531       $L187084                   00457531 f   nafxcw:docmgr.obj
 0001:00056539       $L187085                   00457539 f   nafxcw:docmgr.obj
 0001:00056541       $L187086                   00457541 f   nafxcw:docmgr.obj
 0001:00056549       $L187087                   00457549 f   nafxcw:docmgr.obj
 0001:00056551       $L187088                   00457551 f   nafxcw:docmgr.obj
 0001:00056559       __ehhandler$?RegisterShellFileTypes@CDocManager@@UAEXH@Z 00457559 f   nafxcw:docmgr.obj
 0001:00056563       $L188823                   00457563 f   nafxcw:docmgr.obj
 0001:0005656e       $L188824                   0045756e f   nafxcw:docmgr.obj
 0001:00056579       $L188825                   00457579 f   nafxcw:docmgr.obj
 0001:00056584       $L188826                   00457584 f   nafxcw:docmgr.obj
 0001:0005658f       $L188827                   0045758f f   nafxcw:docmgr.obj
 0001:0005659a       __ehhandler$?DoPromptFileName@CDocManager@@UAEHAAV?$CStringT@DV?$StrTraitMFC@DV?$ChTraitsCRT@D@ATL@@@@@ATL@@IKHPAVCDocTemplate@@@Z 0045759a f   nafxcw:docmgr.obj
 0001:000565a4       $L189152                   004575a4 f   nafxcw:docmgr.obj
 0001:000565ac       $L189153                   004575ac f   nafxcw:docmgr.obj
 0001:000565b4       $L189155                   004575b4 f   nafxcw:docmgr.obj
 0001:000565bc       $L189157                   004575bc f   nafxcw:docmgr.obj
 0001:000565c4       $L189159                   004575c4 f   nafxcw:docmgr.obj
 0001:000565cc       $L189160                   004575cc f   nafxcw:docmgr.obj
 0001:000565d4       $L189161                   004575d4 f   nafxcw:docmgr.obj
 0001:000565dc       $L189163                   004575dc f   nafxcw:docmgr.obj
 0001:000565e4       $L189164                   004575e4 f   nafxcw:docmgr.obj
 0001:000565ec       $L189165                   004575ec f   nafxcw:docmgr.obj
 0001:000565f4       $L189167                   004575f4 f   nafxcw:docmgr.obj
 0001:000565fc       $L189168                   004575fc f   nafxcw:docmgr.obj
 0001:00056604       $L189169                   00457604 f   nafxcw:docmgr.obj
 0001:0005660c       $L189171                   0045760c f   nafxcw:docmgr.obj
 0001:00056614       $L189172                   00457614 f   nafxcw:docmgr.obj
 0001:0005661c       $L189173                   0045761c f   nafxcw:docmgr.obj
 0001:00056624       __ehhandler$?OnDDECommand@CDocManager@@UAEHPAD@Z 00457624 f   nafxcw:docmgr.obj
 0001:0005662e       $L185386                   0045762e f   nafxcw:filest.obj
 0001:00056639       __ehhandler$?GetFileName@CFile@@UBE?AV?$CStringT@DV?$StrTraitMFC@DV?$ChTraitsCRT@D@ATL@@@@@ATL@@XZ 00457639 f   nafxcw:filest.obj
 0001:00056643       $L185483                   00457643 f   nafxcw:filest.obj
 0001:0005664e       __ehhandler$?GetFileTitle@CFile@@UBE?AV?$CStringT@DV?$StrTraitMFC@DV?$ChTraitsCRT@D@ATL@@@@@ATL@@XZ 0045764e f   nafxcw:filest.obj
 0001:00056658       $L193410                   00457658 f   nafxcw:dlgcore.obj
 0001:00056660       __ehhandler$??1CDialog@@UAE@XZ 00457660 f   nafxcw:dlgcore.obj
 0001:0005666a       $L193425                   0045766a f   nafxcw:dlgcore.obj
 0001:00056672       __ehhandler$?OnPaint@CDialog@@IAEXXZ 00457672 f   nafxcw:dlgcore.obj
 0001:0005667c       $L193709                   0045767c f   nafxcw:dlgcore.obj
 0001:00056684       $L193710                   00457684 f   nafxcw:dlgcore.obj
 0001:0005668c       __ehhandler$?CreateDlgIndirect@CWnd@@IAEHPBUDLGTEMPLATE@@PAV1@PAUHINSTANCE__@@@Z 0045768c f   nafxcw:dlgcore.obj
 0001:00056696       __ehhandler$?DoModal@CDialog@@UAEHXZ 00457696 f   nafxcw:dlgcore.obj
 0001:000566a0       $L185189                   004576a0 f   nafxcw:dlgfile.obj
 0001:000566a8       __ehhandler$?GetFolderPath@CFileDialog@@QBE?AV?$CStringT@DV?$StrTraitMFC@DV?$ChTraitsCRT@D@ATL@@@@@ATL@@XZ 004576a8 f   nafxcw:dlgfile.obj
 0001:000566b2       $L185428                   004576b2 f   nafxcw:dlgfile.obj
 0001:000566ba       __ehhandler$??HATL@@YA?AV?$CStringT@DV?$StrTraitMFC@DV?$ChTraitsCRT@D@ATL@@@@@0@ABV10@D@Z 004576ba f   nafxcw:dlgfile.obj
 0001:000566c4       $L185522                   004576c4 f   nafxcw:dlgfile.obj
 0001:000566cf       $L185523                   004576cf f   nafxcw:dlgfile.obj
 0001:000566dd       __ehhandler$??0CFileDialog@@QAE@HPBD0K0PAVCWnd@@K@Z 004576dd f   nafxcw:dlgfile.obj
 0001:000566e7       $L185639                   004576e7 f   nafxcw:dlgfile.obj
 0001:000566ef       __ehhandler$?GetPathName@CFileDialog@@QBE?AV?$CStringT@DV?$StrTraitMFC@DV?$ChTraitsCRT@D@ATL@@@@@ATL@@XZ 004576ef f   nafxcw:dlgfile.obj
 0001:000566f9       $L185768                   004576f9 f   nafxcw:dlgfile.obj
 0001:00056701       __ehhandler$?GetFileName@CFileDialog@@QBE?AV?$CStringT@DV?$StrTraitMFC@DV?$ChTraitsCRT@D@ATL@@@@@ATL@@XZ 00457701 f   nafxcw:dlgfile.obj
 0001:0005670b       $L185870                   0045770b f   nafxcw:dlgfile.obj
 0001:00056713       __ehhandler$?GetFileExt@CFileDialog@@QBE?AV?$CStringT@DV?$StrTraitMFC@DV?$ChTraitsCRT@D@ATL@@@@@ATL@@XZ 00457713 f   nafxcw:dlgfile.obj
 0001:0005671d       $L185986                   0045771d f   nafxcw:dlgfile.obj
 0001:00056725       __ehhandler$?GetFileTitle@CFileDialog@@QBE?AV?$CStringT@DV?$StrTraitMFC@DV?$ChTraitsCRT@D@ATL@@@@@ATL@@XZ 00457725 f   nafxcw:dlgfile.obj
 0001:0005672f       $L186025                   0045772f f   nafxcw:dlgfile.obj
 0001:00056737       $L186026                   00457737 f   nafxcw:dlgfile.obj
 0001:0005673f       $L186027                   0045773f f   nafxcw:dlgfile.obj
 0001:00056747       $L186028                   00457747 f   nafxcw:dlgfile.obj
 0001:0005674f       $L186029                   0045774f f   nafxcw:dlgfile.obj
 0001:00056757       __ehhandler$?GetNextPathName@CFileDialog@@QBE?AV?$CStringT@DV?$StrTraitMFC@DV?$ChTraitsCRT@D@ATL@@@@@ATL@@AAPAU__POSITION@@@Z 00457757 f   nafxcw:dlgfile.obj
 0001:00056761       $L184740                   00457761 f   nafxcw:dlgtempl.obj
 0001:00056769       __ehhandler$?GetSizeInPixels@CDialogTemplate@@QBEXPAUtagSIZE@@@Z 00457769 f   nafxcw:dlgtempl.obj
 0001:00056773       $L11665                    00457773 f   libcpmt:string.obj
 0001:0005677b       __ehhandler$?_Xran@_String_base@std@@QBEXXZ 0045777b f   libcpmt:string.obj
 0001:00056785       $L11876                    00457785 f   libcpmt:string.obj
 0001:0005678d       __ehhandler$?_Xlen@_String_base@std@@QBEXXZ 0045778d f   libcpmt:string.obj
 0001:000567a0       _$E1                       004577a0 f   DPCoreClient.obj
 0001:000567c0       _$E1                       004577c0 f   DPDatabaseClient.obj
 0001:000567e0       _$E1                       004577e0 f   DPLoginSrvr.obj
 0001:00056800       _$E1                       00457800 f   StdAfx.obj
 0001:00056810       _$E1                       00457810 f   User.obj
 0001:00056880       _$E3                       00457880 f   User.obj
 0001:000568a0       _$E1                       004578a0 f   ar.obj
 0001:00056900       _$E2                       00457900 f   MyTrace.obj
 0001:00056920       _$E1                       00457920 f   buffer.obj
 0001:00056990       _$E3                       00457990 f   buffer.obj
 0001:00056a00       _$E5                       00457a00 f   buffer.obj
 0001:00056a60       _$E1                       00457a60 f   clientsock.obj
 0001:00056ad0       _$E1                       00457ad0 f   clientsocke.obj
 0001:00056b35       _$E1                       00457b35 f   nafxcw:objcore.obj
 0001:00056b4b       _$E5                       00457b4b f   atls:atlbase.obj
 0001:00056b61       _$E1                       00457b61 f   atls:atlbase.obj
 0001:00056b80       _$E2                       00457b80 f   DPCoreClient.obj
 0001:00056b90       _$E2                       00457b90 f   DPDatabaseClient.obj
 0001:00056ba0       _$E2                       00457ba0 f   DPLoginSrvr.obj
 0001:00056bb0       _$E2                       00457bb0 f   LoginProtect.obj
 0001:00056bc0       _$E2                       00457bc0 f   StdAfx.obj
 0001:00056bd0       _$E4                       00457bd0 f   User.obj
 0001:00056be0       _$E3                       00457be0 f   MyTrace.obj
 0001:00056bea       _$E2                       00457bea f   nafxcw:objcore.obj
 0001:00056bf4       _$E6                       00457bf4 f   atls:atlbase.obj
 0001:00056bfe       _$E2                       00457bfe f   atls:atlbase.obj
