 Certifier

 Timestamp is 525db7d4 (Tue Oct 15 17:47:00 2013)

 Preferred load address is 00400000

 Start         Length     Name                   Class
 0001:00000000 0004176cH .text                   CODE
 0001:0004176c 00000cf8H .text$AFX_AUX           CODE
 0001:00042464 000001c9H .text$AFX_CMNCTL        CODE
 0001:0004262d 00000a7aH .text$AFX_COL1          CODE
 0001:000430a7 000002e2H .text$AFX_COL2          CODE
 0001:00043389 0000b1c4H .text$AFX_CORE1         CODE
 0001:0004e54d 000034f6H .text$AFX_CORE2         CODE
 0001:00051a43 00002355H .text$AFX_CORE3         CODE
 0001:00053d98 00000751H .text$AFX_CORE4         CODE
 0001:000544e9 00002baaH .text$AFX_INET          CODE
 0001:00057093 00003dd7H .text$AFX_INIT          CODE
 0001:0005ae6a 000014d6H .text$AFX_OLE1          CODE
 0001:0005c340 000000ecH .text$AFX_TERM          CODE
 0001:0005c430 0000220fH .text$x                 CODE
 0001:0005e640 00000358H .text$yc                CODE
 0001:0005e9a0 00000089H .text$yd                CODE
 0002:00000000 00000988H .idata$5                DATA
 0002:00000990 000134b4H .rdata                  DATA
 0002:00013e44 00000085H .rdata$debug            DATA
 0002:00013ecc 00000298H .rdata$ilfixup          DATA
 0002:00014164 00001838H .rdata$r                DATA
 0002:000159a0 00000508H .rdata$sxdata           DATA
 0002:00015ea8 00000004H .rtc$IAA                DATA
 0002:00015eac 00000004H .rtc$IZZ                DATA
 0002:00015eb0 00000004H .rtc$TAA                DATA
 0002:00015eb4 00000004H .rtc$TZZ                DATA
 0002:00015eb8 00003adcH .xdata$x                DATA
 0002:00019994 00000004H ATL$__a                 DATA
 0002:00019998 00000004H ATL$__z                 DATA
 0002:0001999c 0000017cH .idata$2                DATA
 0002:00019b18 00000014H .idata$3                DATA
 0002:00019b2c 00000988H .idata$4                DATA
 0002:0001a4b4 0000249cH .idata$6                DATA
 0002:0001c950 00000000H .edata                  DATA
 0003:00000000 00000004H .CRT$XCA                DATA
 0003:00000004 00000004H .CRT$XCA0               DATA
 0003:00000008 00000004H .CRT$XCAA               DATA
 0003:0000000c 0000000cH .CRT$XCC                DATA
 0003:00000018 0000000cH .CRT$XCL                DATA
 0003:00000024 00000068H .CRT$XCU                DATA
 0003:0000008c 00000004H .CRT$XCZ                DATA
 0003:00000090 00000004H .CRT$XIA                DATA
 0003:00000094 0000000cH .CRT$XIC                DATA
 0003:000000a0 00000004H .CRT$XIY                DATA
 0003:000000a4 00000004H .CRT$XIZ                DATA
 0003:000000a8 00000004H .CRT$XPA                DATA
 0003:000000ac 00000004H .CRT$XPX                DATA
 0003:000000b0 00000004H .CRT$XPZ                DATA
 0003:000000b4 00000004H .CRT$XTA                DATA
 0003:000000b8 00000004H .CRT$XTB                DATA
 0003:000000bc 00000004H .CRT$XTZ                DATA
 0003:000000c0 0000393cH .data                   DATA
 0003:00003a00 00013944H .bss                    DATA
 0004:00000000 000001a8H .rsrc$01                DATA
 0004:000001b0 00000600H .rsrc$02                DATA

  Address         Publics by Value              Rva+Base     Lib:Object

 0000:00000000       __except_list              00000000     <absolute>
 0000:00000142       ___safe_se_handler_count   00000142     <absolute>
 0000:00000000       ___ImageBase               00400000     <linker-defined>
 0001:00000000       ?HashKey@@YAIPBD@Z         00401000 f   AccountMgr.obj
 0001:00000030       ??2@YAPAXIPAX@Z            00401030 f i AccountMgr.obj
 0001:00000040       ??3@YAXPAX0@Z              00401040 f i AccountMgr.obj
 0001:00000050       ?size@?$list@PAUACCOUNT_CACHE@@V?$allocator@PAUACCOUNT_CACHE@@@std@@@std@@QBEIXZ 00401050 f i AccountMgr.obj
 0001:00000060       ?_Nextnode@?$list@PAUACCOUNT_CACHE@@V?$allocator@PAUACCOUNT_CACHE@@@std@@@std@@KAAAPAU_Node@?$_List_nod@PAUACCOUNT_CACHE@@V?$allocator@PAUACCOUNT_CACHE@@@std@@@2@PAU342@@Z 00401060 f i AccountMgr.obj
 0001:00000070       ?_Prevnode@?$list@PAUACCOUNT_CACHE@@V?$allocator@PAUACCOUNT_CACHE@@@std@@@std@@KAAAPAU_Node@?$_List_nod@PAUACCOUNT_CACHE@@V?$allocator@PAUACCOUNT_CACHE@@@std@@@2@PAU342@@Z 00401070 f i AccountMgr.obj
 0001:00000080       ??0?$allocator@PAUACCOUNT_CACHE@@@std@@QAE@XZ 00401080 f i AccountMgr.obj
 0001:00000090       ?deallocate@?$allocator@U_Node@?$_List_nod@PAUACCOUNT_CACHE@@V?$allocator@PAUACCOUNT_CACHE@@@std@@@std@@@std@@QAEXPAU_Node@?$_List_nod@PAUACCOUNT_CACHE@@V?$allocator@PAUACCOUNT_CACHE@@@std@@@2@I@Z 00401090 f i AccountMgr.obj
 0001:000000a0       ??0const_iterator@?$list@PAUACCOUNT_CACHE@@V?$allocator@PAUACCOUNT_CACHE@@@std@@@std@@QAE@XZ 004010a0 f i AccountMgr.obj
 0001:000000b0       ??Econst_iterator@?$list@PAUACCOUNT_CACHE@@V?$allocator@PAUACCOUNT_CACHE@@@std@@@std@@QAEAAV012@XZ 004010b0 f i AccountMgr.obj
 0001:000000c0       ??8const_iterator@?$list@PAUACCOUNT_CACHE@@V?$allocator@PAUACCOUNT_CACHE@@@std@@@std@@QBE_NABV012@@Z 004010c0 f i AccountMgr.obj
 0001:000000d0       ?_Mynode@const_iterator@?$list@PAUACCOUNT_CACHE@@V?$allocator@PAUACCOUNT_CACHE@@@std@@@std@@QBEPAU_Node@?$_List_nod@PAUACCOUNT_CACHE@@V?$allocator@PAUACCOUNT_CACHE@@@std@@@3@XZ 004010d0 f i AccountMgr.obj
 0001:000000e0       ?_Myval@?$list@PAUACCOUNT_CACHE@@V?$allocator@PAUACCOUNT_CACHE@@@std@@@std@@KAAAPAUACCOUNT_CACHE@@PAU_Node@?$_List_nod@PAUACCOUNT_CACHE@@V?$allocator@PAUACCOUNT_CACHE@@@std@@@2@@Z 004010e0 f i AccountMgr.obj
 0001:000000f0       ??0?$allocator@PAUACCOUNT_CACHE@@@std@@QAE@ABV01@@Z 004010f0 f i AccountMgr.obj
 0001:00000100       ??0const_iterator@?$list@PAUACCOUNT_CACHE@@V?$allocator@PAUACCOUNT_CACHE@@@std@@@std@@QAE@PAU_Node@?$_List_nod@PAUACCOUNT_CACHE@@V?$allocator@PAUACCOUNT_CACHE@@@std@@@2@@Z 00401100 f i AccountMgr.obj
 0001:00000110       ??Fconst_iterator@?$list@PAUACCOUNT_CACHE@@V?$allocator@PAUACCOUNT_CACHE@@@std@@@std@@QAEAAV012@XZ 00401110 f i AccountMgr.obj
 0001:00000120       ??0_Node@?$_List_nod@PAUACCOUNT_CACHE@@V?$allocator@PAUACCOUNT_CACHE@@@std@@@std@@QAE@PAU012@0ABQAUACCOUNT_CACHE@@@Z 00401120 f i AccountMgr.obj
 0001:00000140       ??0?$allocator@D@std@@QAE@XZ 00401140 f i AccountMgr.obj
 0001:00000150       ?max_size@?$allocator@PAUACCOUNT_CACHE@@@std@@QBEIXZ 00401150 f i AccountMgr.obj
 0001:00000160       ??$_Destroy@U_Node@?$_List_nod@PAUACCOUNT_CACHE@@V?$allocator@PAUACCOUNT_CACHE@@@std@@@std@@@std@@YAXPAU_Node@?$_List_nod@PAUACCOUNT_CACHE@@V?$allocator@PAUACCOUNT_CACHE@@@std@@@0@@Z 00401160 f i AccountMgr.obj
 0001:00000170       ??$?0PAUACCOUNT_CACHE@@@?$allocator@PAU_Node@?$_List_nod@PAUACCOUNT_CACHE@@V?$allocator@PAUACCOUNT_CACHE@@@std@@@std@@@std@@QAE@ABV?$allocator@PAUACCOUNT_CACHE@@@1@@Z 00401170 f i AccountMgr.obj
 0001:00000180       ??$_Allocate@U_Node@?$_List_nod@PAUACCOUNT_CACHE@@V?$allocator@PAUACCOUNT_CACHE@@@std@@@std@@@std@@YAPAU_Node@?$_List_nod@PAUACCOUNT_CACHE@@V?$allocator@PAUACCOUNT_CACHE@@@std@@@0@IPAU120@@Z 00401180 f i AccountMgr.obj
 0001:000001a0       ??$_Construct@PAU_Node@?$_List_nod@PAUACCOUNT_CACHE@@V?$allocator@PAUACCOUNT_CACHE@@@std@@@std@@PAU123@@std@@YAXPAPAU_Node@?$_List_nod@PAUACCOUNT_CACHE@@V?$allocator@PAUACCOUNT_CACHE@@@std@@@0@ABQAU120@@Z 004011a0 f i AccountMgr.obj
 0001:000001c0       ??$_Destroy@PAU_Node@?$_List_nod@PAUACCOUNT_CACHE@@V?$allocator@PAUACCOUNT_CACHE@@@std@@@std@@@std@@YAXPAPAU_Node@?$_List_nod@PAUACCOUNT_CACHE@@V?$allocator@PAUACCOUNT_CACHE@@@std@@@0@@Z 004011c0 f i AccountMgr.obj
 0001:000001d0       ??$?0PAUACCOUNT_CACHE@@@?$allocator@U_Node@?$_List_nod@PAUACCOUNT_CACHE@@V?$allocator@PAUACCOUNT_CACHE@@@std@@@std@@@std@@QAE@ABV?$allocator@PAUACCOUNT_CACHE@@@1@@Z 004011d0 f i AccountMgr.obj
 0001:000001e0       ?assign@?$char_traits@D@std@@SAXAADABD@Z 004011e0 f i AccountMgr.obj
 0001:000001f0       ?length@?$char_traits@D@std@@SAIPBD@Z 004011f0 f i AccountMgr.obj
 0001:00000210       ?copy@?$char_traits@D@std@@SAPADPADPBDI@Z 00401210 f i AccountMgr.obj
 0001:00000240       ?move@?$char_traits@D@std@@SAPADPADPBDI@Z 00401240 f i AccountMgr.obj
 0001:00000250       ?size@?$basic_string@DU?$char_traits@D@std@@V?$allocator@D@2@@std@@QBEIXZ 00401250 f i AccountMgr.obj
 0001:00000260       ?_Myptr@?$basic_string@DU?$char_traits@D@std@@V?$allocator@D@2@@std@@QBEPBDXZ 00401260 f i AccountMgr.obj
 0001:00000270       ??0?$allocator@D@std@@QAE@ABV01@@Z 00401270 f i AccountMgr.obj
 0001:00000280       ?_Myptr@?$basic_string@DU?$char_traits@D@std@@V?$allocator@D@2@@std@@QAEPADXZ 00401280 f i AccountMgr.obj
 0001:00000290       ?deallocate@?$allocator@D@std@@QAEXPADI@Z 00401290 f i AccountMgr.obj
 0001:000002a0       ?_Inside@?$basic_string@DU?$char_traits@D@std@@V?$allocator@D@2@@std@@IAE_NPBD@Z 004012a0 f i AccountMgr.obj
 0001:000002e0       ?max_size@?$allocator@D@std@@QBEIXZ 004012e0 f i AccountMgr.obj
 0001:000002f0       ??$_Allocate@D@std@@YAPADIPAD@Z 004012f0 f i AccountMgr.obj
 0001:00000300       ??0iterator@?$list@PAUACCOUNT_CACHE@@V?$allocator@PAUACCOUNT_CACHE@@@std@@@std@@QAE@XZ 00401300 f i AccountMgr.obj
 0001:00000310       ??Eiterator@?$list@PAUACCOUNT_CACHE@@V?$allocator@PAUACCOUNT_CACHE@@@std@@@std@@QAEAAV012@XZ 00401310 f i AccountMgr.obj
 0001:00000320       ??9const_iterator@?$list@PAUACCOUNT_CACHE@@V?$allocator@PAUACCOUNT_CACHE@@@std@@@std@@QBE_NABV012@@Z 00401320 f i AccountMgr.obj
 0001:00000340       ?destroy@?$allocator@U_Node@?$_List_nod@PAUACCOUNT_CACHE@@V?$allocator@PAUACCOUNT_CACHE@@@std@@@std@@@std@@QAEXPAU_Node@?$_List_nod@PAUACCOUNT_CACHE@@V?$allocator@PAUACCOUNT_CACHE@@@std@@@2@@Z 00401340 f i AccountMgr.obj
 0001:00000350       ??0iterator@?$list@PAUACCOUNT_CACHE@@V?$allocator@PAUACCOUNT_CACHE@@@std@@@std@@QAE@PAU_Node@?$_List_nod@PAUACCOUNT_CACHE@@V?$allocator@PAUACCOUNT_CACHE@@@std@@@2@@Z 00401350 f i AccountMgr.obj
 0001:00000360       ??Eiterator@?$list@PAUACCOUNT_CACHE@@V?$allocator@PAUACCOUNT_CACHE@@@std@@@std@@QAE?AV012@H@Z 00401360 f i AccountMgr.obj
 0001:00000370       ??Fiterator@?$list@PAUACCOUNT_CACHE@@V?$allocator@PAUACCOUNT_CACHE@@@std@@@std@@QAEAAV012@XZ 00401370 f i AccountMgr.obj
 0001:00000380       ??Dconst_iterator@?$list@PAUACCOUNT_CACHE@@V?$allocator@PAUACCOUNT_CACHE@@@std@@@std@@QBEABQAUACCOUNT_CACHE@@XZ 00401380 f i AccountMgr.obj
 0001:00000390       ?clear@?$list@PAUACCOUNT_CACHE@@V?$allocator@PAUACCOUNT_CACHE@@@std@@@std@@QAEXXZ 00401390 f i AccountMgr.obj
 0001:000003d0       ?allocate@?$allocator@U_Node@?$_List_nod@PAUACCOUNT_CACHE@@V?$allocator@PAUACCOUNT_CACHE@@@std@@@std@@@std@@QAEPAU_Node@?$_List_nod@PAUACCOUNT_CACHE@@V?$allocator@PAUACCOUNT_CACHE@@@std@@@2@I@Z 004013d0 f i AccountMgr.obj
 0001:000003f0       ?construct@?$allocator@PAU_Node@?$_List_nod@PAUACCOUNT_CACHE@@V?$allocator@PAUACCOUNT_CACHE@@@std@@@std@@@std@@QAEXPAPAU_Node@?$_List_nod@PAUACCOUNT_CACHE@@V?$allocator@PAUACCOUNT_CACHE@@@std@@@2@ABQAU342@@Z 004013f0 f i AccountMgr.obj
 0001:00000410       ?destroy@?$allocator@PAU_Node@?$_List_nod@PAUACCOUNT_CACHE@@V?$allocator@PAUACCOUNT_CACHE@@@std@@@std@@@std@@QAEXPAPAU_Node@?$_List_nod@PAUACCOUNT_CACHE@@V?$allocator@PAUACCOUNT_CACHE@@@std@@@2@@Z 00401410 f i AccountMgr.obj
 0001:00000420       ?max_size@?$list@PAUACCOUNT_CACHE@@V?$allocator@PAUACCOUNT_CACHE@@@std@@@std@@QBEIXZ 00401420 f i AccountMgr.obj
 0001:00000430       ??0?$_List_nod@PAUACCOUNT_CACHE@@V?$allocator@PAUACCOUNT_CACHE@@@std@@@std@@IAE@V?$allocator@PAUACCOUNT_CACHE@@@1@@Z 00401430 f i AccountMgr.obj
 0001:00000440       ??0?$_String_val@DV?$allocator@D@std@@@std@@IAE@V?$allocator@D@1@@Z 00401440 f i AccountMgr.obj
 0001:00000450       ?_Eos@?$basic_string@DU?$char_traits@D@std@@V?$allocator@D@2@@std@@IAEXI@Z 00401450 f i AccountMgr.obj
 0001:00000470       ?max_size@?$basic_string@DU?$char_traits@D@std@@V?$allocator@D@2@@std@@QBEIXZ 00401470 f i AccountMgr.obj
 0001:00000480       ?allocate@?$allocator@D@std@@QAEPADI@Z 00401480 f i AccountMgr.obj
 0001:00000490       ?begin@?$list@PAUACCOUNT_CACHE@@V?$allocator@PAUACCOUNT_CACHE@@@std@@@std@@QAE?AViterator@12@XZ 00401490 f i AccountMgr.obj
 0001:000004a0       ?end@?$list@PAUACCOUNT_CACHE@@V?$allocator@PAUACCOUNT_CACHE@@@std@@@std@@QAE?AViterator@12@XZ 004014a0 f i AccountMgr.obj
 0001:000004b0       ?erase@?$list@PAUACCOUNT_CACHE@@V?$allocator@PAUACCOUNT_CACHE@@@std@@@std@@QAE?AViterator@12@V312@@Z 004014b0 f i AccountMgr.obj
 0001:000004f0       ??Diterator@?$list@PAUACCOUNT_CACHE@@V?$allocator@PAUACCOUNT_CACHE@@@std@@@std@@QBEAAPAUACCOUNT_CACHE@@XZ 004014f0 f i AccountMgr.obj
 0001:00000500       ?_Buynode@?$list@PAUACCOUNT_CACHE@@V?$allocator@PAUACCOUNT_CACHE@@@std@@@std@@IAEPAU_Node@?$_List_nod@PAUACCOUNT_CACHE@@V?$allocator@PAUACCOUNT_CACHE@@@std@@@2@XZ 00401500 f i AccountMgr.obj
 0001:00000520       ?_Tidy@?$list@PAUACCOUNT_CACHE@@V?$allocator@PAUACCOUNT_CACHE@@@std@@@std@@IAEXXZ 00401520 f i AccountMgr.obj
 0001:00000540       ?_Buynode@?$list@PAUACCOUNT_CACHE@@V?$allocator@PAUACCOUNT_CACHE@@@std@@@std@@IAEPAU_Node@?$_List_nod@PAUACCOUNT_CACHE@@V?$allocator@PAUACCOUNT_CACHE@@@std@@@2@PAU342@0ABQAUACCOUNT_CACHE@@@Z 00401540 f i AccountMgr.obj
 0001:00000570       ??0?$_List_ptr@PAUACCOUNT_CACHE@@V?$allocator@PAUACCOUNT_CACHE@@@std@@@std@@IAE@V?$allocator@PAUACCOUNT_CACHE@@@1@@Z 00401570 f i AccountMgr.obj
 0001:00000580       ?_Tidy@?$basic_string@DU?$char_traits@D@std@@V?$allocator@D@2@@std@@IAEX_NI@Z 00401580 f i AccountMgr.obj
 0001:000005e0       ?erase@?$basic_string@DU?$char_traits@D@std@@V?$allocator@D@2@@std@@QAEAAV12@II@Z 004015e0 f i AccountMgr.obj
 0001:00000660       ?_Copy@?$basic_string@DU?$char_traits@D@std@@V?$allocator@D@2@@std@@IAEXII@Z 00401660 f i AccountMgr.obj
 0001:000007a0       ??1?$list@PAUACCOUNT_CACHE@@V?$allocator@PAUACCOUNT_CACHE@@@std@@@std@@QAE@XZ 004017a0 f i AccountMgr.obj
 0001:000007c0       ?front@?$list@PAUACCOUNT_CACHE@@V?$allocator@PAUACCOUNT_CACHE@@@std@@@std@@QAEAAPAUACCOUNT_CACHE@@XZ 004017c0 f i AccountMgr.obj
 0001:000007d0       ?back@?$list@PAUACCOUNT_CACHE@@V?$allocator@PAUACCOUNT_CACHE@@@std@@@std@@QAEAAPAUACCOUNT_CACHE@@XZ 004017d0 f i AccountMgr.obj
 0001:000007e0       ?pop_back@?$list@PAUACCOUNT_CACHE@@V?$allocator@PAUACCOUNT_CACHE@@@std@@@std@@QAEXXZ 004017e0 f i AccountMgr.obj
 0001:00000810       ??0?$_List_val@PAUACCOUNT_CACHE@@V?$allocator@PAUACCOUNT_CACHE@@@std@@@std@@IAE@V?$allocator@PAUACCOUNT_CACHE@@@1@@Z 00401810 f i AccountMgr.obj
 0001:00000820       ??1?$basic_string@DU?$char_traits@D@std@@V?$allocator@D@2@@std@@QAE@XZ 00401820 f i AccountMgr.obj
 0001:00000850       ?_Grow@?$basic_string@DU?$char_traits@D@std@@V?$allocator@D@2@@std@@IAE_NI_N@Z 00401850 f i AccountMgr.obj
 0001:00000920       ??1CAccountMgr@@QAE@XZ     00401920 f   AccountMgr.obj
 0001:00000990       ?SetError@CAccountMgr@@QAEXH@Z 00401990 f   AccountMgr.obj
 0001:000009e0       ??0?$list@PAUACCOUNT_CACHE@@V?$allocator@PAUACCOUNT_CACHE@@@std@@@std@@QAE@XZ 004019e0 f i AccountMgr.obj
 0001:00000a00       ??1logic_error@std@@UAE@XZ 00401a00 f i AccountMgr.obj
 0001:00000a40       ?what@logic_error@std@@UBEPBDXZ 00401a40 f i AccountMgr.obj
 0001:00000a50       ??_Elogic_error@std@@UAEPAXI@Z 00401a50 f i AccountMgr.obj
 0001:00000a50       ??_Glogic_error@std@@UAEPAXI@Z 00401a50 f i AccountMgr.obj
 0001:00000a70       ?assign@?$basic_string@DU?$char_traits@D@std@@V?$allocator@D@2@@std@@QAEAAV12@ABV12@II@Z 00401a70 f i AccountMgr.obj
 0001:00000b60       ?assign@?$basic_string@DU?$char_traits@D@std@@V?$allocator@D@2@@std@@QAEAAV12@PBDI@Z 00401b60 f i AccountMgr.obj
 0001:00000c50       ??0CAccountMgr@@QAE@XZ     00401c50 f   AccountMgr.obj
 0001:00000c70       ??0?$basic_string@DU?$char_traits@D@std@@V?$allocator@D@2@@std@@QAE@ABV01@@Z 00401c70 f i AccountMgr.obj
 0001:00000ca0       ?assign@?$basic_string@DU?$char_traits@D@std@@V?$allocator@D@2@@std@@QAEAAV12@PBD@Z 00401ca0 f i AccountMgr.obj
 0001:00000cd0       ??0?$basic_string@DU?$char_traits@D@std@@V?$allocator@D@2@@std@@QAE@PBD@Z 00401cd0 f i AccountMgr.obj
 0001:00000d10       ??0logic_error@std@@QAE@ABV?$basic_string@DU?$char_traits@D@std@@V?$allocator@D@2@@1@@Z 00401d10 f i AccountMgr.obj
 0001:00000d70       ??0length_error@std@@QAE@ABV?$basic_string@DU?$char_traits@D@std@@V?$allocator@D@2@@1@@Z 00401d70 f i AccountMgr.obj
 0001:00000d90       ??_Glength_error@std@@UAEPAXI@Z 00401d90 f i AccountMgr.obj
 0001:00000d90       ??_Elength_error@std@@UAEPAXI@Z 00401d90 f i AccountMgr.obj
 0001:00000db0       ??1length_error@std@@UAE@XZ 00401db0 f i AccountMgr.obj
 0001:00000df0       ?_Incsize@?$list@PAUACCOUNT_CACHE@@V?$allocator@PAUACCOUNT_CACHE@@@std@@@std@@IAEXI@Z 00401df0 f i AccountMgr.obj
 0001:00000e90       ??0logic_error@std@@QAE@ABV01@@Z 00401e90 f i AccountMgr.obj
 0001:00000f00       ??0length_error@std@@QAE@ABV01@@Z 00401f00 f i AccountMgr.obj
 0001:00000f20       ?_Insert@?$list@PAUACCOUNT_CACHE@@V?$allocator@PAUACCOUNT_CACHE@@@std@@@std@@QAEXViterator@12@ABQAUACCOUNT_CACHE@@@Z 00401f20 f i AccountMgr.obj
 0001:00000f60       ?push_front@?$list@PAUACCOUNT_CACHE@@V?$allocator@PAUACCOUNT_CACHE@@@std@@@std@@QAEXABQAUACCOUNT_CACHE@@@Z 00401f60 f i AccountMgr.obj
 0001:00000fa0       ?Check@CAccountMgr@@QAE?AW4ACCOUNT_CHECK@@K@Z 00401fa0 f   AccountMgr.obj
 0001:00001110       ?InterlockedExchangePointer@@YGPAXPAPAXPAX@Z 00402110 f i certifier.obj
 0001:00001120       ?_AtlGetThreadACPFake@ATL@@YGIXZ 00402120 f i certifier.obj
 0001:000011a0       ?_AtlGetThreadACPReal@ATL@@YGIXZ 004021a0 f i certifier.obj
 0001:000011b0       ?_AtlGetThreadACPThunk@ATL@@YGIXZ 004021b0 f i certifier.obj
 0001:00001220       ?_AtlGetConversionACP@ATL@@YGIXZ 00402220 f i certifier.obj
 0001:00001230       ?StartServer@CDPMng@@QAEHGHK@Z 00402230 f i certifier.obj
 0001:00001280       ?ConnectToServer@CDPMng@@QAEHPBDGHKK@Z 00402280 f i certifier.obj
 0001:000012d0       ?Initialize@CMyTrace@@QAEXPAUHWND__@@PBDKK@Z 004022d0 f i certifier.obj
 0001:00001320       ?InitLanguageFromResource@@YAXPAUHINSTANCE__@@@Z 00402320 f   certifier.obj
 0001:000013b0       ?AtlThrow@ATL@@YGXJ@Z      004023b0 f i certifier.obj
 0001:000013d0       ?ExitInstance@@YAXXZ       004023d0 f   certifier.obj
 0001:000013f0       ?_AtlGetStringResourceImage@ATL@@YAPBUATLSTRINGRESOURCEIMAGE@1@PAUHINSTANCE__@@PAUHRSRC__@@I@Z 004023f0 f i certifier.obj
 0001:00001450       ?AtlGetStringResourceImage@ATL@@YAPBUATLSTRINGRESOURCEIMAGE@1@PAUHINSTANCE__@@I@Z 00402450 f i certifier.obj
 0001:00001490       ?Run@Heartbeat@@QAEXXZ     00402490 f   certifier.obj
 0001:000014a0       ?data@CStringData@ATL@@QAEPAXXZ 004024a0 f i certifier.obj
 0001:000014b0       ?IsLocked@CStringData@ATL@@QBE_NXZ 004024b0 f i certifier.obj
 0001:000014c0       ?IsShared@CStringData@ATL@@QBE_NXZ 004024c0 f i certifier.obj
 0001:000014d0       ?Release@CStringData@ATL@@QAEXXZ 004024d0 f i certifier.obj
 0001:000014f0       ?StringCompare@?$ChTraitsCRT@D@ATL@@SAHPBD0@Z 004024f0 f i certifier.obj
 0001:00001500       ??0CTime@ATL@@QAE@_J@Z     00402500 f i certifier.obj
 0001:00001520       ??B?$CSimpleStringT@D$0A@@ATL@@QBEPBDXZ 00402520 f i certifier.obj
 0001:00001530       ?GetString@?$CSimpleStringT@D$0A@@ATL@@QBEPBDXZ 00402530 f i certifier.obj
 0001:00001540       ?StringLength@?$CSimpleStringT@D$0A@@ATL@@SAHPBD@Z 00402540 f i certifier.obj
 0001:00001560       ?GetData@?$CSimpleStringT@D$0A@@ATL@@ABEPAUCStringData@2@XZ 00402560 f i certifier.obj
 0001:00001570       ?SetLength@?$CSimpleStringT@D$0A@@ATL@@AAEXH@Z 00402570 f i certifier.obj
 0001:000015a0       ?FindStringResourceInstance@?$StrTraitMFC@DV?$ChTraitsCRT@D@ATL@@@@SAPAUHINSTANCE__@@I@Z 004025a0 f i certifier.obj
 0001:000015b0       ?GetDefaultManager@?$StrTraitMFC@DV?$ChTraitsCRT@D@ATL@@@@SAPAUIAtlStringMgr@ATL@@XZ 004025b0 f i certifier.obj
 0001:000015c0       ?Attach@?$CSimpleStringT@D$0A@@ATL@@AAEXPAUCStringData@2@@Z 004025c0 f i certifier.obj
 0001:000015d0       ?GetBaseTypeLength@?$ChTraitsCRT@D@ATL@@SAHPBGH@Z 004025d0 f i certifier.obj
 0001:00001600       ?ConvertToBaseType@?$ChTraitsCRT@D@ATL@@SAXPADHPBGH@Z 00402600 f i certifier.obj
 0001:00001630       ?CopyChars@?$CSimpleStringT@D$0A@@ATL@@SAXPADPBDH@Z 00402630 f i certifier.obj
 0001:00001650       ?CopyCharsOverlapped@?$CSimpleStringT@D$0A@@ATL@@SAXPADPBDH@Z 00402650 f i certifier.obj
 0001:00001660       ?ThrowMemoryException@?$CSimpleStringT@D$0A@@ATL@@KAXXZ 00402660 f i certifier.obj
 0001:00001670       ?Fork@?$CSimpleStringT@D$0A@@ATL@@AAEXH@Z 00402670 f i certifier.obj
 0001:000016f0       ?Reallocate@?$CSimpleStringT@D$0A@@ATL@@AAEXH@Z 004026f0 f i certifier.obj
 0001:00001720       ?WndProc@@YGJPAUHWND__@@IIJ@Z 00402720 f   certifier.obj
 0001:00001870       ?Compare@?$CStringT@DV?$StrTraitMFC@DV?$ChTraitsCRT@D@ATL@@@@@ATL@@QBEHPBD@Z 00402870 f i certifier.obj
 0001:00001890       ?GetTickCount@CTime@ATL@@SG?AV12@XZ 00402890 f i certifier.obj
 0001:000018b0       ?GetLength@?$CSimpleStringT@D$0A@@ATL@@QBEHXZ 004028b0 f i certifier.obj
 0001:000018c0       ?c_str@?$basic_string@DU?$char_traits@D@std@@V?$allocator@D@2@@std@@QBEPBDXZ 004028c0 f i certifier.obj
 0001:000018d0       ??0?$CSimpleStringT@D$0A@@ATL@@QAE@PAUIAtlStringMgr@1@@Z 004028d0 f i certifier.obj
 0001:000018f0       ??1?$CSimpleStringT@D$0A@@ATL@@QAE@XZ 004028f0 f i certifier.obj
 0001:00001910       ?ReleaseBufferSetLength@?$CSimpleStringT@D$0A@@ATL@@QAEXH@Z 00402910 f i certifier.obj
 0001:00001940       ?Empty@?$CSimpleStringT@D$0A@@ATL@@QAEXXZ 00402940 f i certifier.obj
 0001:000019b0       ?PrepareWrite2@?$CSimpleStringT@D$0A@@ATL@@AAEXH@Z 004029b0 f i certifier.obj
 0001:00001a00       ?MyRegisterClass@@YAGPAUHINSTANCE__@@@Z 00402a00 f   certifier.obj
 0001:00001a90       ?Init@Heartbeat@@QAEXXZ    00402a90 f   certifier.obj
 0001:00001af0       ??8ATL@@YA_NABV?$CStringT@DV?$StrTraitMFC@DV?$ChTraitsCRT@D@ATL@@@@@0@PBD@Z 00402af0 f i certifier.obj
 0001:00001b10       ??1?$CStringT@DV?$StrTraitMFC@DV?$ChTraitsCRT@D@ATL@@@@@ATL@@QAE@XZ 00402b10 f i certifier.obj
 0001:00001b30       ?PrepareWrite@?$CSimpleStringT@D$0A@@ATL@@AAEPADH@Z 00402b30 f i certifier.obj
 0001:00001b60       ?Script@@YAHPBD@Z          00402b60 f   certifier.obj
 0001:00001d30       ?GetBuffer@?$CSimpleStringT@D$0A@@ATL@@QAEPADH@Z 00402d30 f i certifier.obj
 0001:00001d60       ?LoadStringA@?$CStringT@DV?$StrTraitMFC@DV?$ChTraitsCRT@D@ATL@@@@@ATL@@QAEHPAUHINSTANCE__@@I@Z 00402d60 f i certifier.obj
 0001:00001e30       ?SetString@?$CSimpleStringT@D$0A@@ATL@@QAEXPBDH@Z 00402e30 f i certifier.obj
 0001:00001ed0       ??1Heartbeat@@UAE@XZ       00402ed0 f   certifier.obj
 0001:00001f20       ?LoadStringA@?$CStringT@DV?$StrTraitMFC@DV?$ChTraitsCRT@D@ATL@@@@@ATL@@QAEHI@Z 00402f20 f i certifier.obj
 0001:00001f50       ?CheckImplicitLoad@?$CStringT@DV?$StrTraitMFC@DV?$ChTraitsCRT@D@ATL@@@@@ATL@@AAE_NPBX@Z 00402f50 f i certifier.obj
 0001:00001f90       ?SetString@?$CSimpleStringT@D$0A@@ATL@@QAEXPBD@Z 00402f90 f i certifier.obj
 0001:00001fd0       ??_GHeartbeat@@UAEPAXI@Z   00402fd0 f i certifier.obj
 0001:00001fd0       ??_EHeartbeat@@UAEPAXI@Z   00402fd0 f i certifier.obj
 0001:00001ff0       ??4?$CSimpleStringT@D$0A@@ATL@@QAEAAV01@PBD@Z 00402ff0 f i certifier.obj
 0001:00002030       ??4?$CStringT@DV?$StrTraitMFC@DV?$ChTraitsCRT@D@ATL@@@@@ATL@@QAEAAV01@PBD@Z 00403030 f i certifier.obj
 0001:00002070       ??0Heartbeat@@QAE@PBD@Z    00403070 f   certifier.obj
 0001:000020c0       ??0?$CStringT@DV?$StrTraitMFC@DV?$ChTraitsCRT@D@ATL@@@@@ATL@@QAE@PBD@Z 004030c0 f i certifier.obj
 0001:00002170       ?Format@CTime@ATL@@QBE?AV?$CStringT@DV?$StrTraitMFC@DV?$ChTraitsCRT@D@ATL@@@@@2@PBD@Z 00403170 f i certifier.obj
 0001:00002200       ?InitInstance@@YAHPAUHINSTANCE__@@H@Z 00403200 f   certifier.obj
 0001:00002410       _WinMain@16                00403410 f   certifier.obj
 0001:000024f0       ??0_GPAUTH_RESULT@@QAE@XZ  004034f0 f i DBManager.obj
 0001:00002520       ?DBQryAccount@CDbManager@@QAEXPADPAUtagDB_OVERLAPPED_PLUS@@@Z 00403520 f   DBManager.obj
 0001:000025e0       ?GetIOCPHandle@CDbManager@@QAEPAXH@Z 004035e0 f   DBManager.obj
 0001:000025f0       ?AddRef@CStringData@ATL@@QAEXXZ 004035f0 f i DBManager.obj
 0001:00002600       ?SQLAddAccount@CDbManager@@QAEXAAVCQuery@@PAD1@Z 00403600 f   DBManager.obj
 0001:00002670       ??0CTime@ATL@@QAE@HHHHHHH@Z 00403670 f i DBManager.obj
 0001:000026f0       ??0?$allocator@V?$basic_string@DU?$char_traits@D@std@@V?$allocator@D@2@@std@@@std@@QAE@XZ 004036f0 f i DBManager.obj
 0001:00002700       ?_Isnil@?$_Tree@V?$_Tset_traits@V?$basic_string@DU?$char_traits@D@std@@V?$allocator@D@2@@std@@U?$less@V?$basic_string@DU?$char_traits@D@std@@V?$allocator@D@2@@std@@@2@V?$allocator@V?$basic_string@DU?$char_traits@D@std@@V?$allocator@D@2@@std@@@2@$0A@@std@@@std@@KAAADPAU_Node@?$_Tree_nod@V?$_Tset_traits@V?$basic_string@DU?$char_traits@D@std@@V?$allocator@D@2@@std@@U?$less@V?$basic_string@DU?$char_traits@D@std@@V?$allocator@D@2@@std@@@2@V?$allocator@V?$basic_string@DU?$char_traits@D@std@@V?$allocator@D@2@@std@@@2@$0A@@std@@@2@@Z 00403700 f i DBManager.obj
 0001:00002710       ?_Left@?$_Tree@V?$_Tset_traits@V?$basic_string@DU?$char_traits@D@std@@V?$allocator@D@2@@std@@U?$less@V?$basic_string@DU?$char_traits@D@std@@V?$allocator@D@2@@std@@@2@V?$allocator@V?$basic_string@DU?$char_traits@D@std@@V?$allocator@D@2@@std@@@2@$0A@@std@@@std@@KAAAPAU_Node@?$_Tree_nod@V?$_Tset_traits@V?$basic_string@DU?$char_traits@D@std@@V?$allocator@D@2@@std@@U?$less@V?$basic_string@DU?$char_traits@D@std@@V?$allocator@D@2@@std@@@2@V?$allocator@V?$basic_string@DU?$char_traits@D@std@@V?$allocator@D@2@@std@@@2@$0A@@std@@@2@PAU342@@Z 00403710 f i DBManager.obj
 0001:00002720       ?_Right@?$_Tree@V?$_Tset_traits@V?$basic_string@DU?$char_traits@D@std@@V?$allocator@D@2@@std@@U?$less@V?$basic_string@DU?$char_traits@D@std@@V?$allocator@D@2@@std@@@2@V?$allocator@V?$basic_string@DU?$char_traits@D@std@@V?$allocator@D@2@@std@@@2@$0A@@std@@@std@@KAAAPAU_Node@?$_Tree_nod@V?$_Tset_traits@V?$basic_string@DU?$char_traits@D@std@@V?$allocator@D@2@@std@@U?$less@V?$basic_string@DU?$char_traits@D@std@@V?$allocator@D@2@@std@@@2@V?$allocator@V?$basic_string@DU?$char_traits@D@std@@V?$allocator@D@2@@std@@@2@$0A@@std@@@2@PAU342@@Z 00403720 f i DBManager.obj
 0001:00002730       ?GetLocalTm@CTime@ATL@@QBEPAUtm@@PAU3@@Z 00403730 f i DBManager.obj
 0001:00002760       ?GetHour@CTime@ATL@@QBEHXZ 00403760 f i DBManager.obj
 0001:00002780       ?_Kfn@?$_Tset_traits@V?$basic_string@DU?$char_traits@D@std@@V?$allocator@D@2@@std@@U?$less@V?$basic_string@DU?$char_traits@D@std@@V?$allocator@D@2@@std@@@2@V?$allocator@V?$basic_string@DU?$char_traits@D@std@@V?$allocator@D@2@@std@@@2@$0A@@std@@SAABV?$basic_string@DU?$char_traits@D@std@@V?$allocator@D@2@@2@ABV32@@Z 00403780 f i DBManager.obj
 0001:00002790       ??0?$pair@Viterator@?$_Tree@V?$_Tset_traits@V?$basic_string@DU?$char_traits@D@std@@V?$allocator@D@2@@std@@U?$less@V?$basic_string@DU?$char_traits@D@std@@V?$allocator@D@2@@std@@@2@V?$allocator@V?$basic_string@DU?$char_traits@D@std@@V?$allocator@D@2@@std@@@2@$0A@@std@@@std@@_N@std@@QAE@ABViterator@?$_Tree@V?$_Tset_traits@V?$basic_string@DU?$char_traits@D@std@@V?$allocator@D@2@@std@@U?$less@V?$basic_string@DU?$char_traits@D@std@@V?$allocator@D@2@@std@@@2@V?$allocator@V?$basic_string@DU?$char_traits@D@std@@V?$allocator@D@2@@std@@@2@$0A@@std@@@1@AB_N@Z 00403790 f i DBManager.obj
 0001:000027b0       ??8const_iterator@?$_Tree@V?$_Tset_traits@V?$basic_string@DU?$char_traits@D@std@@V?$allocator@D@2@@std@@U?$less@V?$basic_string@DU?$char_traits@D@std@@V?$allocator@D@2@@std@@@2@V?$allocator@V?$basic_string@DU?$char_traits@D@std@@V?$allocator@D@2@@std@@@2@$0A@@std@@@std@@QBE_NABV012@@Z 004037b0 f i DBManager.obj
 0001:000027c0       ?_Mynode@const_iterator@?$_Tree@V?$_Tset_traits@V?$basic_string@DU?$char_traits@D@std@@V?$allocator@D@2@@std@@U?$less@V?$basic_string@DU?$char_traits@D@std@@V?$allocator@D@2@@std@@@2@V?$allocator@V?$basic_string@DU?$char_traits@D@std@@V?$allocator@D@2@@std@@@2@$0A@@std@@@std@@QBEPAU_Node@?$_Tree_nod@V?$_Tset_traits@V?$basic_string@DU?$char_traits@D@std@@V?$allocator@D@2@@std@@U?$less@V?$basic_string@DU?$char_traits@D@std@@V?$allocator@D@2@@std@@@2@V?$allocator@V?$basic_string@DU?$char_traits@D@std@@V?$allocator@D@2@@std@@@2@$0A@@std@@@3@XZ 004037c0 f i DBManager.obj
 0001:000027d0       ??0?$allocator@V?$basic_string@DU?$char_traits@D@std@@V?$allocator@D@2@@std@@@std@@QAE@ABV01@@Z 004037d0 f i DBManager.obj
 0001:000027e0       ?_Color@?$_Tree@V?$_Tset_traits@V?$basic_string@DU?$char_traits@D@std@@V?$allocator@D@2@@std@@U?$less@V?$basic_string@DU?$char_traits@D@std@@V?$allocator@D@2@@std@@@2@V?$allocator@V?$basic_string@DU?$char_traits@D@std@@V?$allocator@D@2@@std@@@2@$0A@@std@@@std@@KAAADPAU_Node@?$_Tree_nod@V?$_Tset_traits@V?$basic_string@DU?$char_traits@D@std@@V?$allocator@D@2@@std@@U?$less@V?$basic_string@DU?$char_traits@D@std@@V?$allocator@D@2@@std@@@2@V?$allocator@V?$basic_string@DU?$char_traits@D@std@@V?$allocator@D@2@@std@@@2@$0A@@std@@@2@@Z 004037e0 f i DBManager.obj
 0001:000027f0       ?_Parent@?$_Tree@V?$_Tset_traits@V?$basic_string@DU?$char_traits@D@std@@V?$allocator@D@2@@std@@U?$less@V?$basic_string@DU?$char_traits@D@std@@V?$allocator@D@2@@std@@@2@V?$allocator@V?$basic_string@DU?$char_traits@D@std@@V?$allocator@D@2@@std@@@2@$0A@@std@@@std@@KAAAPAU_Node@?$_Tree_nod@V?$_Tset_traits@V?$basic_string@DU?$char_traits@D@std@@V?$allocator@D@2@@std@@U?$less@V?$basic_string@DU?$char_traits@D@std@@V?$allocator@D@2@@std@@@2@V?$allocator@V?$basic_string@DU?$char_traits@D@std@@V?$allocator@D@2@@std@@@2@$0A@@std@@@2@PAU342@@Z 004037f0 f i DBManager.obj
 0001:00002800       ?_Myval@?$_Tree@V?$_Tset_traits@V?$basic_string@DU?$char_traits@D@std@@V?$allocator@D@2@@std@@U?$less@V?$basic_string@DU?$char_traits@D@std@@V?$allocator@D@2@@std@@@2@V?$allocator@V?$basic_string@DU?$char_traits@D@std@@V?$allocator@D@2@@std@@@2@$0A@@std@@@std@@KAAAV?$basic_string@DU?$char_traits@D@std@@V?$allocator@D@2@@2@PAU_Node@?$_Tree_nod@V?$_Tset_traits@V?$basic_string@DU?$char_traits@D@std@@V?$allocator@D@2@@std@@U?$less@V?$basic_string@DU?$char_traits@D@std@@V?$allocator@D@2@@std@@@2@V?$allocator@V?$basic_string@DU?$char_traits@D@std@@V?$allocator@D@2@@std@@@2@$0A@@std@@@2@@Z 00403800 f i DBManager.obj
 0001:00002810       ?_Lmost@?$_Tree@V?$_Tset_traits@V?$basic_string@DU?$char_traits@D@std@@V?$allocator@D@2@@std@@U?$less@V?$basic_string@DU?$char_traits@D@std@@V?$allocator@D@2@@std@@@2@V?$allocator@V?$basic_string@DU?$char_traits@D@std@@V?$allocator@D@2@@std@@@2@$0A@@std@@@std@@IAEAAPAU_Node@?$_Tree_nod@V?$_Tset_traits@V?$basic_string@DU?$char_traits@D@std@@V?$allocator@D@2@@std@@U?$less@V?$basic_string@DU?$char_traits@D@std@@V?$allocator@D@2@@std@@@2@V?$allocator@V?$basic_string@DU?$char_traits@D@std@@V?$allocator@D@2@@std@@@2@$0A@@std@@@2@XZ 00403810 f i DBManager.obj
 0001:00002820       ?_Rmost@?$_Tree@V?$_Tset_traits@V?$basic_string@DU?$char_traits@D@std@@V?$allocator@D@2@@std@@U?$less@V?$basic_string@DU?$char_traits@D@std@@V?$allocator@D@2@@std@@@2@V?$allocator@V?$basic_string@DU?$char_traits@D@std@@V?$allocator@D@2@@std@@@2@$0A@@std@@@std@@IAEAAPAU_Node@?$_Tree_nod@V?$_Tset_traits@V?$basic_string@DU?$char_traits@D@std@@V?$allocator@D@2@@std@@U?$less@V?$basic_string@DU?$char_traits@D@std@@V?$allocator@D@2@@std@@@2@V?$allocator@V?$basic_string@DU?$char_traits@D@std@@V?$allocator@D@2@@std@@@2@$0A@@std@@@2@XZ 00403820 f i DBManager.obj
 0001:00002830       ?deallocate@?$allocator@U_Node@?$_Tree_nod@V?$_Tset_traits@V?$basic_string@DU?$char_traits@D@std@@V?$allocator@D@2@@std@@U?$less@V?$basic_string@DU?$char_traits@D@std@@V?$allocator@D@2@@std@@@2@V?$allocator@V?$basic_string@DU?$char_traits@D@std@@V?$allocator@D@2@@std@@@2@$0A@@std@@@std@@@std@@QAEXPAU_Node@?$_Tree_nod@V?$_Tset_traits@V?$basic_string@DU?$char_traits@D@std@@V?$allocator@D@2@@std@@U?$less@V?$basic_string@DU?$char_traits@D@std@@V?$allocator@D@2@@std@@@2@V?$allocator@V?$basic_string@DU?$char_traits@D@std@@V?$allocator@D@2@@std@@@2@$0A@@std@@@2@I@Z 00403830 f i DBManager.obj
 0001:00002840       ??0const_iterator@?$_Tree@V?$_Tset_traits@V?$basic_string@DU?$char_traits@D@std@@V?$allocator@D@2@@std@@U?$less@V?$basic_string@DU?$char_traits@D@std@@V?$allocator@D@2@@std@@@2@V?$allocator@V?$basic_string@DU?$char_traits@D@std@@V?$allocator@D@2@@std@@@2@$0A@@std@@@std@@QAE@PAU_Node@?$_Tree_nod@V?$_Tset_traits@V?$basic_string@DU?$char_traits@D@std@@V?$allocator@D@2@@std@@U?$less@V?$basic_string@DU?$char_traits@D@std@@V?$allocator@D@2@@std@@@2@V?$allocator@V?$basic_string@DU?$char_traits@D@std@@V?$allocator@D@2@@std@@@2@$0A@@std@@@2@@Z 00403840 f i DBManager.obj
 0001:00002850       ?max_size@?$allocator@V?$basic_string@DU?$char_traits@D@std@@V?$allocator@D@2@@std@@@std@@QBEIXZ 00403850 f i DBManager.obj
 0001:00002860       ?_Root@?$_Tree@V?$_Tset_traits@V?$basic_string@DU?$char_traits@D@std@@V?$allocator@D@2@@std@@U?$less@V?$basic_string@DU?$char_traits@D@std@@V?$allocator@D@2@@std@@@2@V?$allocator@V?$basic_string@DU?$char_traits@D@std@@V?$allocator@D@2@@std@@@2@$0A@@std@@@std@@IBEAAPAU_Node@?$_Tree_nod@V?$_Tset_traits@V?$basic_string@DU?$char_traits@D@std@@V?$allocator@D@2@@std@@U?$less@V?$basic_string@DU?$char_traits@D@std@@V?$allocator@D@2@@std@@@2@V?$allocator@V?$basic_string@DU?$char_traits@D@std@@V?$allocator@D@2@@std@@@2@$0A@@std@@@2@XZ 00403860 f i DBManager.obj
 0001:00002870       ?_Max@?$_Tree@V?$_Tset_traits@V?$basic_string@DU?$char_traits@D@std@@V?$allocator@D@2@@std@@U?$less@V?$basic_string@DU?$char_traits@D@std@@V?$allocator@D@2@@std@@@2@V?$allocator@V?$basic_string@DU?$char_traits@D@std@@V?$allocator@D@2@@std@@@2@$0A@@std@@@std@@KAPAU_Node@?$_Tree_nod@V?$_Tset_traits@V?$basic_string@DU?$char_traits@D@std@@V?$allocator@D@2@@std@@U?$less@V?$basic_string@DU?$char_traits@D@std@@V?$allocator@D@2@@std@@@2@V?$allocator@V?$basic_string@DU?$char_traits@D@std@@V?$allocator@D@2@@std@@@2@$0A@@std@@@2@PAU342@@Z 00403870 f i DBManager.obj
 0001:00002890       ?_Min@?$_Tree@V?$_Tset_traits@V?$basic_string@DU?$char_traits@D@std@@V?$allocator@D@2@@std@@U?$less@V?$basic_string@DU?$char_traits@D@std@@V?$allocator@D@2@@std@@@2@V?$allocator@V?$basic_string@DU?$char_traits@D@std@@V?$allocator@D@2@@std@@@2@$0A@@std@@@std@@KAPAU_Node@?$_Tree_nod@V?$_Tset_traits@V?$basic_string@DU?$char_traits@D@std@@V?$allocator@D@2@@std@@U?$less@V?$basic_string@DU?$char_traits@D@std@@V?$allocator@D@2@@std@@@2@V?$allocator@V?$basic_string@DU?$char_traits@D@std@@V?$allocator@D@2@@std@@@2@$0A@@std@@@2@PAU342@@Z 00403890 f i DBManager.obj
 0001:000028b0       ??0?$_Tset_traits@V?$basic_string@DU?$char_traits@D@std@@V?$allocator@D@2@@std@@U?$less@V?$basic_string@DU?$char_traits@D@std@@V?$allocator@D@2@@std@@@2@V?$allocator@V?$basic_string@DU?$char_traits@D@std@@V?$allocator@D@2@@std@@@2@$0A@@std@@QAE@U?$less@V?$basic_string@DU?$char_traits@D@std@@V?$allocator@D@2@@std@@@1@@Z 004038b0 f i DBManager.obj
 0001:000028c0       ?_Inc@const_iterator@?$_Tree@V?$_Tset_traits@V?$basic_string@DU?$char_traits@D@std@@V?$allocator@D@2@@std@@U?$less@V?$basic_string@DU?$char_traits@D@std@@V?$allocator@D@2@@std@@@2@V?$allocator@V?$basic_string@DU?$char_traits@D@std@@V?$allocator@D@2@@std@@@2@$0A@@std@@@std@@QAEXXZ 004038c0 f i DBManager.obj
 0001:00002920       ??$_Destroy@PAU_Node@?$_Tree_nod@V?$_Tset_traits@V?$basic_string@DU?$char_traits@D@std@@V?$allocator@D@2@@std@@U?$less@V?$basic_string@DU?$char_traits@D@std@@V?$allocator@D@2@@std@@@2@V?$allocator@V?$basic_string@DU?$char_traits@D@std@@V?$allocator@D@2@@std@@@2@$0A@@std@@@std@@@std@@YAXPAPAU_Node@?$_Tree_nod@V?$_Tset_traits@V?$basic_string@DU?$char_traits@D@std@@V?$allocator@D@2@@std@@U?$less@V?$basic_string@DU?$char_traits@D@std@@V?$allocator@D@2@@std@@@2@V?$allocator@V?$basic_string@DU?$char_traits@D@std@@V?$allocator@D@2@@std@@@2@$0A@@std@@@0@@Z 00403920 f i DBManager.obj
 0001:00002930       ??$swap@D@std@@YAXAAD0@Z   00403930 f i DBManager.obj
 0001:00002950       ??$?0V?$basic_string@DU?$char_traits@D@std@@V?$allocator@D@2@@std@@@?$allocator@PAU_Node@?$_Tree_nod@V?$_Tset_traits@V?$basic_string@DU?$char_traits@D@std@@V?$allocator@D@2@@std@@U?$less@V?$basic_string@DU?$char_traits@D@std@@V?$allocator@D@2@@std@@@2@V?$allocator@V?$basic_string@DU?$char_traits@D@std@@V?$allocator@D@2@@std@@@2@$0A@@std@@@std@@@std@@QAE@ABV?$allocator@V?$basic_string@DU?$char_traits@D@std@@V?$allocator@D@2@@std@@@1@@Z 00403950 f i DBManager.obj
 0001:00002960       ??$_Allocate@U_Node@?$_Tree_nod@V?$_Tset_traits@V?$basic_string@DU?$char_traits@D@std@@V?$allocator@D@2@@std@@U?$less@V?$basic_string@DU?$char_traits@D@std@@V?$allocator@D@2@@std@@@2@V?$allocator@V?$basic_string@DU?$char_traits@D@std@@V?$allocator@D@2@@std@@@2@$0A@@std@@@std@@@std@@YAPAU_Node@?$_Tree_nod@V?$_Tset_traits@V?$basic_string@DU?$char_traits@D@std@@V?$allocator@D@2@@std@@U?$less@V?$basic_string@DU?$char_traits@D@std@@V?$allocator@D@2@@std@@@2@V?$allocator@V?$basic_string@DU?$char_traits@D@std@@V?$allocator@D@2@@std@@@2@$0A@@std@@@0@IPAU120@@Z 00403960 f i DBManager.obj
 0001:00002980       ??$?0V?$basic_string@DU?$char_traits@D@std@@V?$allocator@D@2@@std@@@?$allocator@U_Node@?$_Tree_nod@V?$_Tset_traits@V?$basic_string@DU?$char_traits@D@std@@V?$allocator@D@2@@std@@U?$less@V?$basic_string@DU?$char_traits@D@std@@V?$allocator@D@2@@std@@@2@V?$allocator@V?$basic_string@DU?$char_traits@D@std@@V?$allocator@D@2@@std@@@2@$0A@@std@@@std@@@std@@QAE@ABV?$allocator@V?$basic_string@DU?$char_traits@D@std@@V?$allocator@D@2@@std@@@1@@Z 00403980 f i DBManager.obj
 0001:00002990       ??$_Construct@PAU_Node@?$_Tree_nod@V?$_Tset_traits@V?$basic_string@DU?$char_traits@D@std@@V?$allocator@D@2@@std@@U?$less@V?$basic_string@DU?$char_traits@D@std@@V?$allocator@D@2@@std@@@2@V?$allocator@V?$basic_string@DU?$char_traits@D@std@@V?$allocator@D@2@@std@@@2@$0A@@std@@@std@@PAU123@@std@@YAXPAPAU_Node@?$_Tree_nod@V?$_Tset_traits@V?$basic_string@DU?$char_traits@D@std@@V?$allocator@D@2@@std@@U?$less@V?$basic_string@DU?$char_traits@D@std@@V?$allocator@D@2@@std@@@2@V?$allocator@V?$basic_string@DU?$char_traits@D@std@@V?$allocator@D@2@@std@@@2@$0A@@std@@@0@ABQAU120@@Z 00403990 f i DBManager.obj
 0001:000029b0       ?empty@?$deque@PAUtagDB_OVERLAPPED_PLUS@@V?$allocator@PAUtagDB_OVERLAPPED_PLUS@@@std@@@std@@QBE_NXZ 004039b0 f i DBManager.obj
 0001:000029c0       ??0?$allocator@PAUtagDB_OVERLAPPED_PLUS@@@std@@QAE@XZ 004039c0 f i DBManager.obj
 0001:000029d0       ?_Nextnode@?$list@PAUtagDB_OVERLAPPED_PLUS@@V?$allocator@PAUtagDB_OVERLAPPED_PLUS@@@std@@@std@@KAAAPAU_Node@?$_List_nod@PAUtagDB_OVERLAPPED_PLUS@@V?$allocator@PAUtagDB_OVERLAPPED_PLUS@@@std@@@2@PAU342@@Z 004039d0 f i DBManager.obj
 0001:000029e0       ?_Prevnode@?$list@PAUtagDB_OVERLAPPED_PLUS@@V?$allocator@PAUtagDB_OVERLAPPED_PLUS@@@std@@@std@@KAAAPAU_Node@?$_List_nod@PAUtagDB_OVERLAPPED_PLUS@@V?$allocator@PAUtagDB_OVERLAPPED_PLUS@@@std@@@2@PAU342@@Z 004039e0 f i DBManager.obj
 0001:000029f0       ?deallocate@?$allocator@U_Node@?$_List_nod@PAUtagDB_OVERLAPPED_PLUS@@V?$allocator@PAUtagDB_OVERLAPPED_PLUS@@@std@@@std@@@std@@QAEXPAU_Node@?$_List_nod@PAUtagDB_OVERLAPPED_PLUS@@V?$allocator@PAUtagDB_OVERLAPPED_PLUS@@@std@@@2@I@Z 004039f0 f i DBManager.obj
 0001:00002a00       ??0?$allocator@PAUtagDB_OVERLAPPED_PLUS@@@std@@QAE@ABV01@@Z 00403a00 f i DBManager.obj
 0001:00002a10       ?deallocate@?$allocator@PAUtagDB_OVERLAPPED_PLUS@@@std@@QAEXPAPAUtagDB_OVERLAPPED_PLUS@@I@Z 00403a10 f i DBManager.obj
 0001:00002a20       ?deallocate@?$allocator@PAPAUtagDB_OVERLAPPED_PLUS@@@std@@QAEXPAPAPAUtagDB_OVERLAPPED_PLUS@@I@Z 00403a20 f i DBManager.obj
 0001:00002a30       ??0const_iterator@?$list@PAUtagDB_OVERLAPPED_PLUS@@V?$allocator@PAUtagDB_OVERLAPPED_PLUS@@@std@@@std@@QAE@PAU_Node@?$_List_nod@PAUtagDB_OVERLAPPED_PLUS@@V?$allocator@PAUtagDB_OVERLAPPED_PLUS@@@std@@@2@@Z 00403a30 f i DBManager.obj
 0001:00002a40       ?max_size@?$allocator@PAUtagDB_OVERLAPPED_PLUS@@@std@@QBEIXZ 00403a40 f i DBManager.obj
 0001:00002a50       ??$_Destroy@U_Node@?$_List_nod@PAUtagDB_OVERLAPPED_PLUS@@V?$allocator@PAUtagDB_OVERLAPPED_PLUS@@@std@@@std@@@std@@YAXPAU_Node@?$_List_nod@PAUtagDB_OVERLAPPED_PLUS@@V?$allocator@PAUtagDB_OVERLAPPED_PLUS@@@std@@@0@@Z 00403a50 f i DBManager.obj
 0001:00002a60       ??$_Allocate@PAUtagDB_OVERLAPPED_PLUS@@@std@@YAPAPAUtagDB_OVERLAPPED_PLUS@@IPAPAU1@@Z 00403a60 f i DBManager.obj
 0001:00002a80       ??$_Construct@PAUtagDB_OVERLAPPED_PLUS@@PAU1@@std@@YAXPAPAUtagDB_OVERLAPPED_PLUS@@ABQAU1@@Z 00403a80 f i DBManager.obj
 0001:00002aa0       ??$_Destroy@PAUtagDB_OVERLAPPED_PLUS@@@std@@YAXPAPAUtagDB_OVERLAPPED_PLUS@@@Z 00403aa0 f i DBManager.obj
 0001:00002ab0       ??$_Destroy@PAPAUtagDB_OVERLAPPED_PLUS@@@std@@YAXPAPAPAUtagDB_OVERLAPPED_PLUS@@@Z 00403ab0 f i DBManager.obj
 0001:00002ac0       ??$?0PAUtagDB_OVERLAPPED_PLUS@@@?$allocator@PAU_Node@?$_List_nod@PAUtagDB_OVERLAPPED_PLUS@@V?$allocator@PAUtagDB_OVERLAPPED_PLUS@@@std@@@std@@@std@@QAE@ABV?$allocator@PAUtagDB_OVERLAPPED_PLUS@@@1@@Z 00403ac0 f i DBManager.obj
 0001:00002ad0       ??$_Allocate@U_Node@?$_List_nod@PAUtagDB_OVERLAPPED_PLUS@@V?$allocator@PAUtagDB_OVERLAPPED_PLUS@@@std@@@std@@@std@@YAPAU_Node@?$_List_nod@PAUtagDB_OVERLAPPED_PLUS@@V?$allocator@PAUtagDB_OVERLAPPED_PLUS@@@std@@@0@IPAU120@@Z 00403ad0 f i DBManager.obj
 0001:00002af0       ??$_Construct@PAU_Node@?$_List_nod@PAUtagDB_OVERLAPPED_PLUS@@V?$allocator@PAUtagDB_OVERLAPPED_PLUS@@@std@@@std@@PAU123@@std@@YAXPAPAU_Node@?$_List_nod@PAUtagDB_OVERLAPPED_PLUS@@V?$allocator@PAUtagDB_OVERLAPPED_PLUS@@@std@@@0@ABQAU120@@Z 00403af0 f i DBManager.obj
 0001:00002b10       ??$_Destroy@PAU_Node@?$_List_nod@PAUtagDB_OVERLAPPED_PLUS@@V?$allocator@PAUtagDB_OVERLAPPED_PLUS@@@std@@@std@@@std@@YAXPAPAU_Node@?$_List_nod@PAUtagDB_OVERLAPPED_PLUS@@V?$allocator@PAUtagDB_OVERLAPPED_PLUS@@@std@@@0@@Z 00403b10 f i DBManager.obj
 0001:00002b20       ??$?0PAUtagDB_OVERLAPPED_PLUS@@@?$allocator@PAPAUtagDB_OVERLAPPED_PLUS@@@std@@QAE@ABV?$allocator@PAUtagDB_OVERLAPPED_PLUS@@@1@@Z 00403b20 f i DBManager.obj
 0001:00002b30       ??$_Allocate@PAPAUtagDB_OVERLAPPED_PLUS@@@std@@YAPAPAPAUtagDB_OVERLAPPED_PLUS@@IPAPAPAU1@@Z 00403b30 f i DBManager.obj
 0001:00002b50       ??$?0PAUtagDB_OVERLAPPED_PLUS@@@?$allocator@U_Node@?$_List_nod@PAUtagDB_OVERLAPPED_PLUS@@V?$allocator@PAUtagDB_OVERLAPPED_PLUS@@@std@@@std@@@std@@QAE@ABV?$allocator@PAUtagDB_OVERLAPPED_PLUS@@@1@@Z 00403b50 f i DBManager.obj
 0001:00002b60       ?_Mynode@const_iterator@?$list@PAUtagDB_OVERLAPPED_PLUS@@V?$allocator@PAUtagDB_OVERLAPPED_PLUS@@@std@@@std@@QBEPAU_Node@?$_List_nod@PAUtagDB_OVERLAPPED_PLUS@@V?$allocator@PAUtagDB_OVERLAPPED_PLUS@@@std@@@3@XZ 00403b60 f i DBManager.obj
 0001:00002b70       ?max_size@?$list@PAUtagDB_OVERLAPPED_PLUS@@V?$allocator@PAUtagDB_OVERLAPPED_PLUS@@@std@@@std@@QBEIXZ 00403b70 f i DBManager.obj
 0001:00002b80       ??0_Node@?$_List_nod@PAUtagDB_OVERLAPPED_PLUS@@V?$allocator@PAUtagDB_OVERLAPPED_PLUS@@@std@@@std@@QAE@PAU012@0ABQAUtagDB_OVERLAPPED_PLUS@@@Z 00403b80 f i DBManager.obj
 0001:00002ba0       ??$_Ptr_cat@PAUtagDB_OVERLAPPED_PLUS@@@std@@YA?AU_Scalar_ptr_iterator_tag@0@PAPAPAUtagDB_OVERLAPPED_PLUS@@0@Z 00403ba0 f i DBManager.obj
 0001:00002bb0       ??$_Uninit_copy@PAPAUtagDB_OVERLAPPED_PLUS@@PAPAU1@@std@@YAPAPAPAUtagDB_OVERLAPPED_PLUS@@PAPAPAU1@00AAV?$allocator@PAPAUtagDB_OVERLAPPED_PLUS@@@0@U_Scalar_ptr_iterator_tag@0@@Z 00403bb0 f i DBManager.obj
 0001:00002be0       ??$_Destroy_range@PAPAUtagDB_OVERLAPPED_PLUS@@V?$allocator@PAPAUtagDB_OVERLAPPED_PLUS@@@std@@@std@@YAXPAPAPAUtagDB_OVERLAPPED_PLUS@@0AAV?$allocator@PAPAUtagDB_OVERLAPPED_PLUS@@@0@U_Scalar_ptr_iterator_tag@0@@Z 00403be0 f i DBManager.obj
 0001:00002bf0       ??$fill_n@PAPAPAUtagDB_OVERLAPPED_PLUS@@IPAPAU1@@std@@YAXPAPAPAUtagDB_OVERLAPPED_PLUS@@IABQAPAU1@@Z 00403bf0 f i DBManager.obj
 0001:00002c10       ?compare@?$char_traits@D@std@@SAHPBD0I@Z 00403c10 f i DBManager.obj
 0001:00002c30       ??0CMclCritSec@@QAE@XZ     00403c30 f i DBManager.obj
 0001:00002c50       ??1CMclCritSec@@UAE@XZ     00403c50 f i DBManager.obj
 0001:00002c70       ?Enter@CMclCritSec@@QAEXXZ 00403c70 f i DBManager.obj
 0001:00002c80       ?Leave@CMclCritSec@@QAEXXZ 00403c80 f i DBManager.obj
 0001:00002c90       ??_ECMclCritSec@@UAEPAXI@Z 00403c90 f i DBManager.obj
 0001:00002c90       ??_GCMclCritSec@@UAEPAXI@Z 00403c90 f i DBManager.obj
 0001:00002cc0       ??0CMclAutoLock@@QAE@AAVCMclCritSec@@@Z 00403cc0 f i DBManager.obj
 0001:00002ce0       ??1CMclAutoLock@@QAE@XZ    00403ce0 f i DBManager.obj
 0001:00002cf0       ?StringFindString@?$ChTraitsCRT@D@ATL@@SAPBDPBD0@Z 00403cf0 f i DBManager.obj
 0001:00002d00       ?GetStrTime@CDbManager@@QAEXPAVCTime@ATL@@PAD@Z 00403d00 f   DBManager.obj
 0001:00002e10       ?PostQ@CDbManager@@QAEXPAUtagDB_OVERLAPPED_PLUS@@@Z 00403e10 f   DBManager.obj
 0001:00002e40       ??9const_iterator@?$_Tree@V?$_Tset_traits@V?$basic_string@DU?$char_traits@D@std@@V?$allocator@D@2@@std@@U?$less@V?$basic_string@DU?$char_traits@D@std@@V?$allocator@D@2@@std@@@2@V?$allocator@V?$basic_string@DU?$char_traits@D@std@@V?$allocator@D@2@@std@@@2@$0A@@std@@@std@@QBE_NABV012@@Z 00403e40 f i DBManager.obj
 0001:00002e60       ?GetManager@?$CSimpleStringT@D$0A@@ATL@@QBEPAUIAtlStringMgr@2@XZ 00403e60 f i DBManager.obj
 0001:00002e70       ?_Key@?$_Tree@V?$_Tset_traits@V?$basic_string@DU?$char_traits@D@std@@V?$allocator@D@2@@std@@U?$less@V?$basic_string@DU?$char_traits@D@std@@V?$allocator@D@2@@std@@@2@V?$allocator@V?$basic_string@DU?$char_traits@D@std@@V?$allocator@D@2@@std@@@2@$0A@@std@@@std@@KAABV?$basic_string@DU?$char_traits@D@std@@V?$allocator@D@2@@2@PAU_Node@?$_Tree_nod@V?$_Tset_traits@V?$basic_string@DU?$char_traits@D@std@@V?$allocator@D@2@@std@@U?$less@V?$basic_string@DU?$char_traits@D@std@@V?$allocator@D@2@@std@@@2@V?$allocator@V?$basic_string@DU?$char_traits@D@std@@V?$allocator@D@2@@std@@@2@$0A@@std@@@2@@Z 00403e70 f i DBManager.obj
 0001:00002e80       ?_Root@?$_Tree@V?$_Tset_traits@V?$basic_string@DU?$char_traits@D@std@@V?$allocator@D@2@@std@@U?$less@V?$basic_string@DU?$char_traits@D@std@@V?$allocator@D@2@@std@@@2@V?$allocator@V?$basic_string@DU?$char_traits@D@std@@V?$allocator@D@2@@std@@@2@$0A@@std@@@std@@IAEAAPAU_Node@?$_Tree_nod@V?$_Tset_traits@V?$basic_string@DU?$char_traits@D@std@@V?$allocator@D@2@@std@@U?$less@V?$basic_string@DU?$char_traits@D@std@@V?$allocator@D@2@@std@@@2@V?$allocator@V?$basic_string@DU?$char_traits@D@std@@V?$allocator@D@2@@std@@@2@$0A@@std@@@2@XZ 00403e80 f i DBManager.obj
 0001:00002e90       ??0iterator@?$_Tree@V?$_Tset_traits@V?$basic_string@DU?$char_traits@D@std@@V?$allocator@D@2@@std@@U?$less@V?$basic_string@DU?$char_traits@D@std@@V?$allocator@D@2@@std@@@2@V?$allocator@V?$basic_string@DU?$char_traits@D@std@@V?$allocator@D@2@@std@@@2@$0A@@std@@@std@@QAE@PAU_Node@?$_Tree_nod@V?$_Tset_traits@V?$basic_string@DU?$char_traits@D@std@@V?$allocator@D@2@@std@@U?$less@V?$basic_string@DU?$char_traits@D@std@@V?$allocator@D@2@@std@@@2@V?$allocator@V?$basic_string@DU?$char_traits@D@std@@V?$allocator@D@2@@std@@@2@$0A@@std@@@2@@Z 00403e90 f i DBManager.obj
 0001:00002ea0       ??0?$CSimpleStringT@D$0A@@ATL@@QAE@PBDHPAUIAtlStringMgr@1@@Z 00403ea0 f i DBManager.obj
 0001:00002f10       ?max_size@?$_Tree@V?$_Tset_traits@V?$basic_string@DU?$char_traits@D@std@@V?$allocator@D@2@@std@@U?$less@V?$basic_string@DU?$char_traits@D@std@@V?$allocator@D@2@@std@@@2@V?$allocator@V?$basic_string@DU?$char_traits@D@std@@V?$allocator@D@2@@std@@@2@$0A@@std@@@std@@QBEIXZ 00403f10 f i DBManager.obj
 0001:00002f20       ?_Lrotate@?$_Tree@V?$_Tset_traits@V?$basic_string@DU?$char_traits@D@std@@V?$allocator@D@2@@std@@U?$less@V?$basic_string@DU?$char_traits@D@std@@V?$allocator@D@2@@std@@@2@V?$allocator@V?$basic_string@DU?$char_traits@D@std@@V?$allocator@D@2@@std@@@2@$0A@@std@@@std@@IAEXPAU_Node@?$_Tree_nod@V?$_Tset_traits@V?$basic_string@DU?$char_traits@D@std@@V?$allocator@D@2@@std@@U?$less@V?$basic_string@DU?$char_traits@D@std@@V?$allocator@D@2@@std@@@2@V?$allocator@V?$basic_string@DU?$char_traits@D@std@@V?$allocator@D@2@@std@@@2@$0A@@std@@@2@@Z 00403f20 f i DBManager.obj
 0001:00002f80       ?_Rrotate@?$_Tree@V?$_Tset_traits@V?$basic_string@DU?$char_traits@D@std@@V?$allocator@D@2@@std@@U?$less@V?$basic_string@DU?$char_traits@D@std@@V?$allocator@D@2@@std@@@2@V?$allocator@V?$basic_string@DU?$char_traits@D@std@@V?$allocator@D@2@@std@@@2@$0A@@std@@@std@@IAEXPAU_Node@?$_Tree_nod@V?$_Tset_traits@V?$basic_string@DU?$char_traits@D@std@@V?$allocator@D@2@@std@@U?$less@V?$basic_string@DU?$char_traits@D@std@@V?$allocator@D@2@@std@@@2@V?$allocator@V?$basic_string@DU?$char_traits@D@std@@V?$allocator@D@2@@std@@@2@$0A@@std@@@2@@Z 00403f80 f i DBManager.obj
 0001:00002fe0       ?destroy@?$allocator@PAU_Node@?$_Tree_nod@V?$_Tset_traits@V?$basic_string@DU?$char_traits@D@std@@V?$allocator@D@2@@std@@U?$less@V?$basic_string@DU?$char_traits@D@std@@V?$allocator@D@2@@std@@@2@V?$allocator@V?$basic_string@DU?$char_traits@D@std@@V?$allocator@D@2@@std@@@2@$0A@@std@@@std@@@std@@QAEXPAPAU_Node@?$_Tree_nod@V?$_Tset_traits@V?$basic_string@DU?$char_traits@D@std@@V?$allocator@D@2@@std@@U?$less@V?$basic_string@DU?$char_traits@D@std@@V?$allocator@D@2@@std@@@2@V?$allocator@V?$basic_string@DU?$char_traits@D@std@@V?$allocator@D@2@@std@@@2@$0A@@std@@@2@@Z 00403fe0 f i DBManager.obj
 0001:00002ff0       ?allocate@?$allocator@U_Node@?$_Tree_nod@V?$_Tset_traits@V?$basic_string@DU?$char_traits@D@std@@V?$allocator@D@2@@std@@U?$less@V?$basic_string@DU?$char_traits@D@std@@V?$allocator@D@2@@std@@@2@V?$allocator@V?$basic_string@DU?$char_traits@D@std@@V?$allocator@D@2@@std@@@2@$0A@@std@@@std@@@std@@QAEPAU_Node@?$_Tree_nod@V?$_Tset_traits@V?$basic_string@DU?$char_traits@D@std@@V?$allocator@D@2@@std@@U?$less@V?$basic_string@DU?$char_traits@D@std@@V?$allocator@D@2@@std@@@2@V?$allocator@V?$basic_string@DU?$char_traits@D@std@@V?$allocator@D@2@@std@@@2@$0A@@std@@@2@I@Z 00403ff0 f i DBManager.obj
 0001:00003010       ?_Dec@const_iterator@?$_Tree@V?$_Tset_traits@V?$basic_string@DU?$char_traits@D@std@@V?$allocator@D@2@@std@@U?$less@V?$basic_string@DU?$char_traits@D@std@@V?$allocator@D@2@@std@@@2@V?$allocator@V?$basic_string@DU?$char_traits@D@std@@V?$allocator@D@2@@std@@@2@$0A@@std@@@std@@QAEXXZ 00404010 f i DBManager.obj
 0001:00003070       ??0?$_Tree_nod@V?$_Tset_traits@V?$basic_string@DU?$char_traits@D@std@@V?$allocator@D@2@@std@@U?$less@V?$basic_string@DU?$char_traits@D@std@@V?$allocator@D@2@@std@@@2@V?$allocator@V?$basic_string@DU?$char_traits@D@std@@V?$allocator@D@2@@std@@@2@$0A@@std@@@std@@IAE@ABU?$less@V?$basic_string@DU?$char_traits@D@std@@V?$allocator@D@2@@std@@@1@V?$allocator@V?$basic_string@DU?$char_traits@D@std@@V?$allocator@D@2@@std@@@1@@Z 00404070 f i DBManager.obj
 0001:00003080       ?construct@?$allocator@PAU_Node@?$_Tree_nod@V?$_Tset_traits@V?$basic_string@DU?$char_traits@D@std@@V?$allocator@D@2@@std@@U?$less@V?$basic_string@DU?$char_traits@D@std@@V?$allocator@D@2@@std@@@2@V?$allocator@V?$basic_string@DU?$char_traits@D@std@@V?$allocator@D@2@@std@@@2@$0A@@std@@@std@@@std@@QAEXPAPAU_Node@?$_Tree_nod@V?$_Tset_traits@V?$basic_string@DU?$char_traits@D@std@@V?$allocator@D@2@@std@@U?$less@V?$basic_string@DU?$char_traits@D@std@@V?$allocator@D@2@@std@@@2@V?$allocator@V?$basic_string@DU?$char_traits@D@std@@V?$allocator@D@2@@std@@@2@$0A@@std@@@2@ABQAU342@@Z 00404080 f i DBManager.obj
 0001:000030a0       ??Econst_iterator@?$_Tree@V?$_Tset_traits@V?$basic_string@DU?$char_traits@D@std@@V?$allocator@D@2@@std@@U?$less@V?$basic_string@DU?$char_traits@D@std@@V?$allocator@D@2@@std@@@2@V?$allocator@V?$basic_string@DU?$char_traits@D@std@@V?$allocator@D@2@@std@@@2@$0A@@std@@@std@@QAEAAV012@XZ 004040a0 f i DBManager.obj
 0001:000030b0       ?compare@?$basic_string@DU?$char_traits@D@std@@V?$allocator@D@2@@std@@QBEHIIPBDI@Z 004040b0 f i DBManager.obj
 0001:00003130       ?destroy@?$allocator@U_Node@?$_List_nod@PAUtagDB_OVERLAPPED_PLUS@@V?$allocator@PAUtagDB_OVERLAPPED_PLUS@@@std@@@std@@@std@@QAEXPAU_Node@?$_List_nod@PAUtagDB_OVERLAPPED_PLUS@@V?$allocator@PAUtagDB_OVERLAPPED_PLUS@@@std@@@2@@Z 00404130 f i DBManager.obj
 0001:00003140       ??0iterator@?$list@PAUtagDB_OVERLAPPED_PLUS@@V?$allocator@PAUtagDB_OVERLAPPED_PLUS@@@std@@@std@@QAE@PAU_Node@?$_List_nod@PAUtagDB_OVERLAPPED_PLUS@@V?$allocator@PAUtagDB_OVERLAPPED_PLUS@@@std@@@2@@Z 00404140 f i DBManager.obj
 0001:00003150       ?allocate@?$allocator@PAUtagDB_OVERLAPPED_PLUS@@@std@@QAEPAPAUtagDB_OVERLAPPED_PLUS@@I@Z 00404150 f i DBManager.obj
 0001:00003170       ?construct@?$allocator@PAUtagDB_OVERLAPPED_PLUS@@@std@@QAEXPAPAUtagDB_OVERLAPPED_PLUS@@ABQAU3@@Z 00404170 f i DBManager.obj
 0001:00003190       ?destroy@?$allocator@PAUtagDB_OVERLAPPED_PLUS@@@std@@QAEXPAPAUtagDB_OVERLAPPED_PLUS@@@Z 00404190 f i DBManager.obj
 0001:000031a0       ?destroy@?$allocator@PAPAUtagDB_OVERLAPPED_PLUS@@@std@@QAEXPAPAPAUtagDB_OVERLAPPED_PLUS@@@Z 004041a0 f i DBManager.obj
 0001:000031b0       ?allocate@?$allocator@U_Node@?$_List_nod@PAUtagDB_OVERLAPPED_PLUS@@V?$allocator@PAUtagDB_OVERLAPPED_PLUS@@@std@@@std@@@std@@QAEPAU_Node@?$_List_nod@PAUtagDB_OVERLAPPED_PLUS@@V?$allocator@PAUtagDB_OVERLAPPED_PLUS@@@std@@@2@I@Z 004041b0 f i DBManager.obj
 0001:000031d0       ?construct@?$allocator@PAU_Node@?$_List_nod@PAUtagDB_OVERLAPPED_PLUS@@V?$allocator@PAUtagDB_OVERLAPPED_PLUS@@@std@@@std@@@std@@QAEXPAPAU_Node@?$_List_nod@PAUtagDB_OVERLAPPED_PLUS@@V?$allocator@PAUtagDB_OVERLAPPED_PLUS@@@std@@@2@ABQAU342@@Z 004041d0 f i DBManager.obj
 0001:000031f0       ?destroy@?$allocator@PAU_Node@?$_List_nod@PAUtagDB_OVERLAPPED_PLUS@@V?$allocator@PAUtagDB_OVERLAPPED_PLUS@@@std@@@std@@@std@@QAEXPAPAU_Node@?$_List_nod@PAUtagDB_OVERLAPPED_PLUS@@V?$allocator@PAUtagDB_OVERLAPPED_PLUS@@@std@@@2@@Z 004041f0 f i DBManager.obj
 0001:00003200       ?max_size@?$deque@PAUtagDB_OVERLAPPED_PLUS@@V?$allocator@PAUtagDB_OVERLAPPED_PLUS@@@std@@@std@@QBEIXZ 00404200 f i DBManager.obj
 0001:00003210       ??0?$_Deque_map@PAUtagDB_OVERLAPPED_PLUS@@V?$allocator@PAUtagDB_OVERLAPPED_PLUS@@@std@@@std@@IAE@V?$allocator@PAUtagDB_OVERLAPPED_PLUS@@@1@@Z 00404210 f i DBManager.obj
 0001:00003220       ?allocate@?$allocator@PAPAUtagDB_OVERLAPPED_PLUS@@@std@@QAEPAPAPAUtagDB_OVERLAPPED_PLUS@@I@Z 00404220 f i DBManager.obj
 0001:00003240       ??0?$_List_nod@PAUtagDB_OVERLAPPED_PLUS@@V?$allocator@PAUtagDB_OVERLAPPED_PLUS@@@std@@@std@@IAE@V?$allocator@PAUtagDB_OVERLAPPED_PLUS@@@1@@Z 00404240 f i DBManager.obj
 0001:00003250       ??$_Uninitialized_copy@PAPAPAUtagDB_OVERLAPPED_PLUS@@PAPAPAU1@V?$allocator@PAPAUtagDB_OVERLAPPED_PLUS@@@std@@@std@@YAPAPAPAUtagDB_OVERLAPPED_PLUS@@PAPAPAU1@00AAV?$allocator@PAPAUtagDB_OVERLAPPED_PLUS@@@0@@Z 00404250 f i DBManager.obj
 0001:00003280       ??$_Destroy_range@PAPAUtagDB_OVERLAPPED_PLUS@@V?$allocator@PAPAUtagDB_OVERLAPPED_PLUS@@@std@@@std@@YAXPAPAPAUtagDB_OVERLAPPED_PLUS@@0AAV?$allocator@PAPAUtagDB_OVERLAPPED_PLUS@@@0@@Z 00404280 f i DBManager.obj
 0001:00003290       ?_Buynode@?$list@PAUtagDB_OVERLAPPED_PLUS@@V?$allocator@PAUtagDB_OVERLAPPED_PLUS@@@std@@@std@@IAEPAU_Node@?$_List_nod@PAUtagDB_OVERLAPPED_PLUS@@V?$allocator@PAUtagDB_OVERLAPPED_PLUS@@@std@@@2@PAU342@0ABQAUtagDB_OVERLAPPED_PLUS@@@Z 00404290 f i DBManager.obj
 0001:000032c0       ??$_Uninit_fill_n@PAPAUtagDB_OVERLAPPED_PLUS@@IPAPAU1@@std@@YAXPAPAPAUtagDB_OVERLAPPED_PLUS@@IABQAPAU1@AAV?$allocator@PAPAUtagDB_OVERLAPPED_PLUS@@@0@U_Scalar_ptr_iterator_tag@0@@Z 004042c0 f i DBManager.obj
 0001:000032e0       ?ReleaseBuffer@?$CSimpleStringT@D$0A@@ATL@@QAEXH@Z 004042e0 f i DBManager.obj
 0001:00003320       ?CloneData@?$CSimpleStringT@D$0A@@ATL@@CAPAUCStringData@2@PAU32@@Z 00404320 f i DBManager.obj
 0001:00003380       ?end@?$_Tree@V?$_Tset_traits@V?$basic_string@DU?$char_traits@D@std@@V?$allocator@D@2@@std@@U?$less@V?$basic_string@DU?$char_traits@D@std@@V?$allocator@D@2@@std@@@2@V?$allocator@V?$basic_string@DU?$char_traits@D@std@@V?$allocator@D@2@@std@@@2@$0A@@std@@@std@@QAE?AViterator@12@XZ 00404380 f i DBManager.obj
 0001:00003390       ??0?$CStringT@DV?$StrTraitMFC@DV?$ChTraitsCRT@D@ATL@@@@@ATL@@QAE@PBDHPAUIAtlStringMgr@1@@Z 00404390 f i DBManager.obj
 0001:000033b0       ?begin@?$_Tree@V?$_Tset_traits@V?$basic_string@DU?$char_traits@D@std@@V?$allocator@D@2@@std@@U?$less@V?$basic_string@DU?$char_traits@D@std@@V?$allocator@D@2@@std@@@2@V?$allocator@V?$basic_string@DU?$char_traits@D@std@@V?$allocator@D@2@@std@@@2@$0A@@std@@@std@@QAE?AViterator@12@XZ 004043b0 f i DBManager.obj
 0001:000033c0       ??Fconst_iterator@?$_Tree@V?$_Tset_traits@V?$basic_string@DU?$char_traits@D@std@@V?$allocator@D@2@@std@@U?$less@V?$basic_string@DU?$char_traits@D@std@@V?$allocator@D@2@@std@@@2@V?$allocator@V?$basic_string@DU?$char_traits@D@std@@V?$allocator@D@2@@std@@@2@$0A@@std@@@std@@QAEAAV012@XZ 004043c0 f i DBManager.obj
 0001:000033d0       ?_Buynode@?$_Tree@V?$_Tset_traits@V?$basic_string@DU?$char_traits@D@std@@V?$allocator@D@2@@std@@U?$less@V?$basic_string@DU?$char_traits@D@std@@V?$allocator@D@2@@std@@@2@V?$allocator@V?$basic_string@DU?$char_traits@D@std@@V?$allocator@D@2@@std@@@2@$0A@@std@@@std@@IAEPAU_Node@?$_Tree_nod@V?$_Tset_traits@V?$basic_string@DU?$char_traits@D@std@@V?$allocator@D@2@@std@@U?$less@V?$basic_string@DU?$char_traits@D@std@@V?$allocator@D@2@@std@@@2@V?$allocator@V?$basic_string@DU?$char_traits@D@std@@V?$allocator@D@2@@std@@@2@$0A@@std@@@2@XZ 004043d0 f i DBManager.obj
 0001:00003410       ??0?$_Tree_ptr@V?$_Tset_traits@V?$basic_string@DU?$char_traits@D@std@@V?$allocator@D@2@@std@@U?$less@V?$basic_string@DU?$char_traits@D@std@@V?$allocator@D@2@@std@@@2@V?$allocator@V?$basic_string@DU?$char_traits@D@std@@V?$allocator@D@2@@std@@@2@$0A@@std@@@std@@IAE@ABU?$less@V?$basic_string@DU?$char_traits@D@std@@V?$allocator@D@2@@std@@@1@V?$allocator@V?$basic_string@DU?$char_traits@D@std@@V?$allocator@D@2@@std@@@1@@Z 00404410 f i DBManager.obj
 0001:00003420       ??Eiterator@?$_Tree@V?$_Tset_traits@V?$basic_string@DU?$char_traits@D@std@@V?$allocator@D@2@@std@@U?$less@V?$basic_string@DU?$char_traits@D@std@@V?$allocator@D@2@@std@@@2@V?$allocator@V?$basic_string@DU?$char_traits@D@std@@V?$allocator@D@2@@std@@@2@$0A@@std@@@std@@QAEAAV012@XZ 00404420 f i DBManager.obj
 0001:00003430       ?compare@?$basic_string@DU?$char_traits@D@std@@V?$allocator@D@2@@std@@QBEHABV12@@Z 00404430 f i DBManager.obj
 0001:00003470       ?end@?$list@PAUtagDB_OVERLAPPED_PLUS@@V?$allocator@PAUtagDB_OVERLAPPED_PLUS@@@std@@@std@@QAE?AViterator@12@XZ 00404470 f i DBManager.obj
 0001:00003480       ?clear@?$list@PAUtagDB_OVERLAPPED_PLUS@@V?$allocator@PAUtagDB_OVERLAPPED_PLUS@@@std@@@std@@QAEXXZ 00404480 f i DBManager.obj
 0001:000034c0       ?pop_back@?$deque@PAUtagDB_OVERLAPPED_PLUS@@V?$allocator@PAUtagDB_OVERLAPPED_PLUS@@@std@@@std@@QAEXXZ 004044c0 f i DBManager.obj
 0001:000034e0       ?_Tidy@?$deque@PAUtagDB_OVERLAPPED_PLUS@@V?$allocator@PAUtagDB_OVERLAPPED_PLUS@@@std@@@std@@IAEXXZ 004044e0 f i DBManager.obj
 0001:00003550       ?_Buynode@?$list@PAUtagDB_OVERLAPPED_PLUS@@V?$allocator@PAUtagDB_OVERLAPPED_PLUS@@@std@@@std@@IAEPAU_Node@?$_List_nod@PAUtagDB_OVERLAPPED_PLUS@@V?$allocator@PAUtagDB_OVERLAPPED_PLUS@@@std@@@2@XZ 00404550 f i DBManager.obj
 0001:00003570       ?_Tidy@?$list@PAUtagDB_OVERLAPPED_PLUS@@V?$allocator@PAUtagDB_OVERLAPPED_PLUS@@@std@@@std@@IAEXXZ 00404570 f i DBManager.obj
 0001:00003590       ??0?$_Deque_val@PAUtagDB_OVERLAPPED_PLUS@@V?$allocator@PAUtagDB_OVERLAPPED_PLUS@@@std@@@std@@IAE@V?$allocator@PAUtagDB_OVERLAPPED_PLUS@@@1@@Z 00404590 f i DBManager.obj
 0001:000035a0       ??0?$_List_ptr@PAUtagDB_OVERLAPPED_PLUS@@V?$allocator@PAUtagDB_OVERLAPPED_PLUS@@@std@@@std@@IAE@V?$allocator@PAUtagDB_OVERLAPPED_PLUS@@@1@@Z 004045a0 f i DBManager.obj
 0001:000035b0       ??$_Uninitialized_fill_n@PAPAPAUtagDB_OVERLAPPED_PLUS@@IPAPAU1@V?$allocator@PAPAUtagDB_OVERLAPPED_PLUS@@@std@@@std@@YAXPAPAPAUtagDB_OVERLAPPED_PLUS@@IABQAPAU1@AAV?$allocator@PAPAUtagDB_OVERLAPPED_PLUS@@@0@@Z 004045b0 f i DBManager.obj
 0001:000035d0       ??0?$CStringT@DV?$StrTraitMFC@DV?$ChTraitsCRT@D@ATL@@@@@ATL@@QAE@XZ 004045d0 f i DBManager.obj
 0001:000035f0       ?Find@?$CStringT@DV?$StrTraitMFC@DV?$ChTraitsCRT@D@ATL@@@@@ATL@@QBEHPBDH@Z 004045f0 f i DBManager.obj
 0001:00003630       ??0?$CSimpleStringT@D$0A@@ATL@@QAE@ABV01@@Z 00404630 f i DBManager.obj
 0001:00003650       ??Fiterator@?$_Tree@V?$_Tset_traits@V?$basic_string@DU?$char_traits@D@std@@V?$allocator@D@2@@std@@U?$less@V?$basic_string@DU?$char_traits@D@std@@V?$allocator@D@2@@std@@@2@V?$allocator@V?$basic_string@DU?$char_traits@D@std@@V?$allocator@D@2@@std@@@2@$0A@@std@@@std@@QAEAAV012@XZ 00404650 f i DBManager.obj
 0001:00003660       ?_Init@?$_Tree@V?$_Tset_traits@V?$basic_string@DU?$char_traits@D@std@@V?$allocator@D@2@@std@@U?$less@V?$basic_string@DU?$char_traits@D@std@@V?$allocator@D@2@@std@@@2@V?$allocator@V?$basic_string@DU?$char_traits@D@std@@V?$allocator@D@2@@std@@@2@$0A@@std@@@std@@IAEXXZ 00404660 f i DBManager.obj
 0001:00003690       ??0?$_Tree_val@V?$_Tset_traits@V?$basic_string@DU?$char_traits@D@std@@V?$allocator@D@2@@std@@U?$less@V?$basic_string@DU?$char_traits@D@std@@V?$allocator@D@2@@std@@@2@V?$allocator@V?$basic_string@DU?$char_traits@D@std@@V?$allocator@D@2@@std@@@2@$0A@@std@@@std@@IAE@ABU?$less@V?$basic_string@DU?$char_traits@D@std@@V?$allocator@D@2@@std@@@1@V?$allocator@V?$basic_string@DU?$char_traits@D@std@@V?$allocator@D@2@@std@@@1@@Z 00404690 f i DBManager.obj
 0001:000036a0       ??Eiterator@?$_Tree@V?$_Tset_traits@V?$basic_string@DU?$char_traits@D@std@@V?$allocator@D@2@@std@@U?$less@V?$basic_string@DU?$char_traits@D@std@@V?$allocator@D@2@@std@@@2@V?$allocator@V?$basic_string@DU?$char_traits@D@std@@V?$allocator@D@2@@std@@@2@$0A@@std@@@std@@QAE?AV012@H@Z 004046a0 f i DBManager.obj
 0001:000036c0       ??$?MDU?$char_traits@D@std@@V?$allocator@D@1@@std@@YA_NABV?$basic_string@DU?$char_traits@D@std@@V?$allocator@D@2@@0@0@Z 004046c0 f i DBManager.obj
 0001:000036f0       ??1?$deque@PAUtagDB_OVERLAPPED_PLUS@@V?$allocator@PAUtagDB_OVERLAPPED_PLUS@@@std@@@std@@QAE@XZ 004046f0 f i DBManager.obj
 0001:00003700       ??1?$list@PAUtagDB_OVERLAPPED_PLUS@@V?$allocator@PAUtagDB_OVERLAPPED_PLUS@@@std@@@std@@QAE@XZ 00404700 f i DBManager.obj
 0001:00003720       ??0?$deque@PAUtagDB_OVERLAPPED_PLUS@@V?$allocator@PAUtagDB_OVERLAPPED_PLUS@@@std@@@std@@QAE@XZ 00404720 f i DBManager.obj
 0001:00003740       ??0?$_List_val@PAUtagDB_OVERLAPPED_PLUS@@V?$allocator@PAUtagDB_OVERLAPPED_PLUS@@@std@@@std@@IAE@V?$allocator@PAUtagDB_OVERLAPPED_PLUS@@@1@@Z 00404740 f i DBManager.obj
 0001:00003750       ??0?$CStringT@DV?$StrTraitMFC@DV?$ChTraitsCRT@D@ATL@@@@@ATL@@QAE@ABV01@@Z 00404750 f i DBManager.obj
 0001:00003770       ?Mid@?$CStringT@DV?$StrTraitMFC@DV?$ChTraitsCRT@D@ATL@@@@@ATL@@QBE?AV12@HH@Z 00404770 f i DBManager.obj
 0001:00003800       ?Right@?$CStringT@DV?$StrTraitMFC@DV?$ChTraitsCRT@D@ATL@@@@@ATL@@QBE?AV12@H@Z 00404800 f i DBManager.obj
 0001:00003870       ?Left@?$CStringT@DV?$StrTraitMFC@DV?$ChTraitsCRT@D@ATL@@@@@ATL@@QBE?AV12@H@Z 00404870 f i DBManager.obj
 0001:000038d0       ??R?$less@V?$basic_string@DU?$char_traits@D@std@@V?$allocator@D@2@@std@@@std@@QBE_NABV?$basic_string@DU?$char_traits@D@std@@V?$allocator@D@2@@1@0@Z 004048d0 f i DBManager.obj
 0001:00003910       ??0?$_Tree@V?$_Tset_traits@V?$basic_string@DU?$char_traits@D@std@@V?$allocator@D@2@@std@@U?$less@V?$basic_string@DU?$char_traits@D@std@@V?$allocator@D@2@@std@@@2@V?$allocator@V?$basic_string@DU?$char_traits@D@std@@V?$allocator@D@2@@std@@@2@$0A@@std@@@std@@QAE@ABU?$less@V?$basic_string@DU?$char_traits@D@std@@V?$allocator@D@2@@std@@@1@ABV?$allocator@V?$basic_string@DU?$char_traits@D@std@@V?$allocator@D@2@@std@@@1@@Z 00404910 f i DBManager.obj
 0001:00003940       ?_Lbound@?$_Tree@V?$_Tset_traits@V?$basic_string@DU?$char_traits@D@std@@V?$allocator@D@2@@std@@U?$less@V?$basic_string@DU?$char_traits@D@std@@V?$allocator@D@2@@std@@@2@V?$allocator@V?$basic_string@DU?$char_traits@D@std@@V?$allocator@D@2@@std@@@2@$0A@@std@@@std@@IBEPAU_Node@?$_Tree_nod@V?$_Tset_traits@V?$basic_string@DU?$char_traits@D@std@@V?$allocator@D@2@@std@@U?$less@V?$basic_string@DU?$char_traits@D@std@@V?$allocator@D@2@@std@@@2@V?$allocator@V?$basic_string@DU?$char_traits@D@std@@V?$allocator@D@2@@std@@@2@$0A@@std@@@2@ABV?$basic_string@DU?$char_traits@D@std@@V?$allocator@D@2@@2@@Z 00404940 f i DBManager.obj
 0001:00003a00       ??1?$stack@PAUtagDB_OVERLAPPED_PLUS@@V?$deque@PAUtagDB_OVERLAPPED_PLUS@@V?$allocator@PAUtagDB_OVERLAPPED_PLUS@@@std@@@std@@@std@@QAE@XZ 00404a00 f i DBManager.obj
 0001:00003a10       ??1_Node@?$_Tree_nod@V?$_Tset_traits@V?$basic_string@DU?$char_traits@D@std@@V?$allocator@D@2@@std@@U?$less@V?$basic_string@DU?$char_traits@D@std@@V?$allocator@D@2@@std@@@2@V?$allocator@V?$basic_string@DU?$char_traits@D@std@@V?$allocator@D@2@@std@@@2@$0A@@std@@@std@@QAE@XZ 00404a10 f i DBManager.obj
 0001:00003a40       ??0?$stack@PAUtagDB_OVERLAPPED_PLUS@@V?$deque@PAUtagDB_OVERLAPPED_PLUS@@V?$allocator@PAUtagDB_OVERLAPPED_PLUS@@@std@@@std@@@std@@QAE@XZ 00404a40 f i DBManager.obj
 0001:00003a60       ??0?$list@PAUtagDB_OVERLAPPED_PLUS@@V?$allocator@PAUtagDB_OVERLAPPED_PLUS@@@std@@@std@@QAE@XZ 00404a60 f i DBManager.obj
 0001:00003a80       ?lower_bound@?$_Tree@V?$_Tset_traits@V?$basic_string@DU?$char_traits@D@std@@V?$allocator@D@2@@std@@U?$less@V?$basic_string@DU?$char_traits@D@std@@V?$allocator@D@2@@std@@@2@V?$allocator@V?$basic_string@DU?$char_traits@D@std@@V?$allocator@D@2@@std@@@2@$0A@@std@@@std@@QAE?AViterator@12@ABV?$basic_string@DU?$char_traits@D@std@@V?$allocator@D@2@@2@@Z 00404a80 f i DBManager.obj
 0001:00003aa0       ??_G_Node@?$_Tree_nod@V?$_Tset_traits@V?$basic_string@DU?$char_traits@D@std@@V?$allocator@D@2@@std@@U?$less@V?$basic_string@DU?$char_traits@D@std@@V?$allocator@D@2@@std@@@2@V?$allocator@V?$basic_string@DU?$char_traits@D@std@@V?$allocator@D@2@@std@@@2@$0A@@std@@@std@@QAEPAXI@Z 00404aa0 f i DBManager.obj
 0001:00003ac0       ?find@?$_Tree@V?$_Tset_traits@V?$basic_string@DU?$char_traits@D@std@@V?$allocator@D@2@@std@@U?$less@V?$basic_string@DU?$char_traits@D@std@@V?$allocator@D@2@@std@@@2@V?$allocator@V?$basic_string@DU?$char_traits@D@std@@V?$allocator@D@2@@std@@@2@$0A@@std@@@std@@QAE?AViterator@12@ABV?$basic_string@DU?$char_traits@D@std@@V?$allocator@D@2@@2@@Z 00404ac0 f i DBManager.obj
 0001:00003b30       ??0_Node@?$_Tree_nod@V?$_Tset_traits@V?$basic_string@DU?$char_traits@D@std@@V?$allocator@D@2@@std@@U?$less@V?$basic_string@DU?$char_traits@D@std@@V?$allocator@D@2@@std@@@2@V?$allocator@V?$basic_string@DU?$char_traits@D@std@@V?$allocator@D@2@@std@@@2@$0A@@std@@@std@@QAE@PAU012@00ABV?$basic_string@DU?$char_traits@D@std@@V?$allocator@D@2@@2@D@Z 00404b30 f i DBManager.obj
 0001:00003b80       ??$_Destroy@U_Node@?$_Tree_nod@V?$_Tset_traits@V?$basic_string@DU?$char_traits@D@std@@V?$allocator@D@2@@std@@U?$less@V?$basic_string@DU?$char_traits@D@std@@V?$allocator@D@2@@std@@@2@V?$allocator@V?$basic_string@DU?$char_traits@D@std@@V?$allocator@D@2@@std@@@2@$0A@@std@@@std@@@std@@YAXPAU_Node@?$_Tree_nod@V?$_Tset_traits@V?$basic_string@DU?$char_traits@D@std@@V?$allocator@D@2@@std@@U?$less@V?$basic_string@DU?$char_traits@D@std@@V?$allocator@D@2@@std@@@2@V?$allocator@V?$basic_string@DU?$char_traits@D@std@@V?$allocator@D@2@@std@@@2@$0A@@std@@@0@@Z 00404b80 f i DBManager.obj
 0001:00003b90       ??0out_of_range@std@@QAE@ABV?$basic_string@DU?$char_traits@D@std@@V?$allocator@D@2@@1@@Z 00404b90 f i DBManager.obj
 0001:00003bb0       ??_Eout_of_range@std@@UAEPAXI@Z 00404bb0 f i DBManager.obj
 0001:00003bb0       ??_Gout_of_range@std@@UAEPAXI@Z 00404bb0 f i DBManager.obj
 0001:00003bd0       ??1out_of_range@std@@UAE@XZ 00404bd0 f i DBManager.obj
 0001:00003c10       ?IsEveSchoolAccount@CDbManager@@QAEHPBD@Z 00404c10 f   DBManager.obj
 0001:00003cc0       ?GetGPAuthResult@@YAXPBDHH000AAU_GPAUTH_RESULT@@@Z 00404cc0 f   DBManager.obj
 0001:00004490       ?_Buynode@?$_Tree@V?$_Tset_traits@V?$basic_string@DU?$char_traits@D@std@@V?$allocator@D@2@@std@@U?$less@V?$basic_string@DU?$char_traits@D@std@@V?$allocator@D@2@@std@@@2@V?$allocator@V?$basic_string@DU?$char_traits@D@std@@V?$allocator@D@2@@std@@@2@$0A@@std@@@std@@IAEPAU_Node@?$_Tree_nod@V?$_Tset_traits@V?$basic_string@DU?$char_traits@D@std@@V?$allocator@D@2@@std@@U?$less@V?$basic_string@DU?$char_traits@D@std@@V?$allocator@D@2@@std@@@2@V?$allocator@V?$basic_string@DU?$char_traits@D@std@@V?$allocator@D@2@@std@@@2@$0A@@std@@@2@PAU342@00ABV?$basic_string@DU?$char_traits@D@std@@V?$allocator@D@2@@2@D@Z 00405490 f i DBManager.obj
 0001:00004540       ?destroy@?$allocator@U_Node@?$_Tree_nod@V?$_Tset_traits@V?$basic_string@DU?$char_traits@D@std@@V?$allocator@D@2@@std@@U?$less@V?$basic_string@DU?$char_traits@D@std@@V?$allocator@D@2@@std@@@2@V?$allocator@V?$basic_string@DU?$char_traits@D@std@@V?$allocator@D@2@@std@@@2@$0A@@std@@@std@@@std@@QAEXPAU_Node@?$_Tree_nod@V?$_Tset_traits@V?$basic_string@DU?$char_traits@D@std@@V?$allocator@D@2@@std@@U?$less@V?$basic_string@DU?$char_traits@D@std@@V?$allocator@D@2@@std@@@2@V?$allocator@V?$basic_string@DU?$char_traits@D@std@@V?$allocator@D@2@@std@@@2@$0A@@std@@@2@@Z 00405540 f i DBManager.obj
 0001:00004550       ?_Xlen@?$deque@PAUtagDB_OVERLAPPED_PLUS@@V?$allocator@PAUtagDB_OVERLAPPED_PLUS@@@std@@@std@@IBEXXZ 00405550 f i DBManager.obj
 0001:000045c0       ?_Incsize@?$list@PAUtagDB_OVERLAPPED_PLUS@@V?$allocator@PAUtagDB_OVERLAPPED_PLUS@@@std@@@std@@IAEXI@Z 004055c0 f i DBManager.obj
 0001:00004660       ?GetAccountFlag@CDbManager@@QAEEHPBD@Z 00405660 f   DBManager.obj
 0001:000046b0       ?OnCertifyQueryOK@CDbManager@@QAEXAAVCQuery@@PAUtagDB_OVERLAPPED_PLUS@@PBD@Z 004056b0 f   DBManager.obj
 0001:00004820       ?_Insert@?$_Tree@V?$_Tset_traits@V?$basic_string@DU?$char_traits@D@std@@V?$allocator@D@2@@std@@U?$less@V?$basic_string@DU?$char_traits@D@std@@V?$allocator@D@2@@std@@@2@V?$allocator@V?$basic_string@DU?$char_traits@D@std@@V?$allocator@D@2@@std@@@2@$0A@@std@@@std@@IAE?AViterator@12@_NPAU_Node@?$_Tree_nod@V?$_Tset_traits@V?$basic_string@DU?$char_traits@D@std@@V?$allocator@D@2@@std@@U?$less@V?$basic_string@DU?$char_traits@D@std@@V?$allocator@D@2@@std@@@2@V?$allocator@V?$basic_string@DU?$char_traits@D@std@@V?$allocator@D@2@@std@@@2@$0A@@std@@@2@ABV?$basic_string@DU?$char_traits@D@std@@V?$allocator@D@2@@2@@Z 00405820 f i DBManager.obj
 0001:000049d0       ?erase@?$_Tree@V?$_Tset_traits@V?$basic_string@DU?$char_traits@D@std@@V?$allocator@D@2@@std@@U?$less@V?$basic_string@DU?$char_traits@D@std@@V?$allocator@D@2@@std@@@2@V?$allocator@V?$basic_string@DU?$char_traits@D@std@@V?$allocator@D@2@@std@@@2@$0A@@std@@@std@@QAE?AViterator@12@V312@@Z 004059d0 f i DBManager.obj
 0001:00004cb0       ??0out_of_range@std@@QAE@ABV01@@Z 00405cb0 f i DBManager.obj
 0001:00004cd0       ?_Erase@?$_Tree@V?$_Tset_traits@V?$basic_string@DU?$char_traits@D@std@@V?$allocator@D@2@@std@@U?$less@V?$basic_string@DU?$char_traits@D@std@@V?$allocator@D@2@@std@@@2@V?$allocator@V?$basic_string@DU?$char_traits@D@std@@V?$allocator@D@2@@std@@@2@$0A@@std@@@std@@IAEXPAU_Node@?$_Tree_nod@V?$_Tset_traits@V?$basic_string@DU?$char_traits@D@std@@V?$allocator@D@2@@std@@U?$less@V?$basic_string@DU?$char_traits@D@std@@V?$allocator@D@2@@std@@@2@V?$allocator@V?$basic_string@DU?$char_traits@D@std@@V?$allocator@D@2@@std@@@2@$0A@@std@@@2@@Z 00405cd0 f i DBManager.obj
 0001:00004d10       ?_Growmap@?$deque@PAUtagDB_OVERLAPPED_PLUS@@V?$allocator@PAUtagDB_OVERLAPPED_PLUS@@@std@@@std@@IAEXI@Z 00405d10 f i DBManager.obj
 0001:00004e70       ?_Insert@?$list@PAUtagDB_OVERLAPPED_PLUS@@V?$allocator@PAUtagDB_OVERLAPPED_PLUS@@@std@@@std@@QAEXViterator@12@ABQAUtagDB_OVERLAPPED_PLUS@@@Z 00405e70 f i DBManager.obj
 0001:00004eb0       ?insert@?$_Tree@V?$_Tset_traits@V?$basic_string@DU?$char_traits@D@std@@V?$allocator@D@2@@std@@U?$less@V?$basic_string@DU?$char_traits@D@std@@V?$allocator@D@2@@std@@@2@V?$allocator@V?$basic_string@DU?$char_traits@D@std@@V?$allocator@D@2@@std@@@2@$0A@@std@@@std@@QAE?AU?$pair@Viterator@?$_Tree@V?$_Tset_traits@V?$basic_string@DU?$char_traits@D@std@@V?$allocator@D@2@@std@@U?$less@V?$basic_string@DU?$char_traits@D@std@@V?$allocator@D@2@@std@@@2@V?$allocator@V?$basic_string@DU?$char_traits@D@std@@V?$allocator@D@2@@std@@@2@$0A@@std@@@std@@_N@2@ABV?$basic_string@DU?$char_traits@D@std@@V?$allocator@D@2@@2@@Z 00405eb0 f i DBManager.obj
 0001:00005030       ?clear@?$_Tree@V?$_Tset_traits@V?$basic_string@DU?$char_traits@D@std@@V?$allocator@D@2@@std@@U?$less@V?$basic_string@DU?$char_traits@D@std@@V?$allocator@D@2@@std@@@2@V?$allocator@V?$basic_string@DU?$char_traits@D@std@@V?$allocator@D@2@@std@@@2@$0A@@std@@@std@@QAEXXZ 00406030 f i DBManager.obj
 0001:00005060       ?push_back@?$deque@PAUtagDB_OVERLAPPED_PLUS@@V?$allocator@PAUtagDB_OVERLAPPED_PLUS@@@std@@@std@@QAEXABQAUtagDB_OVERLAPPED_PLUS@@@Z 00406060 f i DBManager.obj
 0001:000050e0       ?push_back@?$list@PAUtagDB_OVERLAPPED_PLUS@@V?$allocator@PAUtagDB_OVERLAPPED_PLUS@@@std@@@std@@QAEXABQAUtagDB_OVERLAPPED_PLUS@@@Z 004060e0 f i DBManager.obj
 0001:00005120       ?LoadEveSchoolAccount@CDbManager@@QAEHXZ 00406120 f   DBManager.obj
 0001:00005290       ?erase@?$_Tree@V?$_Tset_traits@V?$basic_string@DU?$char_traits@D@std@@V?$allocator@D@2@@std@@U?$less@V?$basic_string@DU?$char_traits@D@std@@V?$allocator@D@2@@std@@@2@V?$allocator@V?$basic_string@DU?$char_traits@D@std@@V?$allocator@D@2@@std@@@2@$0A@@std@@@std@@QAE?AViterator@12@V312@0@Z 00406290 f i DBManager.obj
 0001:00005350       ?push@?$stack@PAUtagDB_OVERLAPPED_PLUS@@V?$deque@PAUtagDB_OVERLAPPED_PLUS@@V?$allocator@PAUtagDB_OVERLAPPED_PLUS@@@std@@@std@@@std@@QAEXABQAUtagDB_OVERLAPPED_PLUS@@@Z 00406350 f i DBManager.obj
 0001:00005360       ?Grow@?$CMemPool@UtagDB_OVERLAPPED_PLUS@@@@AAEXXZ 00406360 f i DBManager.obj
 0001:000053e0       ?_Tidy@?$_Tree@V?$_Tset_traits@V?$basic_string@DU?$char_traits@D@std@@V?$allocator@D@2@@std@@U?$less@V?$basic_string@DU?$char_traits@D@std@@V?$allocator@D@2@@std@@@2@V?$allocator@V?$basic_string@DU?$char_traits@D@std@@V?$allocator@D@2@@std@@@2@$0A@@std@@@std@@IAEXXZ 004063e0 f i DBManager.obj
 0001:00005410       ??0?$CMemPool@UtagDB_OVERLAPPED_PLUS@@@@QAE@I@Z 00406410 f i DBManager.obj
 0001:000054a0       ??_G?$CMemPool@UtagDB_OVERLAPPED_PLUS@@@@UAEPAXI@Z 004064a0 f i DBManager.obj
 0001:000054a0       ??_E?$CMemPool@UtagDB_OVERLAPPED_PLUS@@@@UAEPAXI@Z 004064a0 f i DBManager.obj
 0001:000054c0       ??1?$CMemPool@UtagDB_OVERLAPPED_PLUS@@@@UAE@XZ 004064c0 f i DBManager.obj
 0001:000055b0       ?Free@?$CMemPool@UtagDB_OVERLAPPED_PLUS@@@@QAEXPAUtagDB_OVERLAPPED_PLUS@@@Z 004065b0 f i DBManager.obj
 0001:00005610       ?Certify@CDbManager@@QAEXAAVCQuery@@PAUtagDB_OVERLAPPED_PLUS@@AAVCAccountMgr@@@Z 00406610 f   DBManager.obj
 0001:00005840       ?CloseExistingConnection@CDbManager@@QAEXAAVCQuery@@PAUtagDB_OVERLAPPED_PLUS@@@Z 00406840 f   DBManager.obj
 0001:000058e0       ?DbWorkerThread@@YGIPAX@Z  004068e0 f   DBManager.obj
 0001:00005a40       ?Certify2@CDbManager@@QAEXAAVCQuery@@PAUtagDB_OVERLAPPED_PLUS@@AAVCAccountMgr@@@Z 00406a40 f   DBManager.obj
 0001:00005c80       ?CloseExistingConnection2@CDbManager@@QAEXAAVCQuery@@PAUtagDB_OVERLAPPED_PLUS@@@Z 00406c80 f   DBManager.obj
 0001:00005dc0       ??1?$_Tree@V?$_Tset_traits@V?$basic_string@DU?$char_traits@D@std@@V?$allocator@D@2@@std@@U?$less@V?$basic_string@DU?$char_traits@D@std@@V?$allocator@D@2@@std@@@2@V?$allocator@V?$basic_string@DU?$char_traits@D@std@@V?$allocator@D@2@@std@@@2@$0A@@std@@@std@@QAE@XZ 00406dc0 f i DBManager.obj
 0001:00005df0       ??1?$set@V?$basic_string@DU?$char_traits@D@std@@V?$allocator@D@2@@std@@U?$less@V?$basic_string@DU?$char_traits@D@std@@V?$allocator@D@2@@std@@@2@V?$allocator@V?$basic_string@DU?$char_traits@D@std@@V?$allocator@D@2@@std@@@2@@std@@QAE@XZ 00406df0 f i DBManager.obj
 0001:00005e20       ??1CDbManager@@QAE@XZ      00406e20 f   DBManager.obj
 0001:00005f00       ?GPotatoAuthWorker@@YGIPAX@Z 00406f00 f   DBManager.obj
 0001:00006060       ??0?$set@V?$basic_string@DU?$char_traits@D@std@@V?$allocator@D@2@@std@@U?$less@V?$basic_string@DU?$char_traits@D@std@@V?$allocator@D@2@@std@@@2@V?$allocator@V?$basic_string@DU?$char_traits@D@std@@V?$allocator@D@2@@std@@@2@@std@@QAE@XZ 00407060 f i DBManager.obj
 0001:00006090       ??0CDbManager@@QAE@XZ      00407090 f   DBManager.obj
 0001:00006150       ?CreateDbWorkers@CDbManager@@QAEHXZ 00407150 f   DBManager.obj
 0001:00006200       ??6CAr@@QAEAAV0@E@Z        00407200 f i dpaccountclient.obj
 0001:00006220       ??6CAr@@QAEAAV0@J@Z        00407220 f i dpaccountclient.obj
 0001:00006240       ??6CAr@@QAEAAV0@K@Z        00407240 f i dpaccountclient.obj
 0001:00006260       ??5CAr@@QAEAAV0@AAE@Z      00407260 f i dpaccountclient.obj
 0001:00006290       ??5CAr@@QAEAAV0@AAK@Z      00407290 f i dpaccountclient.obj
 0001:000062d0       ??5CAr@@QAEAAV0@AAJ@Z      004072d0 f i dpaccountclient.obj
 0001:00006310       ?Send@CDPMng@@QAEHPAXKK@Z  00407310 f i dpaccountclient.obj
 0001:00006330       ?GetAccount@CUser@@QAEPBDXZ 00407330 f i dpaccountclient.obj
 0001:00006340       ?SysMessageHandler@CDPAccountClient@@UAEXPAUDPMSG_GENERIC@@KK@Z 00407340 f   dpaccountclient.obj
 0001:00006350       ?SendAddAccount@CDPAccountClient@@QAEXPADPBDEKH11K@Z 00407350 f   dpaccountclient.obj
 0001:000064e0       ?SendRemoveAccount@CDPAccountClient@@QAEXK@Z 004074e0 f   dpaccountclient.obj
 0001:000065c0       ?SendRoute@CDPAccountClient@@QAEXKKK@Z 004075c0 f   dpaccountclient.obj
 0001:000066f0       ?SendPing@CDPAccountClient@@QAEXK@Z 004076f0 f   dpaccountclient.obj
 0001:000067d0       ?OnDestroyPlayer@CDPAccountClient@@AAEXAAVCAr@@K@Z 004077d0 f   dpaccountclient.obj
 0001:000067f0       ??0?$pair@$$CBKP8CDPAccountClient@@AEXAAVCAr@@K@Z@std@@QAE@ABKABQ8CDPAccountClient@@AEXAAVCAr@@K@Z@Z 004077f0 f i dpaccountclient.obj
 0001:00006810       ??0?$pair@$$CBKPAUtagSERVER_DESC@@@std@@QAE@ABKABQAUtagSERVER_DESC@@@Z 00407810 f i dpaccountclient.obj
 0001:00006830       ??R?$less@K@std@@QBE_NABK0@Z 00407830 f i dpaccountclient.obj
 0001:00006850       ?_Isnil@?$_Tree@V?$_Tmap_traits@KPAUtagSERVER_DESC@@U?$less@K@std@@V?$allocator@U?$pair@$$CBKPAUtagSERVER_DESC@@@std@@@3@$0A@@std@@@std@@KAAADPAU_Node@?$_Tree_nod@V?$_Tmap_traits@KPAUtagSERVER_DESC@@U?$less@K@std@@V?$allocator@U?$pair@$$CBKPAUtagSERVER_DESC@@@std@@@3@$0A@@std@@@2@@Z 00407850 f i dpaccountclient.obj
 0001:00006860       ?_Left@?$_Tree@V?$_Tmap_traits@KPAUtagSERVER_DESC@@U?$less@K@std@@V?$allocator@U?$pair@$$CBKPAUtagSERVER_DESC@@@std@@@3@$0A@@std@@@std@@KAAAPAU_Node@?$_Tree_nod@V?$_Tmap_traits@KPAUtagSERVER_DESC@@U?$less@K@std@@V?$allocator@U?$pair@$$CBKPAUtagSERVER_DESC@@@std@@@3@$0A@@std@@@2@PAU342@@Z 00407860 f i dpaccountclient.obj
 0001:00006870       ?_Right@?$_Tree@V?$_Tmap_traits@KPAUtagSERVER_DESC@@U?$less@K@std@@V?$allocator@U?$pair@$$CBKPAUtagSERVER_DESC@@@std@@@3@$0A@@std@@@std@@KAAAPAU_Node@?$_Tree_nod@V?$_Tmap_traits@KPAUtagSERVER_DESC@@U?$less@K@std@@V?$allocator@U?$pair@$$CBKPAUtagSERVER_DESC@@@std@@@3@$0A@@std@@@2@PAU342@@Z 00407870 f i dpaccountclient.obj
 0001:00006880       ?_Kfn@?$_Tmap_traits@KPAUtagSERVER_DESC@@U?$less@K@std@@V?$allocator@U?$pair@$$CBKPAUtagSERVER_DESC@@@std@@@3@$0A@@std@@SAABKABU?$pair@$$CBKPAUtagSERVER_DESC@@@2@@Z 00407880 f i dpaccountclient.obj
 0001:00006890       ?_Isnil@?$_Tree@V?$_Tmap_traits@KP8CDPAccountClient@@AEXAAVCAr@@K@ZU?$less@K@std@@V?$allocator@U?$pair@$$CBKP8CDPAccountClient@@AEXAAVCAr@@K@Z@std@@@4@$0A@@std@@@std@@KAAADPAU_Node@?$_Tree_nod@V?$_Tmap_traits@KP8CDPAccountClient@@AEXAAVCAr@@K@ZU?$less@K@std@@V?$allocator@U?$pair@$$CBKP8CDPAccountClient@@AEXAAVCAr@@K@Z@std@@@4@$0A@@std@@@2@@Z 00407890 f i dpaccountclient.obj
 0001:000068a0       ?_Left@?$_Tree@V?$_Tmap_traits@KP8CDPAccountClient@@AEXAAVCAr@@K@ZU?$less@K@std@@V?$allocator@U?$pair@$$CBKP8CDPAccountClient@@AEXAAVCAr@@K@Z@std@@@4@$0A@@std@@@std@@KAAAPAU_Node@?$_Tree_nod@V?$_Tmap_traits@KP8CDPAccountClient@@AEXAAVCAr@@K@ZU?$less@K@std@@V?$allocator@U?$pair@$$CBKP8CDPAccountClient@@AEXAAVCAr@@K@Z@std@@@4@$0A@@std@@@2@PAU342@@Z 004078a0 f i dpaccountclient.obj
 0001:000068b0       ?_Right@?$_Tree@V?$_Tmap_traits@KP8CDPAccountClient@@AEXAAVCAr@@K@ZU?$less@K@std@@V?$allocator@U?$pair@$$CBKP8CDPAccountClient@@AEXAAVCAr@@K@Z@std@@@4@$0A@@std@@@std@@KAAAPAU_Node@?$_Tree_nod@V?$_Tmap_traits@KP8CDPAccountClient@@AEXAAVCAr@@K@ZU?$less@K@std@@V?$allocator@U?$pair@$$CBKP8CDPAccountClient@@AEXAAVCAr@@K@Z@std@@@4@$0A@@std@@@2@PAU342@@Z 004078b0 f i dpaccountclient.obj
[...]
 0001:0005df1f       $L184344                   0045ef1f f   nafxcw:arcobj.obj
 0001:0005df28       $L184345                   0045ef28 f   nafxcw:arcobj.obj
 0001:0005df31       __ehhandler$?MapObject@CArchive@@QAEXPBVCObject@@@Z 0045ef31 f   nafxcw:arcobj.obj
 0001:0005df3b       $L184453                   0045ef3b f   nafxcw:arcobj.obj
 0001:0005df44       __ehhandler$?ReadClass@CArchive@@QAEPAUCRuntimeClass@@PBU2@PAIPAK@Z 0045ef44 f   nafxcw:arcobj.obj
 0001:0005df4e       $L186206                   0045ef4e f   nafxcw:wingdi.obj
 0001:0005df58       __ehhandler$?afxMapHDC@@YGPAVCHandleMap@@H@Z 0045ef58 f   nafxcw:wingdi.obj
 0001:0005df62       $L186246                   0045ef62 f   nafxcw:wingdi.obj
 0001:0005df6a       __ehhandler$??0CClientDC@@QAE@PAVCWnd@@@Z 0045ef6a f   nafxcw:wingdi.obj
 0001:0005df74       $L186267                   0045ef74 f   nafxcw:wingdi.obj
 0001:0005df7c       __ehhandler$??1CClientDC@@UAE@XZ 0045ef7c f   nafxcw:wingdi.obj
 0001:0005df86       $L186276                   0045ef86 f   nafxcw:wingdi.obj
 0001:0005df8e       __ehhandler$??0CWindowDC@@QAE@PAVCWnd@@@Z 0045ef8e f   nafxcw:wingdi.obj
 0001:0005df98       $L186297                   0045ef98 f   nafxcw:wingdi.obj
 0001:0005dfa0       __ehhandler$??1CWindowDC@@UAE@XZ 0045efa0 f   nafxcw:wingdi.obj
 0001:0005dfaa       $L186306                   0045efaa f   nafxcw:wingdi.obj
 0001:0005dfb2       __ehhandler$??0CPaintDC@@QAE@PAVCWnd@@@Z 0045efb2 f   nafxcw:wingdi.obj
 0001:0005dfbc       $L186320                   0045efbc f   nafxcw:wingdi.obj
 0001:0005dfc4       __ehhandler$??1CPaintDC@@UAE@XZ 0045efc4 f   nafxcw:wingdi.obj
 0001:0005dfce       $L186333                   0045efce f   nafxcw:wingdi.obj
 0001:0005dfd8       __ehhandler$?afxMapHGDIOBJ@@YGPAVCHandleMap@@H@Z 0045efd8 f   nafxcw:wingdi.obj
 0001:0005dfe2       $L186550                   0045efe2 f   nafxcw:wingdi.obj
 0001:0005dfea       __ehhandler$??0CPen@@QAE@HHK@Z 0045efea f   nafxcw:wingdi.obj
 0001:0005dff4       $L186564                   0045eff4 f   nafxcw:wingdi.obj
 0001:0005dffc       __ehhandler$??0CPen@@QAE@HHPBUtagLOGBRUSH@@HPBK@Z 0045effc f   nafxcw:wingdi.obj
 0001:0005e006       $L186578                   0045f006 f   nafxcw:wingdi.obj
 0001:0005e00e       __ehhandler$??0CBrush@@QAE@K@Z 0045f00e f   nafxcw:wingdi.obj
 0001:0005e018       $L186592                   0045f018 f   nafxcw:wingdi.obj
 0001:0005e020       __ehhandler$??0CBrush@@QAE@HK@Z 0045f020 f   nafxcw:wingdi.obj
 0001:0005e02a       $L186606                   0045f02a f   nafxcw:wingdi.obj
 0001:0005e032       __ehhandler$??0CBrush@@QAE@PAVCBitmap@@@Z 0045f032 f   nafxcw:wingdi.obj
 0001:0005e03c       $L186666                   0045f03c f   nafxcw:wingdi.obj
 0001:0005e044       $L186667                   0045f044 f   nafxcw:wingdi.obj
 0001:0005e04c       $L186668                   0045f04c f   nafxcw:wingdi.obj
 0001:0005e054       $L186669                   0045f054 f   nafxcw:wingdi.obj
 0001:0005e05c       $L186670                   0045f05c f   nafxcw:wingdi.obj
 0001:0005e064       __ehhandler$?AfxGetGrayBitmap@@YGXABVCBitmap@@PAV1@K@Z 0045f064 f   nafxcw:wingdi.obj
 0001:0005e06e       $L186965                   0045f06e f   nafxcw:wingdi.obj
 0001:0005e076       $L186966                   0045f076 f   nafxcw:wingdi.obj
 0001:0005e07e       $L186967                   0045f07e f   nafxcw:wingdi.obj
 0001:0005e086       $L186968                   0045f086 f   nafxcw:wingdi.obj
 0001:0005e08e       $L186969                   0045f08e f   nafxcw:wingdi.obj
 0001:0005e096       __ehhandler$?AfxDrawGrayBitmap@@YGXPAVCDC@@HHABVCBitmap@@K@Z 0045f096 f   nafxcw:wingdi.obj
 0001:0005e0a0       $L187175                   0045f0a0 f   nafxcw:wingdi.obj
 0001:0005e0a8       $L187176                   0045f0a8 f   nafxcw:wingdi.obj
 0001:0005e0b0       $L187177                   0045f0b0 f   nafxcw:wingdi.obj
 0001:0005e0b8       $L187178                   0045f0b8 f   nafxcw:wingdi.obj
 0001:0005e0c0       $L187179                   0045f0c0 f   nafxcw:wingdi.obj
 0001:0005e0c8       __ehhandler$?AfxGetDitheredBitmap@@YGXABVCBitmap@@PAV1@KK@Z 0045f0c8 f   nafxcw:wingdi.obj
 0001:0005e0d2       $L187525                   0045f0d2 f   nafxcw:wingdi.obj
 0001:0005e0da       $L187526                   0045f0da f   nafxcw:wingdi.obj
 0001:0005e0e2       $L187527                   0045f0e2 f   nafxcw:wingdi.obj
 0001:0005e0ea       $L187528                   0045f0ea f   nafxcw:wingdi.obj
 0001:0005e0f2       __ehhandler$?AfxDrawDitheredBitmap@@YGXPAVCDC@@HHABVCBitmap@@KK@Z 0045f0f2 f   nafxcw:wingdi.obj
 0001:0005e0fc       __ehhandler$?Alloc@CFixedAlloc@@QAEPAXXZ 0045f0fc f   nafxcw:fixalloc.obj
 0001:0005e106       $L184810                   0045f106 f   nafxcw:winmenu.obj
 0001:0005e110       __ehhandler$?afxMapHMENU@@YGPAVCHandleMap@@H@Z 0045f110 f   nafxcw:winmenu.obj
 0001:0005e11a       $L184916                   0045f11a f   nafxcw:winmenu.obj
 0001:0005e125       $L184917                   0045f125 f   nafxcw:winmenu.obj
 0001:0005e133       __ehhandler$??0CChevronOwnerDrawMenu@@QAE@XZ 0045f133 f   nafxcw:winmenu.obj
 0001:0005e13d       $L184966                   0045f13d f   nafxcw:winmenu.obj
 0001:0005e145       __ehhandler$??1CChevronOwnerDrawMenu@@UAE@XZ 0045f145 f   nafxcw:winmenu.obj
 0001:0005e14f       $L185004                   0045f14f f   nafxcw:winmenu.obj
 0001:0005e157       $L185005                   0045f157 f   nafxcw:winmenu.obj
 0001:0005e15f       $L185006                   0045f15f f   nafxcw:winmenu.obj
 0001:0005e167       __ehhandler$?DrawItem@CChevronOwnerDrawMenu@@UAEXPAUtagDRAWITEMSTRUCT@@@Z 0045f167 f   nafxcw:winmenu.obj
 0001:0005e171       $L185279                   0045f171 f   nafxcw:winmenu.obj
 0001:0005e179       $L185280                   0045f179 f   nafxcw:winmenu.obj
 0001:0005e181       __ehhandler$?MeasureItem@CChevronOwnerDrawMenu@@UAEXPAUtagMEASUREITEMSTRUCT@@@Z 0045f181 f   nafxcw:winmenu.obj
 0001:0005e18b       $L184858                   0045f18b f   nafxcw:appcore.obj
 0001:0005e195       __ehhandler$?LoadStdProfileSettings@CWinApp@@IAEXI@Z 0045f195 f   nafxcw:appcore.obj
 0001:0005e19f       $L184902                   0045f19f f   nafxcw:appcore.obj
 0001:0005e1a7       __ehhandler$??1CWinApp@@UAE@XZ 0045f1a7 f   nafxcw:appcore.obj
 0001:0005e1b1       $L185271                   0045f1b1 f   nafxcw:appcore.obj
 0001:0005e1b9       __ehhandler$??0CWinApp@@QAE@PBD@Z 0045f1b9 f   nafxcw:appcore.obj
 0001:0005e1c3       $L184482                   0045f1c3 f   nafxcw:wingdix.obj
 0001:0005e1cb       $L184483                   0045f1cb f   nafxcw:wingdix.obj
 0001:0005e1d3       $L184484                   0045f1d3 f   nafxcw:wingdix.obj
 0001:0005e1db       $L184485                   0045f1db f   nafxcw:wingdix.obj
 0001:0005e1e3       $L184486                   0045f1e3 f   nafxcw:wingdix.obj
 0001:0005e1eb       __ehhandler$?DrawDragRect@CDC@@QAEXPBUtagRECT@@UtagSIZE@@01PAVCBrush@@2@Z 0045f1eb f   nafxcw:wingdix.obj
 0001:0005e1f5       $L184849                   0045f1f5 f   nafxcw:appui3.obj
 0001:0005e200       __ehhandler$?GetProfileStringA@CWinApp@@QAE?AV?$CStringT@DV?$StrTraitMFC@DV?$ChTraitsCRT@D@ATL@@@@@ATL@@PBD00@Z 0045f200 f   nafxcw:appui3.obj
 0001:0005e20a       $L184947                   0045f20a f   nafxcw:appui3.obj
 0001:0005e212       __ehhandler$?GetProfileBinary@CWinApp@@QAEHPBD0PAPAEPAI@Z 0045f212 f   nafxcw:appui3.obj
 0001:0005e21c       $L185049                   0045f21c f   nafxcw:filelist.obj
 0001:0005e224       __ehhandler$??HATL@@YA?AV?$CStringT@DV?$StrTraitMFC@DV?$ChTraitsCRT@D@ATL@@@@@0@ABV10@0@Z 0045f224 f   nafxcw:filelist.obj
 0001:0005e22e       $L185169                   0045f22e f   nafxcw:filelist.obj
 0001:0005e236       __ehhandler$?ReadList@CRecentFileList@@UAEXXZ 0045f236 f   nafxcw:filelist.obj
 0001:0005e240       $L185232                   0045f240 f   nafxcw:filelist.obj
 0001:0005e24b       $L185233                   0045f24b f   nafxcw:filelist.obj
 0001:0005e256       $L185234                   0045f256 f   nafxcw:filelist.obj
 0001:0005e261       __ehhandler$??0CRecentFileList@@QAE@IPBD0HH@Z 0045f261 f   nafxcw:filelist.obj
 0001:0005e26b       $L185317                   0045f26b f   nafxcw:filelist.obj
 0001:0005e276       $L185318                   0045f276 f   nafxcw:filelist.obj
 0001:0005e281       $L185319                   0045f281 f   nafxcw:filelist.obj
 0001:0005e28c       __ehhandler$?UpdateMenu@CRecentFileList@@UAEXPAVCCmdUI@@@Z 0045f28c f   nafxcw:filelist.obj
 0001:0005e296       $L184559                   0045f296 f   nafxcw:appui2.obj
 0001:0005e29f       $L184558                   0045f29f f   nafxcw:appui2.obj
 0001:0005e2a8       __ehhandler$?ProcessShellCommand@CWinApp@@QAEHAAVCCommandLineInfo@@@Z 0045f2a8 f   nafxcw:appui2.obj
 0001:0005e2b2       $L184603                   0045f2b2 f   nafxcw:appui2.obj
 0001:0005e2bb       __ehhandler$?AddDocTemplate@CWinApp@@QAEXPAVCDocTemplate@@@Z 0045f2bb f   nafxcw:appui2.obj
 0001:0005e2c5       $L184878                   0045f2c5 f   nafxcw:appui2.obj
 0001:0005e2cd       __ehhandler$??HATL@@YA?AV?$CStringT@DV?$StrTraitMFC@DV?$ChTraitsCRT@D@ATL@@@@@0@ABV10@PBD@Z 0045f2cd f   nafxcw:appui2.obj
 0001:0005e2d7       $L185016                   0045f2d7 f   nafxcw:appui2.obj
 0001:0005e2e2       __ehhandler$?AfxDelRegTreeHelper@@YGJPAUHKEY__@@ABV?$CStringT@DV?$StrTraitMFC@DV?$ChTraitsCRT@D@ATL@@@@@ATL@@@Z 0045f2e2 f   nafxcw:appui2.obj
 0001:0005e2ec       $L185058                   0045f2ec f   nafxcw:appui2.obj
 0001:0005e2f4       $L185059                   0045f2f4 f   nafxcw:appui2.obj
 0001:0005e2fc       __ehhandler$?EnableShellOpen@CWinApp@@IAEXXZ 0045f2fc f   nafxcw:appui2.obj
 0001:0005e306       $L185150                   0045f306 f   nafxcw:appui2.obj
 0001:0005e311       $L185151                   0045f311 f   nafxcw:appui2.obj
 0001:0005e31c       $L185152                   0045f31c f   nafxcw:appui2.obj
 0001:0005e327       __ehhandler$?Unregister@CWinApp@@UAEHXZ 0045f327 f   nafxcw:appui2.obj
 0001:0005e331       $L185393                   0045f331 f   nafxcw:docmgr.obj
 0001:0005e33c       __ehhandler$?OnFileNew@CDocManager@@UAEXXZ 0045f33c f   nafxcw:docmgr.obj
 0001:0005e346       $L185466                   0045f346 f   nafxcw:docmgr.obj
 0001:0005e351       __ehhandler$??1CDocManager@@UAE@XZ 0045f351 f   nafxcw:docmgr.obj
 0001:0005e35b       $L185778                   0045f35b f   nafxcw:docmgr.obj
 0001:0005e363       __ehhandler$?OnInitDialog@CNewTypeDlg@@MAEHXZ 0045f363 f   nafxcw:docmgr.obj
 0001:0005e36d       $L185891                   0045f36d f   nafxcw:docmgr.obj
 0001:0005e375       __ehhandler$?OnFileOpen@CDocManager@@UAEXXZ 0045f375 f   nafxcw:docmgr.obj
 0001:0005e37f       $L186403                   0045f37f f   nafxcw:docmgr.obj
 0001:0005e387       $L186404                   0045f387 f   nafxcw:docmgr.obj
 0001:0005e38f       $L186405                   0045f38f f   nafxcw:docmgr.obj
 0001:0005e397       $L186406                   0045f397 f   nafxcw:docmgr.obj
 0001:0005e39f       $L186407                   0045f39f f   nafxcw:docmgr.obj
 0001:0005e3a7       __ehhandler$?UnregisterShellFileTypes@CDocManager@@QAEXXZ 0045f3a7 f   nafxcw:docmgr.obj
 0001:0005e3b1       $L186811                   0045f3b1 f   nafxcw:docmgr.obj
 0001:0005e3b9       $L186812                   0045f3b9 f   nafxcw:docmgr.obj
 0001:0005e3c1       $L186813                   0045f3c1 f   nafxcw:docmgr.obj
 0001:0005e3c9       $L186814                   0045f3c9 f   nafxcw:docmgr.obj
 0001:0005e3d1       __ehhandler$?_AfxAppendFilterSuffix@@YGXAAV?$CStringT@DV?$StrTraitMFC@DV?$ChTraitsCRT@D@ATL@@@@@ATL@@AAUtagOFNA@@PAVCDocTemplate@@PAV12@@Z 0045f3d1 f   nafxcw:docmgr.obj
 0001:0005e3db       $L187079                   0045f3db f   nafxcw:docmgr.obj
 0001:0005e3e3       $L187080                   0045f3e3 f   nafxcw:docmgr.obj
 0001:0005e3eb       $L187081                   0045f3eb f   nafxcw:docmgr.obj
 0001:0005e3f3       $L187082                   0045f3f3 f   nafxcw:docmgr.obj
 0001:0005e3fb       $L187083                   0045f3fb f   nafxcw:docmgr.obj
 0001:0005e403       $L187084                   0045f403 f   nafxcw:docmgr.obj
 0001:0005e40b       $L187085                   0045f40b f   nafxcw:docmgr.obj
 0001:0005e413       $L187086                   0045f413 f   nafxcw:docmgr.obj
 0001:0005e41b       $L187087                   0045f41b f   nafxcw:docmgr.obj
 0001:0005e423       $L187088                   0045f423 f   nafxcw:docmgr.obj
 0001:0005e42b       __ehhandler$?RegisterShellFileTypes@CDocManager@@UAEXH@Z 0045f42b f   nafxcw:docmgr.obj
 0001:0005e435       $L188823                   0045f435 f   nafxcw:docmgr.obj
 0001:0005e440       $L188824                   0045f440 f   nafxcw:docmgr.obj
 0001:0005e44b       $L188825                   0045f44b f   nafxcw:docmgr.obj
 0001:0005e456       $L188826                   0045f456 f   nafxcw:docmgr.obj
 0001:0005e461       $L188827                   0045f461 f   nafxcw:docmgr.obj
 0001:0005e46c       __ehhandler$?DoPromptFileName@CDocManager@@UAEHAAV?$CStringT@DV?$StrTraitMFC@DV?$ChTraitsCRT@D@ATL@@@@@ATL@@IKHPAVCDocTemplate@@@Z 0045f46c f   nafxcw:docmgr.obj
 0001:0005e476       $L189152                   0045f476 f   nafxcw:docmgr.obj
 0001:0005e47e       $L189153                   0045f47e f   nafxcw:docmgr.obj
 0001:0005e486       $L189155                   0045f486 f   nafxcw:docmgr.obj
 0001:0005e48e       $L189157                   0045f48e f   nafxcw:docmgr.obj
 0001:0005e496       $L189159                   0045f496 f   nafxcw:docmgr.obj
 0001:0005e49e       $L189160                   0045f49e f   nafxcw:docmgr.obj
 0001:0005e4a6       $L189161                   0045f4a6 f   nafxcw:docmgr.obj
 0001:0005e4ae       $L189163                   0045f4ae f   nafxcw:docmgr.obj
 0001:0005e4b6       $L189164                   0045f4b6 f   nafxcw:docmgr.obj
 0001:0005e4be       $L189165                   0045f4be f   nafxcw:docmgr.obj
 0001:0005e4c6       $L189167                   0045f4c6 f   nafxcw:docmgr.obj
 0001:0005e4ce       $L189168                   0045f4ce f   nafxcw:docmgr.obj
 0001:0005e4d6       $L189169                   0045f4d6 f   nafxcw:docmgr.obj
 0001:0005e4de       $L189171                   0045f4de f   nafxcw:docmgr.obj
 0001:0005e4e6       $L189172                   0045f4e6 f   nafxcw:docmgr.obj
 0001:0005e4ee       $L189173                   0045f4ee f   nafxcw:docmgr.obj
 0001:0005e4f6       __ehhandler$?OnDDECommand@CDocManager@@UAEHPAD@Z 0045f4f6 f   nafxcw:docmgr.obj
 0001:0005e500       $L193410                   0045f500 f   nafxcw:dlgcore.obj
 0001:0005e508       __ehhandler$??1CDialog@@UAE@XZ 0045f508 f   nafxcw:dlgcore.obj
 0001:0005e512       $L193425                   0045f512 f   nafxcw:dlgcore.obj
 0001:0005e51a       __ehhandler$?OnPaint@CDialog@@IAEXXZ 0045f51a f   nafxcw:dlgcore.obj
 0001:0005e524       $L193709                   0045f524 f   nafxcw:dlgcore.obj
 0001:0005e52c       $L193710                   0045f52c f   nafxcw:dlgcore.obj
 0001:0005e534       __ehhandler$?CreateDlgIndirect@CWnd@@IAEHPBUDLGTEMPLATE@@PAV1@PAUHINSTANCE__@@@Z 0045f534 f   nafxcw:dlgcore.obj
 0001:0005e53e       __ehhandler$?DoModal@CDialog@@UAEHXZ 0045f53e f   nafxcw:dlgcore.obj
 0001:0005e548       $L185189                   0045f548 f   nafxcw:dlgfile.obj
 0001:0005e550       __ehhandler$?GetFolderPath@CFileDialog@@QBE?AV?$CStringT@DV?$StrTraitMFC@DV?$ChTraitsCRT@D@ATL@@@@@ATL@@XZ 0045f550 f   nafxcw:dlgfile.obj
 0001:0005e55a       $L185428                   0045f55a f   nafxcw:dlgfile.obj
 0001:0005e562       __ehhandler$??HATL@@YA?AV?$CStringT@DV?$StrTraitMFC@DV?$ChTraitsCRT@D@ATL@@@@@0@ABV10@D@Z 0045f562 f   nafxcw:dlgfile.obj
 0001:0005e56c       $L185522                   0045f56c f   nafxcw:dlgfile.obj
 0001:0005e577       $L185523                   0045f577 f   nafxcw:dlgfile.obj
 0001:0005e585       __ehhandler$??0CFileDialog@@QAE@HPBD0K0PAVCWnd@@K@Z 0045f585 f   nafxcw:dlgfile.obj
 0001:0005e58f       $L185639                   0045f58f f   nafxcw:dlgfile.obj
 0001:0005e597       __ehhandler$?GetPathName@CFileDialog@@QBE?AV?$CStringT@DV?$StrTraitMFC@DV?$ChTraitsCRT@D@ATL@@@@@ATL@@XZ 0045f597 f   nafxcw:dlgfile.obj
 0001:0005e5a1       $L185768                   0045f5a1 f   nafxcw:dlgfile.obj
 0001:0005e5a9       __ehhandler$?GetFileName@CFileDialog@@QBE?AV?$CStringT@DV?$StrTraitMFC@DV?$ChTraitsCRT@D@ATL@@@@@ATL@@XZ 0045f5a9 f   nafxcw:dlgfile.obj
 0001:0005e5b3       $L185870                   0045f5b3 f   nafxcw:dlgfile.obj
 0001:0005e5bb       __ehhandler$?GetFileExt@CFileDialog@@QBE?AV?$CStringT@DV?$StrTraitMFC@DV?$ChTraitsCRT@D@ATL@@@@@ATL@@XZ 0045f5bb f   nafxcw:dlgfile.obj
 0001:0005e5c5       $L185986                   0045f5c5 f   nafxcw:dlgfile.obj
 0001:0005e5cd       __ehhandler$?GetFileTitle@CFileDialog@@QBE?AV?$CStringT@DV?$StrTraitMFC@DV?$ChTraitsCRT@D@ATL@@@@@ATL@@XZ 0045f5cd f   nafxcw:dlgfile.obj
 0001:0005e5d7       $L186025                   0045f5d7 f   nafxcw:dlgfile.obj
 0001:0005e5df       $L186026                   0045f5df f   nafxcw:dlgfile.obj
 0001:0005e5e7       $L186027                   0045f5e7 f   nafxcw:dlgfile.obj
 0001:0005e5ef       $L186028                   0045f5ef f   nafxcw:dlgfile.obj
 0001:0005e5f7       $L186029                   0045f5f7 f   nafxcw:dlgfile.obj
 0001:0005e5ff       __ehhandler$?GetNextPathName@CFileDialog@@QBE?AV?$CStringT@DV?$StrTraitMFC@DV?$ChTraitsCRT@D@ATL@@@@@ATL@@AAPAU__POSITION@@@Z 0045f5ff f   nafxcw:dlgfile.obj
 0001:0005e609       $L184740                   0045f609 f   nafxcw:dlgtempl.obj
 0001:0005e611       __ehhandler$?GetSizeInPixels@CDialogTemplate@@QBEXPAUtagSIZE@@@Z 0045f611 f   nafxcw:dlgtempl.obj
 0001:0005e61b       $L11665                    0045f61b f   libcpmt:string.obj
 0001:0005e623       __ehhandler$?_Xran@_String_base@std@@QBEXXZ 0045f623 f   libcpmt:string.obj
 0001:0005e62d       $L11876                    0045f62d f   libcpmt:string.obj
 0001:0005e635       __ehhandler$?_Xlen@_String_base@std@@QBEXXZ 0045f635 f   libcpmt:string.obj
 0001:0005e640       _$E1                       0045f640 f   certifier.obj
 0001:0005e660       _$E1                       0045f660 f   DBManager.obj
 0001:0005e680       _$E1                       0045f680 f   dpaccountclient.obj
 0001:0005e6a0       _$E1                       0045f6a0 f   DPCertifier.obj
 0001:0005e6c0       _$E1                       0045f6c0 f   buffer.obj
 0001:0005e730       _$E3                       0045f730 f   buffer.obj
 0001:0005e7a0       _$E5                       0045f7a0 f   buffer.obj
 0001:0005e800       _$E1                       0045f800 f   clientsock.obj
 0001:0005e870       _$E1                       0045f870 f   clientsocke.obj
 0001:0005e8e0       _$E1                       0045f8e0 f   ar.obj
 0001:0005e940       _$E2                       0045f940 f   mytrace.obj
 0001:0005e956       _$E1                       0045f956 f   nafxcw:objcore.obj
 0001:0005e96c       _$E5                       0045f96c f   atls:atlbase.obj
 0001:0005e982       _$E1                       0045f982 f   atls:atlbase.obj
 0001:0005e9a0       _$E2                       0045f9a0 f   certifier.obj
 0001:0005e9b0       _$E2                       0045f9b0 f   DBManager.obj
 0001:0005e9c0       _$E2                       0045f9c0 f   dpaccountclient.obj
 0001:0005e9d0       _$E2                       0045f9d0 f   DPCertifier.obj
 0001:0005e9e0       _$E2                       0045f9e0 f   user.obj
 0001:0005e9f0       _$E3                       0045f9f0 f   mytrace.obj
 0001:0005ea00       _$E2                       0045fa00 f   Rijndael.obj
 0001:0005ea0b       _$E2                       0045fa0b f   nafxcw:objcore.obj
 0001:0005ea15       _$E6                       0045fa15 f   atls:atlbase.obj
 0001:0005ea1f       _$E2                       0045fa1f f   atls:atlbase.obj
