 CacheServer

 Timestamp is 525db7e1 (Tue Oct 15 17:47:13 2013)

 Preferred load address is 00400000

 Start         Length     Name                   Class
 0001:00000000 0003dbd6H .text                   CODE
 0001:0003dbd6 00000cf8H .text$AFX_AUX           CODE
 0001:0003e8ce 000001c9H .text$AFX_CMNCTL        CODE
 0001:0003ea97 00000a7aH .text$AFX_COL1          CODE
 0001:0003f511 000002e2H .text$AFX_COL2          CODE
 0001:0003f7f3 0000abefH .text$AFX_CORE1         CODE
 0001:0004a3e2 000034f6H .text$AFX_CORE2         CODE
 0001:0004d8d8 00002355H .text$AFX_CORE3         CODE
 0001:0004fc2d 00000751H .text$AFX_CORE4         CODE
 0001:0005037e 00003e13H .text$AFX_INIT          CODE
 0001:00054191 000014d6H .text$AFX_OLE1          CODE
 0001:00055667 000000ecH .text$AFX_TERM          CODE
 0001:00055760 00002034H .text$x                 CODE
 0001:000577a0 00000338H .text$yc                CODE
 0001:00057ae0 00000078H .text$yd                CODE
 0002:00000000 00000890H .idata$5                DATA
 0002:00000890 0000ef70H .rdata                  DATA
 0002:0000f800 00000089H .rdata$debug            DATA
 0002:0000f88c 00000298H .rdata$ilfixup          DATA
 0002:0000fb24 0000132cH .rdata$r                DATA
 0002:00010e50 000004a0H .rdata$sxdata           DATA
 0002:000112f0 00000004H .rtc$IAA                DATA
 0002:000112f4 00000004H .rtc$IZZ                DATA
 0002:000112f8 00000004H .rtc$TAA                DATA
 0002:000112fc 00000004H .rtc$TZZ                DATA
 0002:00011300 00003758H .xdata$x                DATA
 0002:00014a58 00000004H ATL$__a                 DATA
 0002:00014a5c 00000004H ATL$__z                 DATA
 0002:00014a60 00000154H .idata$2                DATA
 0002:00014bb4 00000014H .idata$3                DATA
 0002:00014bc8 00000890H .idata$4                DATA
 0002:00015458 00002118H .idata$6                DATA
 0002:00017570 00000000H .edata                  DATA
 0003:00000000 00000004H .CRT$XCA                DATA
 0003:00000004 00000004H .CRT$XCA0               DATA
 0003:00000008 00000004H .CRT$XCAA               DATA
 0003:0000000c 0000000cH .CRT$XCC                DATA
 0003:00000018 00000008H .CRT$XCL                DATA
 0003:00000020 00000064H .CRT$XCU                DATA
 0003:00000084 00000004H .CRT$XCZ                DATA
 0003:00000088 00000004H .CRT$XIA                DATA
 0003:0000008c 0000000cH .CRT$XIC                DATA
 0003:00000098 00000004H .CRT$XIY                DATA
 0003:0000009c 00000004H .CRT$XIZ                DATA
 0003:000000a0 00000004H .CRT$XPA                DATA
 0003:000000a4 00000004H .CRT$XPX                DATA
 0003:000000a8 00000004H .CRT$XPZ                DATA
 0003:000000ac 00000004H .CRT$XTA                DATA
 0003:000000b0 00000004H .CRT$XTB                DATA
 0003:000000b4 00000004H .CRT$XTZ                DATA
 0003:000000c0 00002e7cH .data                   DATA
 0003:00002f40 00010d44H .bss                    DATA
 0004:00000000 000001a8H .rsrc$01                DATA
 0004:000001b0 00000600H .rsrc$02                DATA

  Address         Publics by Value              Rva+Base     Lib:Object

 0000:00000000       __except_list              00000000     <absolute>
 0000:00000128       ___safe_se_handler_count   00000128     <absolute>
 0000:00000000       ___ImageBase               00400000     <linker-defined>
 0001:00000000       ?InterlockedExchangePointer@@YGPAXPAPAXPAX@Z 00401000 f i CacheServer.obj
 0001:00000010       ?_AtlGetThreadACPFake@ATL@@YGIXZ 00401010 f i CacheServer.obj
 0001:00000090       ?_AtlGetThreadACPReal@ATL@@YGIXZ 00401090 f i CacheServer.obj
 0001:000000a0       ?_AtlGetThreadACPThunk@ATL@@YGIXZ 004010a0 f i CacheServer.obj
 0001:00000110       ?_AtlGetConversionACP@ATL@@YGIXZ 00401110 f i CacheServer.obj
 0001:00000120       ?StartServer@CDPMng@@QAEHGHK@Z 00401120 f i CacheServer.obj
 0001:00000170       ?ConnectToServer@CDPMng@@QAEHPBDGHKK@Z 00401170 f i CacheServer.obj
 0001:000001c0       ?Initialize@CMyTrace@@QAEXPAUHWND__@@PBDKK@Z 004011c0 f i CacheServer.obj
 0001:00000210       ?AtlThrow@ATL@@YGXJ@Z      00401210 f i CacheServer.obj
 0001:00000230       ?InitLanguageFromResource@@YAXPAUHINSTANCE__@@@Z 00401230 f   CacheServer.obj
 0001:000002c0       ?_AtlGetStringResourceImage@ATL@@YAPBUATLSTRINGRESOURCEIMAGE@1@PAUHINSTANCE__@@PAUHRSRC__@@I@Z 004012c0 f i CacheServer.obj
 0001:00000320       ?AtlGetStringResourceImage@ATL@@YAPBUATLSTRINGRESOURCEIMAGE@1@PAUHINSTANCE__@@I@Z 00401320 f i CacheServer.obj
 0001:00000360       ?ExitInstance@@YAXXZ       00401360 f   CacheServer.obj
 0001:00000390       ?WndProc@@YGJPAUHWND__@@IIJ@Z 00401390 f   CacheServer.obj
 0001:000004d0       ?data@CStringData@ATL@@QAEPAXXZ 004014d0 f i CacheServer.obj
 0001:000004e0       ?IsLocked@CStringData@ATL@@QBE_NXZ 004014e0 f i CacheServer.obj
 0001:000004f0       ?IsShared@CStringData@ATL@@QBE_NXZ 004014f0 f i CacheServer.obj
 0001:00000500       ?Release@CStringData@ATL@@QAEXXZ 00401500 f i CacheServer.obj
 0001:00000520       ?StringCompare@?$ChTraitsCRT@D@ATL@@SAHPBD0@Z 00401520 f i CacheServer.obj
 0001:00000530       ??0CTime@ATL@@QAE@_J@Z     00401530 f i CacheServer.obj
 0001:00000550       ??B?$CSimpleStringT@D$0A@@ATL@@QBEPBDXZ 00401550 f i CacheServer.obj
 0001:00000560       ?GetString@?$CSimpleStringT@D$0A@@ATL@@QBEPBDXZ 00401560 f i CacheServer.obj
 0001:00000570       ?StringLength@?$CSimpleStringT@D$0A@@ATL@@SAHPBD@Z 00401570 f i CacheServer.obj
 0001:00000590       ?GetData@?$CSimpleStringT@D$0A@@ATL@@ABEPAUCStringData@2@XZ 00401590 f i CacheServer.obj
 0001:000005a0       ?SetLength@?$CSimpleStringT@D$0A@@ATL@@AAEXH@Z 004015a0 f i CacheServer.obj
 0001:000005d0       ?FindStringResourceInstance@?$StrTraitMFC@DV?$ChTraitsCRT@D@ATL@@@@SAPAUHINSTANCE__@@I@Z 004015d0 f i CacheServer.obj
 0001:000005e0       ?GetDefaultManager@?$StrTraitMFC@DV?$ChTraitsCRT@D@ATL@@@@SAPAUIAtlStringMgr@ATL@@XZ 004015e0 f i CacheServer.obj
 0001:000005f0       ?Attach@?$CSimpleStringT@D$0A@@ATL@@AAEXPAUCStringData@2@@Z 004015f0 f i CacheServer.obj
 0001:00000600       ?GetBaseTypeLength@?$ChTraitsCRT@D@ATL@@SAHPBGH@Z 00401600 f i CacheServer.obj
 0001:00000630       ?ConvertToBaseType@?$ChTraitsCRT@D@ATL@@SAXPADHPBGH@Z 00401630 f i CacheServer.obj
 0001:00000660       ?CopyChars@?$CSimpleStringT@D$0A@@ATL@@SAXPADPBDH@Z 00401660 f i CacheServer.obj
 0001:00000680       ?CopyCharsOverlapped@?$CSimpleStringT@D$0A@@ATL@@SAXPADPBDH@Z 00401680 f i CacheServer.obj
 0001:00000690       ?ThrowMemoryException@?$CSimpleStringT@D$0A@@ATL@@KAXXZ 00401690 f i CacheServer.obj
 0001:000006a0       ?Fork@?$CSimpleStringT@D$0A@@ATL@@AAEXH@Z 004016a0 f i CacheServer.obj
 0001:00000720       ?Reallocate@?$CSimpleStringT@D$0A@@ATL@@AAEXH@Z 00401720 f i CacheServer.obj
 0001:00000750       ?MyRegisterClass@@YAGPAUHINSTANCE__@@@Z 00401750 f   CacheServer.obj
 0001:000007e0       ?Compare@?$CStringT@DV?$StrTraitMFC@DV?$ChTraitsCRT@D@ATL@@@@@ATL@@QBEHPBD@Z 004017e0 f i CacheServer.obj
 0001:00000800       ?GetTickCount@CTime@ATL@@SG?AV12@XZ 00401800 f i CacheServer.obj
 0001:00000820       ?GetLength@?$CSimpleStringT@D$0A@@ATL@@QBEHXZ 00401820 f i CacheServer.obj
 0001:00000830       ??0?$CSimpleStringT@D$0A@@ATL@@QAE@PAUIAtlStringMgr@1@@Z 00401830 f i CacheServer.obj
 0001:00000850       ??1?$CSimpleStringT@D$0A@@ATL@@QAE@XZ 00401850 f i CacheServer.obj
 0001:00000870       ?ReleaseBufferSetLength@?$CSimpleStringT@D$0A@@ATL@@QAEXH@Z 00401870 f i CacheServer.obj
 0001:000008a0       ?Empty@?$CSimpleStringT@D$0A@@ATL@@QAEXXZ 004018a0 f i CacheServer.obj
 0001:00000910       ?PrepareWrite2@?$CSimpleStringT@D$0A@@ATL@@AAEXH@Z 00401910 f i CacheServer.obj
 0001:00000960       ??8ATL@@YA_NABV?$CStringT@DV?$StrTraitMFC@DV?$ChTraitsCRT@D@ATL@@@@@0@PBD@Z 00401960 f i CacheServer.obj
 0001:00000980       ??1?$CStringT@DV?$StrTraitMFC@DV?$ChTraitsCRT@D@ATL@@@@@ATL@@QAE@XZ 00401980 f i CacheServer.obj
 0001:000009a0       ?PrepareWrite@?$CSimpleStringT@D$0A@@ATL@@AAEPADH@Z 004019a0 f i CacheServer.obj
 0001:000009d0       ?Script@@YAHPBD@Z          004019d0 f   CacheServer.obj
 0001:00000b20       ?GetBuffer@?$CSimpleStringT@D$0A@@ATL@@QAEPADH@Z 00401b20 f i CacheServer.obj
 0001:00000b50       ?LoadStringA@?$CStringT@DV?$StrTraitMFC@DV?$ChTraitsCRT@D@ATL@@@@@ATL@@QAEHPAUHINSTANCE__@@I@Z 00401b50 f i CacheServer.obj
 0001:00000c20       ?SetString@?$CSimpleStringT@D$0A@@ATL@@QAEXPBDH@Z 00401c20 f i CacheServer.obj
 0001:00000cc0       ?LoadStringA@?$CStringT@DV?$StrTraitMFC@DV?$ChTraitsCRT@D@ATL@@@@@ATL@@QAEHI@Z 00401cc0 f i CacheServer.obj
 0001:00000cf0       ?CheckImplicitLoad@?$CStringT@DV?$StrTraitMFC@DV?$ChTraitsCRT@D@ATL@@@@@ATL@@AAE_NPBX@Z 00401cf0 f i CacheServer.obj
 0001:00000d30       ?SetString@?$CSimpleStringT@D$0A@@ATL@@QAEXPBD@Z 00401d30 f i CacheServer.obj
 0001:00000d70       ??4?$CSimpleStringT@D$0A@@ATL@@QAEAAV01@PBD@Z 00401d70 f i CacheServer.obj
 0001:00000db0       ??4?$CStringT@DV?$StrTraitMFC@DV?$ChTraitsCRT@D@ATL@@@@@ATL@@QAEAAV01@PBD@Z 00401db0 f i CacheServer.obj
 0001:00000df0       ??0?$CStringT@DV?$StrTraitMFC@DV?$ChTraitsCRT@D@ATL@@@@@ATL@@QAE@PBD@Z 00401df0 f i CacheServer.obj
 0001:00000ea0       ?Format@CTime@ATL@@QBE?AV?$CStringT@DV?$StrTraitMFC@DV?$ChTraitsCRT@D@ATL@@@@@2@PBD@Z 00401ea0 f i CacheServer.obj
 0001:00000f30       ?InitInstance@@YAHPAUHINSTANCE__@@H@Z 00401f30 f   CacheServer.obj
 0001:00001170       _WinMain@16                00402170 f   CacheServer.obj
 0001:00001240       ??2@YAPAXIPAX@Z            00402240 f i DPCacheSrvr.obj
 0001:00001250       ??3@YAXPAX0@Z              00402250 f i DPCacheSrvr.obj
 0001:00001260       ??6CAr@@QAEAAV0@J@Z        00402260 f i DPCacheSrvr.obj
 0001:00001280       ??6CAr@@QAEAAV0@K@Z        00402280 f i DPCacheSrvr.obj
 0001:000012a0       ??5CAr@@QAEAAV0@AAK@Z      004022a0 f i DPCacheSrvr.obj
 0001:000012e0       ?GetClient@CPlayer@@QAEPAVCDPClient@@XZ 004022e0 f i DPCacheSrvr.obj
 0001:000012f0       ?SetAlive@CPlayer@@QAEXH@Z 004022f0 f i DPCacheSrvr.obj
 0001:00001300       ?GetNetworkId@CPlayer@@QAEKXZ 00402300 f i DPCacheSrvr.obj
 0001:00001310       ?GetPlayerId@CPlayer@@QAEKXZ 00402310 f i DPCacheSrvr.obj
 0001:00001320       ?GetAddr@CPlayer@@QAEPBDXZ 00402320 f i DPCacheSrvr.obj
 0001:00001330       ?SetAddr@CPlayer@@QAEXPAVCDPMng@@@Z 00402330 f i DPCacheSrvr.obj
 0001:00001350       ??0?$pair@$$CBKP8CDPCacheSrvr@@AEXAAVCAr@@KPAEK@Z@std@@QAE@ABKABQ8CDPCacheSrvr@@AEXAAVCAr@@KPAEK@Z@Z 00402350 f i DPCacheSrvr.obj
 0001:00001370       ??R?$less@K@std@@QBE_NABK0@Z 00402370 f i DPCacheSrvr.obj
 0001:00001390       ?_Isnil@?$_Tree@V?$_Tmap_traits@KP8CDPCacheSrvr@@AEXAAVCAr@@KPAEK@ZU?$less@K@std@@V?$allocator@U?$pair@$$CBKP8CDPCacheSrvr@@AEXAAVCAr@@KPAEK@Z@std@@@4@$0A@@std@@@std@@KAAADPAU_Node@?$_Tree_nod@V?$_Tmap_traits@KP8CDPCacheSrvr@@AEXAAVCAr@@KPAEK@ZU?$less@K@std@@V?$allocator@U?$pair@$$CBKP8CDPCacheSrvr@@AEXAAVCAr@@KPAEK@Z@std@@@4@$0A@@std@@@2@@Z 00402390 f i DPCacheSrvr.obj
 0001:000013a0       ?_Left@?$_Tree@V?$_Tmap_traits@KP8CDPCacheSrvr@@AEXAAVCAr@@KPAEK@ZU?$less@K@std@@V?$allocator@U?$pair@$$CBKP8CDPCacheSrvr@@AEXAAVCAr@@KPAEK@Z@std@@@4@$0A@@std@@@std@@KAAAPAU_Node@?$_Tree_nod@V?$_Tmap_traits@KP8CDPCacheSrvr@@AEXAAVCAr@@KPAEK@ZU?$less@K@std@@V?$allocator@U?$pair@$$CBKP8CDPCacheSrvr@@AEXAAVCAr@@KPAEK@Z@std@@@4@$0A@@std@@@2@PAU342@@Z 004023a0 f i DPCacheSrvr.obj
 0001:000013b0       ?_Right@?$_Tree@V?$_Tmap_traits@KP8CDPCacheSrvr@@AEXAAVCAr@@KPAEK@ZU?$less@K@std@@V?$allocator@U?$pair@$$CBKP8CDPCacheSrvr@@AEXAAVCAr@@KPAEK@Z@std@@@4@$0A@@std@@@std@@KAAAPAU_Node@?$_Tree_nod@V?$_Tmap_traits@KP8CDPCacheSrvr@@AEXAAVCAr@@KPAEK@ZU?$less@K@std@@V?$allocator@U?$pair@$$CBKP8CDPCacheSrvr@@AEXAAVCAr@@KPAEK@Z@std@@@4@$0A@@std@@@2@PAU342@@Z 004023b0 f i DPCacheSrvr.obj
 0001:000013c0       ?_Kfn@?$_Tmap_traits@KP8CDPCacheSrvr@@AEXAAVCAr@@KPAEK@ZU?$less@K@std@@V?$allocator@U?$pair@$$CBKP8CDPCacheSrvr@@AEXAAVCAr@@KPAEK@Z@std@@@4@$0A@@std@@SAABKABU?$pair@$$CBKP8CDPCacheSrvr@@AEXAAVCAr@@KPAEK@Z@2@@Z 004023c0 f i DPCacheSrvr.obj
 0001:000013d0       ??0?$allocator@U?$pair@$$CBKP8CDPCacheSrvr@@AEXAAVCAr@@KPAEK@Z@std@@@std@@QAE@XZ 004023d0 f i DPCacheSrvr.obj
 0001:000013e0       ??8const_iterator@?$_Tree@V?$_Tmap_traits@KP8CDPCacheSrvr@@AEXAAVCAr@@KPAEK@ZU?$less@K@std@@V?$allocator@U?$pair@$$CBKP8CDPCacheSrvr@@AEXAAVCAr@@KPAEK@Z@std@@@4@$0A@@std@@@std@@QBE_NABV012@@Z 004023e0 f i DPCacheSrvr.obj
 0001:000013f0       ?_Mynode@const_iterator@?$_Tree@V?$_Tmap_traits@KP8CDPCacheSrvr@@AEXAAVCAr@@KPAEK@ZU?$less@K@std@@V?$allocator@U?$pair@$$CBKP8CDPCacheSrvr@@AEXAAVCAr@@KPAEK@Z@std@@@4@$0A@@std@@@std@@QBEPAU_Node@?$_Tree_nod@V?$_Tmap_traits@KP8CDPCacheSrvr@@AEXAAVCAr@@KPAEK@ZU?$less@K@std@@V?$allocator@U?$pair@$$CBKP8CDPCacheSrvr@@AEXAAVCAr@@KPAEK@Z@std@@@4@$0A@@std@@@3@XZ 004023f0 f i DPCacheSrvr.obj
 0001:00001400       ??0?$pair@Viterator@?$_Tree@V?$_Tmap_traits@KP8CDPCacheSrvr@@AEXAAVCAr@@KPAEK@ZU?$less@K@std@@V?$allocator@U?$pair@$$CBKP8CDPCacheSrvr@@AEXAAVCAr@@KPAEK@Z@std@@@4@$0A@@std@@@std@@_N@std@@QAE@ABViterator@?$_Tree@V?$_Tmap_traits@KP8CDPCacheSrvr@@AEXAAVCAr@@KPAEK@ZU?$less@K@std@@V?$allocator@U?$pair@$$CBKP8CDPCacheSrvr@@AEXAAVCAr@@KPAEK@Z@std@@@4@$0A@@std@@@1@AB_N@Z 00402400 f i DPCacheSrvr.obj
 0001:00001420       ?_Color@?$_Tree@V?$_Tmap_traits@KP8CDPCacheSrvr@@AEXAAVCAr@@KPAEK@ZU?$less@K@std@@V?$allocator@U?$pair@$$CBKP8CDPCacheSrvr@@AEXAAVCAr@@KPAEK@Z@std@@@4@$0A@@std@@@std@@KAAADPAU_Node@?$_Tree_nod@V?$_Tmap_traits@KP8CDPCacheSrvr@@AEXAAVCAr@@KPAEK@ZU?$less@K@std@@V?$allocator@U?$pair@$$CBKP8CDPCacheSrvr@@AEXAAVCAr@@KPAEK@Z@std@@@4@$0A@@std@@@2@@Z 00402420 f i DPCacheSrvr.obj
 0001:00001430       ?_Parent@?$_Tree@V?$_Tmap_traits@KP8CDPCacheSrvr@@AEXAAVCAr@@KPAEK@ZU?$less@K@std@@V?$allocator@U?$pair@$$CBKP8CDPCacheSrvr@@AEXAAVCAr@@KPAEK@Z@std@@@4@$0A@@std@@@std@@KAAAPAU_Node@?$_Tree_nod@V?$_Tmap_traits@KP8CDPCacheSrvr@@AEXAAVCAr@@KPAEK@ZU?$less@K@std@@V?$allocator@U?$pair@$$CBKP8CDPCacheSrvr@@AEXAAVCAr@@KPAEK@Z@std@@@4@$0A@@std@@@2@PAU342@@Z 00402430 f i DPCacheSrvr.obj
 0001:00001440       ?_Myval@?$_Tree@V?$_Tmap_traits@KP8CDPCacheSrvr@@AEXAAVCAr@@KPAEK@ZU?$less@K@std@@V?$allocator@U?$pair@$$CBKP8CDPCacheSrvr@@AEXAAVCAr@@KPAEK@Z@std@@@4@$0A@@std@@@std@@KAAAU?$pair@$$CBKP8CDPCacheSrvr@@AEXAAVCAr@@KPAEK@Z@2@PAU_Node@?$_Tree_nod@V?$_Tmap_traits@KP8CDPCacheSrvr@@AEXAAVCAr@@KPAEK@ZU?$less@K@std@@V?$allocator@U?$pair@$$CBKP8CDPCacheSrvr@@AEXAAVCAr@@KPAEK@Z@std@@@4@$0A@@std@@@2@@Z 00402440 f i DPCacheSrvr.obj
 0001:00001450       ?_Lmost@?$_Tree@V?$_Tmap_traits@KP8CDPCacheSrvr@@AEXAAVCAr@@KPAEK@ZU?$less@K@std@@V?$allocator@U?$pair@$$CBKP8CDPCacheSrvr@@AEXAAVCAr@@KPAEK@Z@std@@@4@$0A@@std@@@std@@IAEAAPAU_Node@?$_Tree_nod@V?$_Tmap_traits@KP8CDPCacheSrvr@@AEXAAVCAr@@KPAEK@ZU?$less@K@std@@V?$allocator@U?$pair@$$CBKP8CDPCacheSrvr@@AEXAAVCAr@@KPAEK@Z@std@@@4@$0A@@std@@@2@XZ 00402450 f i DPCacheSrvr.obj
 0001:00001460       ?_Rmost@?$_Tree@V?$_Tmap_traits@KP8CDPCacheSrvr@@AEXAAVCAr@@KPAEK@ZU?$less@K@std@@V?$allocator@U?$pair@$$CBKP8CDPCacheSrvr@@AEXAAVCAr@@KPAEK@Z@std@@@4@$0A@@std@@@std@@IAEAAPAU_Node@?$_Tree_nod@V?$_Tmap_traits@KP8CDPCacheSrvr@@AEXAAVCAr@@KPAEK@ZU?$less@K@std@@V?$allocator@U?$pair@$$CBKP8CDPCacheSrvr@@AEXAAVCAr@@KPAEK@Z@std@@@4@$0A@@std@@@2@XZ 00402460 f i DPCacheSrvr.obj
 0001:00001470       ??0?$allocator@U?$pair@$$CBKP8CDPCacheSrvr@@AEXAAVCAr@@KPAEK@Z@std@@@std@@QAE@ABV01@@Z 00402470 f i DPCacheSrvr.obj
 0001:00001480       ?deallocate@?$allocator@U_Node@?$_Tree_nod@V?$_Tmap_traits@KP8CDPCacheSrvr@@AEXAAVCAr@@KPAEK@ZU?$less@K@std@@V?$allocator@U?$pair@$$CBKP8CDPCacheSrvr@@AEXAAVCAr@@KPAEK@Z@std@@@4@$0A@@std@@@std@@@std@@QAEXPAU_Node@?$_Tree_nod@V?$_Tmap_traits@KP8CDPCacheSrvr@@AEXAAVCAr@@KPAEK@ZU?$less@K@std@@V?$allocator@U?$pair@$$CBKP8CDPCacheSrvr@@AEXAAVCAr@@KPAEK@Z@std@@@4@$0A@@std@@@2@I@Z 00402480 f i DPCacheSrvr.obj
 0001:00001490       ??0const_iterator@?$_Tree@V?$_Tmap_traits@KP8CDPCacheSrvr@@AEXAAVCAr@@KPAEK@ZU?$less@K@std@@V?$allocator@U?$pair@$$CBKP8CDPCacheSrvr@@AEXAAVCAr@@KPAEK@Z@std@@@4@$0A@@std@@@std@@QAE@PAU_Node@?$_Tree_nod@V?$_Tmap_traits@KP8CDPCacheSrvr@@AEXAAVCAr@@KPAEK@ZU?$less@K@std@@V?$allocator@U?$pair@$$CBKP8CDPCacheSrvr@@AEXAAVCAr@@KPAEK@Z@std@@@4@$0A@@std@@@2@@Z 00402490 f i DPCacheSrvr.obj
 0001:000014a0       ??Dconst_iterator@?$_Tree@V?$_Tmap_traits@KP8CDPCacheSrvr@@AEXAAVCAr@@KPAEK@ZU?$less@K@std@@V?$allocator@U?$pair@$$CBKP8CDPCacheSrvr@@AEXAAVCAr@@KPAEK@Z@std@@@4@$0A@@std@@@std@@QBEABU?$pair@$$CBKP8CDPCacheSrvr@@AEXAAVCAr@@KPAEK@Z@2@XZ 004024a0 f i DPCacheSrvr.obj
 0001:000014b0       ??0?$allocator@D@std@@QAE@XZ 004024b0 f i DPCacheSrvr.obj
 0001:000014c0       ?_Root@?$_Tree@V?$_Tmap_traits@KP8CDPCacheSrvr@@AEXAAVCAr@@KPAEK@ZU?$less@K@std@@V?$allocator@U?$pair@$$CBKP8CDPCacheSrvr@@AEXAAVCAr@@KPAEK@Z@std@@@4@$0A@@std@@@std@@IBEAAPAU_Node@?$_Tree_nod@V?$_Tmap_traits@KP8CDPCacheSrvr@@AEXAAVCAr@@KPAEK@ZU?$less@K@std@@V?$allocator@U?$pair@$$CBKP8CDPCacheSrvr@@AEXAAVCAr@@KPAEK@Z@std@@@4@$0A@@std@@@2@XZ 004024c0 f i DPCacheSrvr.obj
 0001:000014d0       ?max_size@?$allocator@U?$pair@$$CBKP8CDPCacheSrvr@@AEXAAVCAr@@KPAEK@Z@std@@@std@@QBEIXZ 004024d0 f i DPCacheSrvr.obj
 0001:000014e0       ??0_Node@?$_Tree_nod@V?$_Tmap_traits@KP8CDPCacheSrvr@@AEXAAVCAr@@KPAEK@ZU?$less@K@std@@V?$allocator@U?$pair@$$CBKP8CDPCacheSrvr@@AEXAAVCAr@@KPAEK@Z@std@@@4@$0A@@std@@@std@@QAE@PAU012@00ABU?$pair@$$CBKP8CDPCacheSrvr@@AEXAAVCAr@@KPAEK@Z@2@D@Z 004024e0 f i DPCacheSrvr.obj
 0001:00001520       ?_Max@?$_Tree@V?$_Tmap_traits@KP8CDPCacheSrvr@@AEXAAVCAr@@KPAEK@ZU?$less@K@std@@V?$allocator@U?$pair@$$CBKP8CDPCacheSrvr@@AEXAAVCAr@@KPAEK@Z@std@@@4@$0A@@std@@@std@@KAPAU_Node@?$_Tree_nod@V?$_Tmap_traits@KP8CDPCacheSrvr@@AEXAAVCAr@@KPAEK@ZU?$less@K@std@@V?$allocator@U?$pair@$$CBKP8CDPCacheSrvr@@AEXAAVCAr@@KPAEK@Z@std@@@4@$0A@@std@@@2@PAU342@@Z 00402520 f i DPCacheSrvr.obj
 0001:00001540       ?_Min@?$_Tree@V?$_Tmap_traits@KP8CDPCacheSrvr@@AEXAAVCAr@@KPAEK@ZU?$less@K@std@@V?$allocator@U?$pair@$$CBKP8CDPCacheSrvr@@AEXAAVCAr@@KPAEK@Z@std@@@4@$0A@@std@@@std@@KAPAU_Node@?$_Tree_nod@V?$_Tmap_traits@KP8CDPCacheSrvr@@AEXAAVCAr@@KPAEK@ZU?$less@K@std@@V?$allocator@U?$pair@$$CBKP8CDPCacheSrvr@@AEXAAVCAr@@KPAEK@Z@std@@@4@$0A@@std@@@2@PAU342@@Z 00402540 f i DPCacheSrvr.obj
 0001:00001560       ??0?$_Tmap_traits@KP8CDPCacheSrvr@@AEXAAVCAr@@KPAEK@ZU?$less@K@std@@V?$allocator@U?$pair@$$CBKP8CDPCacheSrvr@@AEXAAVCAr@@KPAEK@Z@std@@@4@$0A@@std@@QAE@U?$less@K@1@@Z 00402560 f i DPCacheSrvr.obj
 0001:00001570       ?_Inc@const_iterator@?$_Tree@V?$_Tmap_traits@KP8CDPCacheSrvr@@AEXAAVCAr@@KPAEK@ZU?$less@K@std@@V?$allocator@U?$pair@$$CBKP8CDPCacheSrvr@@AEXAAVCAr@@KPAEK@Z@std@@@4@$0A@@std@@@std@@QAEXXZ 00402570 f i DPCacheSrvr.obj
 0001:000015d0       ??$swap@D@std@@YAXAAD0@Z   004025d0 f i DPCacheSrvr.obj
 0001:000015f0       ??$_Destroy@PAU_Node@?$_Tree_nod@V?$_Tmap_traits@KP8CDPCacheSrvr@@AEXAAVCAr@@KPAEK@ZU?$less@K@std@@V?$allocator@U?$pair@$$CBKP8CDPCacheSrvr@@AEXAAVCAr@@KPAEK@Z@std@@@4@$0A@@std@@@std@@@std@@YAXPAPAU_Node@?$_Tree_nod@V?$_Tmap_traits@KP8CDPCacheSrvr@@AEXAAVCAr@@KPAEK@ZU?$less@K@std@@V?$allocator@U?$pair@$$CBKP8CDPCacheSrvr@@AEXAAVCAr@@KPAEK@Z@std@@@4@$0A@@std@@@0@@Z 004025f0 f i DPCacheSrvr.obj
 0001:00001600       ??$?0U?$pair@$$CBKP8CDPCacheSrvr@@AEXAAVCAr@@KPAEK@Z@std@@@?$allocator@PAU_Node@?$_Tree_nod@V?$_Tmap_traits@KP8CDPCacheSrvr@@AEXAAVCAr@@KPAEK@ZU?$less@K@std@@V?$allocator@U?$pair@$$CBKP8CDPCacheSrvr@@AEXAAVCAr@@KPAEK@Z@std@@@4@$0A@@std@@@std@@@std@@QAE@ABV?$allocator@U?$pair@$$CBKP8CDPCacheSrvr@@AEXAAVCAr@@KPAEK@Z@std@@@1@@Z 00402600 f i DPCacheSrvr.obj
 0001:00001610       ??$_Allocate@U_Node@?$_Tree_nod@V?$_Tmap_traits@KP8CDPCacheSrvr@@AEXAAVCAr@@KPAEK@ZU?$less@K@std@@V?$allocator@U?$pair@$$CBKP8CDPCacheSrvr@@AEXAAVCAr@@KPAEK@Z@std@@@4@$0A@@std@@@std@@@std@@YAPAU_Node@?$_Tree_nod@V?$_Tmap_traits@KP8CDPCacheSrvr@@AEXAAVCAr@@KPAEK@ZU?$less@K@std@@V?$allocator@U?$pair@$$CBKP8CDPCacheSrvr@@AEXAAVCAr@@KPAEK@Z@std@@@4@$0A@@std@@@0@IPAU120@@Z 00402610 f i DPCacheSrvr.obj
 0001:00001630       ??$?0U?$pair@$$CBKP8CDPCacheSrvr@@AEXAAVCAr@@KPAEK@Z@std@@@?$allocator@U_Node@?$_Tree_nod@V?$_Tmap_traits@KP8CDPCacheSrvr@@AEXAAVCAr@@KPAEK@ZU?$less@K@std@@V?$allocator@U?$pair@$$CBKP8CDPCacheSrvr@@AEXAAVCAr@@KPAEK@Z@std@@@4@$0A@@std@@@std@@@std@@QAE@ABV?$allocator@U?$pair@$$CBKP8CDPCacheSrvr@@AEXAAVCAr@@KPAEK@Z@std@@@1@@Z 00402630 f i DPCacheSrvr.obj
 0001:00001640       ??$_Destroy@U_Node@?$_Tree_nod@V?$_Tmap_traits@KP8CDPCacheSrvr@@AEXAAVCAr@@KPAEK@ZU?$less@K@std@@V?$allocator@U?$pair@$$CBKP8CDPCacheSrvr@@AEXAAVCAr@@KPAEK@Z@std@@@4@$0A@@std@@@std@@@std@@YAXPAU_Node@?$_Tree_nod@V?$_Tmap_traits@KP8CDPCacheSrvr@@AEXAAVCAr@@KPAEK@ZU?$less@K@std@@V?$allocator@U?$pair@$$CBKP8CDPCacheSrvr@@AEXAAVCAr@@KPAEK@Z@std@@@4@$0A@@std@@@0@@Z 00402640 f i DPCacheSrvr.obj
 0001:00001650       ??$_Construct@PAU_Node@?$_Tree_nod@V?$_Tmap_traits@KP8CDPCacheSrvr@@AEXAAVCAr@@KPAEK@ZU?$less@K@std@@V?$allocator@U?$pair@$$CBKP8CDPCacheSrvr@@AEXAAVCAr@@KPAEK@Z@std@@@4@$0A@@std@@@std@@PAU123@@std@@YAXPAPAU_Node@?$_Tree_nod@V?$_Tmap_traits@KP8CDPCacheSrvr@@AEXAAVCAr@@KPAEK@ZU?$less@K@std@@V?$allocator@U?$pair@$$CBKP8CDPCacheSrvr@@AEXAAVCAr@@KPAEK@Z@std@@@4@$0A@@std@@@0@ABQAU120@@Z 00402650 f i DPCacheSrvr.obj
 0001:00001670       ?assign@?$char_traits@D@std@@SAXAADABD@Z 00402670 f i DPCacheSrvr.obj
 0001:00001680       ?length@?$char_traits@D@std@@SAIPBD@Z 00402680 f i DPCacheSrvr.obj
 0001:000016a0       ?copy@?$char_traits@D@std@@SAPADPADPBDI@Z 004026a0 f i DPCacheSrvr.obj
 0001:000016d0       ?move@?$char_traits@D@std@@SAPADPADPBDI@Z 004026d0 f i DPCacheSrvr.obj
 0001:000016e0       ?Enter@CMclCritSec@@QAEXXZ 004026e0 f i DPCacheSrvr.obj
 0001:000016f0       ?Leave@CMclCritSec@@QAEXXZ 004026f0 f i DPCacheSrvr.obj
 0001:00001700       ??0CMclAutoLock@@QAE@AAVCMclCritSec@@@Z 00402700 f i DPCacheSrvr.obj
 0001:00001720       ??1CMclAutoLock@@QAE@XZ    00402720 f i DPCacheSrvr.obj
 0001:00001730       ?size@?$basic_string@DU?$char_traits@D@std@@V?$allocator@D@2@@std@@QBEIXZ 00402730 f i DPCacheSrvr.obj
 0001:00001740       ?_Myptr@?$basic_string@DU?$char_traits@D@std@@V?$allocator@D@2@@std@@QBEPBDXZ 00402740 f i DPCacheSrvr.obj
 0001:00001750       ??0?$allocator@D@std@@QAE@ABV01@@Z 00402750 f i DPCacheSrvr.obj
 0001:00001760       ?_Myptr@?$basic_string@DU?$char_traits@D@std@@V?$allocator@D@2@@std@@QAEPADXZ 00402760 f i DPCacheSrvr.obj
 0001:00001770       ?deallocate@?$allocator@D@std@@QAEXPADI@Z 00402770 f i DPCacheSrvr.obj
 0001:00001780       ?_Inside@?$basic_string@DU?$char_traits@D@std@@V?$allocator@D@2@@std@@IAE_NPBD@Z 00402780 f i DPCacheSrvr.obj
 0001:000017c0       ?max_size@?$allocator@D@std@@QBEIXZ 004027c0 f i DPCacheSrvr.obj
 0001:000017d0       ??$_Allocate@D@std@@YAPADIPAD@Z 004027d0 f i DPCacheSrvr.obj
 0001:000017e0       ??6CAr@@QAEAAV0@I@Z        004027e0 f i DPCacheSrvr.obj
 0001:00001800       ?OnAddConnection@CDPCacheSrvr@@AAEXAAVCAr@@KPAEK@Z 00402800 f   DPCacheSrvr.obj
 0001:00001900       ?OnRemoveConnection@CDPCacheSrvr@@AAEXK@Z 00402900 f   DPCacheSrvr.obj
 0001:00001a70       ?OnKeepAlive@CDPCacheSrvr@@AAEXAAVCAr@@KPAEK@Z 00402a70 f   DPCacheSrvr.obj
 0001:00001ae0       ??9const_iterator@?$_Tree@V?$_Tmap_traits@KP8CDPCacheSrvr@@AEXAAVCAr@@KPAEK@ZU?$less@K@std@@V?$allocator@U?$pair@$$CBKP8CDPCacheSrvr@@AEXAAVCAr@@KPAEK@Z@std@@@4@$0A@@std@@@std@@QBE_NABV012@@Z 00402ae0 f i DPCacheSrvr.obj
 0001:00001b00       ?_Key@?$_Tree@V?$_Tmap_traits@KP8CDPCacheSrvr@@AEXAAVCAr@@KPAEK@ZU?$less@K@std@@V?$allocator@U?$pair@$$CBKP8CDPCacheSrvr@@AEXAAVCAr@@KPAEK@Z@std@@@4@$0A@@std@@@std@@KAABKPAU_Node@?$_Tree_nod@V?$_Tmap_traits@KP8CDPCacheSrvr@@AEXAAVCAr@@KPAEK@ZU?$less@K@std@@V?$allocator@U?$pair@$$CBKP8CDPCacheSrvr@@AEXAAVCAr@@KPAEK@Z@std@@@4@$0A@@std@@@2@@Z 00402b00 f i DPCacheSrvr.obj
 0001:00001b10       ?_Root@?$_Tree@V?$_Tmap_traits@KP8CDPCacheSrvr@@AEXAAVCAr@@KPAEK@ZU?$less@K@std@@V?$allocator@U?$pair@$$CBKP8CDPCacheSrvr@@AEXAAVCAr@@KPAEK@Z@std@@@4@$0A@@std@@@std@@IAEAAPAU_Node@?$_Tree_nod@V?$_Tmap_traits@KP8CDPCacheSrvr@@AEXAAVCAr@@KPAEK@ZU?$less@K@std@@V?$allocator@U?$pair@$$CBKP8CDPCacheSrvr@@AEXAAVCAr@@KPAEK@Z@std@@@4@$0A@@std@@@2@XZ 00402b10 f i DPCacheSrvr.obj
 0001:00001b20       ??0iterator@?$_Tree@V?$_Tmap_traits@KP8CDPCacheSrvr@@AEXAAVCAr@@KPAEK@ZU?$less@K@std@@V?$allocator@U?$pair@$$CBKP8CDPCacheSrvr@@AEXAAVCAr@@KPAEK@Z@std@@@4@$0A@@std@@@std@@QAE@PAU_Node@?$_Tree_nod@V?$_Tmap_traits@KP8CDPCacheSrvr@@AEXAAVCAr@@KPAEK@ZU?$less@K@std@@V?$allocator@U?$pair@$$CBKP8CDPCacheSrvr@@AEXAAVCAr@@KPAEK@Z@std@@@4@$0A@@std@@@2@@Z 00402b20 f i DPCacheSrvr.obj
 0001:00001b30       ??Diterator@?$_Tree@V?$_Tmap_traits@KP8CDPCacheSrvr@@AEXAAVCAr@@KPAEK@ZU?$less@K@std@@V?$allocator@U?$pair@$$CBKP8CDPCacheSrvr@@AEXAAVCAr@@KPAEK@Z@std@@@4@$0A@@std@@@std@@QBEAAU?$pair@$$CBKP8CDPCacheSrvr@@AEXAAVCAr@@KPAEK@Z@2@XZ 00402b30 f i DPCacheSrvr.obj
 0001:00001b40       ?max_size@?$_Tree@V?$_Tmap_traits@KP8CDPCacheSrvr@@AEXAAVCAr@@KPAEK@ZU?$less@K@std@@V?$allocator@U?$pair@$$CBKP8CDPCacheSrvr@@AEXAAVCAr@@KPAEK@Z@std@@@4@$0A@@std@@@std@@QBEIXZ 00402b40 f i DPCacheSrvr.obj
 0001:00001b50       ?_Lbound@?$_Tree@V?$_Tmap_traits@KP8CDPCacheSrvr@@AEXAAVCAr@@KPAEK@ZU?$less@K@std@@V?$allocator@U?$pair@$$CBKP8CDPCacheSrvr@@AEXAAVCAr@@KPAEK@Z@std@@@4@$0A@@std@@@std@@IBEPAU_Node@?$_Tree_nod@V?$_Tmap_traits@KP8CDPCacheSrvr@@AEXAAVCAr@@KPAEK@ZU?$less@K@std@@V?$allocator@U?$pair@$$CBKP8CDPCacheSrvr@@AEXAAVCAr@@KPAEK@Z@std@@@4@$0A@@std@@@2@ABK@Z 00402b50 f i DPCacheSrvr.obj
 0001:00001b80       ?_Lrotate@?$_Tree@V?$_Tmap_traits@KP8CDPCacheSrvr@@AEXAAVCAr@@KPAEK@ZU?$less@K@std@@V?$allocator@U?$pair@$$CBKP8CDPCacheSrvr@@AEXAAVCAr@@KPAEK@Z@std@@@4@$0A@@std@@@std@@IAEXPAU_Node@?$_Tree_nod@V?$_Tmap_traits@KP8CDPCacheSrvr@@AEXAAVCAr@@KPAEK@ZU?$less@K@std@@V?$allocator@U?$pair@$$CBKP8CDPCacheSrvr@@AEXAAVCAr@@KPAEK@Z@std@@@4@$0A@@std@@@2@@Z 00402b80 f i DPCacheSrvr.obj
 0001:00001be0       ?_Rrotate@?$_Tree@V?$_Tmap_traits@KP8CDPCacheSrvr@@AEXAAVCAr@@KPAEK@ZU?$less@K@std@@V?$allocator@U?$pair@$$CBKP8CDPCacheSrvr@@AEXAAVCAr@@KPAEK@Z@std@@@4@$0A@@std@@@std@@IAEXPAU_Node@?$_Tree_nod@V?$_Tmap_traits@KP8CDPCacheSrvr@@AEXAAVCAr@@KPAEK@ZU?$less@K@std@@V?$allocator@U?$pair@$$CBKP8CDPCacheSrvr@@AEXAAVCAr@@KPAEK@Z@std@@@4@$0A@@std@@@2@@Z 00402be0 f i DPCacheSrvr.obj
 0001:00001c40       ?destroy@?$allocator@PAU_Node@?$_Tree_nod@V?$_Tmap_traits@KP8CDPCacheSrvr@@AEXAAVCAr@@KPAEK@ZU?$less@K@std@@V?$allocator@U?$pair@$$CBKP8CDPCacheSrvr@@AEXAAVCAr@@KPAEK@Z@std@@@4@$0A@@std@@@std@@@std@@QAEXPAPAU_Node@?$_Tree_nod@V?$_Tmap_traits@KP8CDPCacheSrvr@@AEXAAVCAr@@KPAEK@ZU?$less@K@std@@V?$allocator@U?$pair@$$CBKP8CDPCacheSrvr@@AEXAAVCAr@@KPAEK@Z@std@@@4@$0A@@std@@@2@@Z 00402c40 f i DPCacheSrvr.obj
 0001:00001c50       ?allocate@?$allocator@U_Node@?$_Tree_nod@V?$_Tmap_traits@KP8CDPCacheSrvr@@AEXAAVCAr@@KPAEK@ZU?$less@K@std@@V?$allocator@U?$pair@$$CBKP8CDPCacheSrvr@@AEXAAVCAr@@KPAEK@Z@std@@@4@$0A@@std@@@std@@@std@@QAEPAU_Node@?$_Tree_nod@V?$_Tmap_traits@KP8CDPCacheSrvr@@AEXAAVCAr@@KPAEK@ZU?$less@K@std@@V?$allocator@U?$pair@$$CBKP8CDPCacheSrvr@@AEXAAVCAr@@KPAEK@Z@std@@@4@$0A@@std@@@2@I@Z 00402c50 f i DPCacheSrvr.obj
 0001:00001c70       ?_Dec@const_iterator@?$_Tree@V?$_Tmap_traits@KP8CDPCacheSrvr@@AEXAAVCAr@@KPAEK@ZU?$less@K@std@@V?$allocator@U?$pair@$$CBKP8CDPCacheSrvr@@AEXAAVCAr@@KPAEK@Z@std@@@4@$0A@@std@@@std@@QAEXXZ 00402c70 f i DPCacheSrvr.obj
 0001:00001cd0       ??0?$_Tree_nod@V?$_Tmap_traits@KP8CDPCacheSrvr@@AEXAAVCAr@@KPAEK@ZU?$less@K@std@@V?$allocator@U?$pair@$$CBKP8CDPCacheSrvr@@AEXAAVCAr@@KPAEK@Z@std@@@4@$0A@@std@@@std@@IAE@ABU?$less@K@1@V?$allocator@U?$pair@$$CBKP8CDPCacheSrvr@@AEXAAVCAr@@KPAEK@Z@std@@@1@@Z 00402cd0 f i DPCacheSrvr.obj
 0001:00001ce0       ?destroy@?$allocator@U_Node@?$_Tree_nod@V?$_Tmap_traits@KP8CDPCacheSrvr@@AEXAAVCAr@@KPAEK@ZU?$less@K@std@@V?$allocator@U?$pair@$$CBKP8CDPCacheSrvr@@AEXAAVCAr@@KPAEK@Z@std@@@4@$0A@@std@@@std@@@std@@QAEXPAU_Node@?$_Tree_nod@V?$_Tmap_traits@KP8CDPCacheSrvr@@AEXAAVCAr@@KPAEK@ZU?$less@K@std@@V?$allocator@U?$pair@$$CBKP8CDPCacheSrvr@@AEXAAVCAr@@KPAEK@Z@std@@@4@$0A@@std@@@2@@Z 00402ce0 f i DPCacheSrvr.obj
 0001:00001cf0       ?construct@?$allocator@PAU_Node@?$_Tree_nod@V?$_Tmap_traits@KP8CDPCacheSrvr@@AEXAAVCAr@@KPAEK@ZU?$less@K@std@@V?$allocator@U?$pair@$$CBKP8CDPCacheSrvr@@AEXAAVCAr@@KPAEK@Z@std@@@4@$0A@@std@@@std@@@std@@QAEXPAPAU_Node@?$_Tree_nod@V?$_Tmap_traits@KP8CDPCacheSrvr@@AEXAAVCAr@@KPAEK@ZU?$less@K@std@@V?$allocator@U?$pair@$$CBKP8CDPCacheSrvr@@AEXAAVCAr@@KPAEK@Z@std@@@4@$0A@@std@@@2@ABQAU342@@Z 00402cf0 f i DPCacheSrvr.obj
 0001:00001d10       ??Econst_iterator@?$_Tree@V?$_Tmap_traits@KP8CDPCacheSrvr@@AEXAAVCAr@@KPAEK@ZU?$less@K@std@@V?$allocator@U?$pair@$$CBKP8CDPCacheSrvr@@AEXAAVCAr@@KPAEK@Z@std@@@4@$0A@@std@@@std@@QAEAAV012@XZ 00402d10 f i DPCacheSrvr.obj
 0001:00001d20       ??0?$_String_val@DV?$allocator@D@std@@@std@@IAE@V?$allocator@D@1@@Z 00402d20 f i DPCacheSrvr.obj
 0001:00001d30       ?_Eos@?$basic_string@DU?$char_traits@D@std@@V?$allocator@D@2@@std@@IAEXI@Z 00402d30 f i DPCacheSrvr.obj
 0001:00001d50       ?max_size@?$basic_string@DU?$char_traits@D@std@@V?$allocator@D@2@@std@@QBEIXZ 00402d50 f i DPCacheSrvr.obj
 0001:00001d60       ?allocate@?$allocator@D@std@@QAEPADI@Z 00402d60 f i DPCacheSrvr.obj
 0001:00001d70       ?SysMessageHandler@CDPCacheSrvr@@UAEXPAUDPMSG_GENERIC@@KK@Z 00402d70 f   DPCacheSrvr.obj
 0001:00001e10       ?end@?$_Tree@V?$_Tmap_traits@KP8CDPCacheSrvr@@AEXAAVCAr@@KPAEK@ZU?$less@K@std@@V?$allocator@U?$pair@$$CBKP8CDPCacheSrvr@@AEXAAVCAr@@KPAEK@Z@std@@@4@$0A@@std@@@std@@QAE?AViterator@12@XZ 00402e10 f i DPCacheSrvr.obj
 0001:00001e20       ??Citerator@?$_Tree@V?$_Tmap_traits@KP8CDPCacheSrvr@@AEXAAVCAr@@KPAEK@ZU?$less@K@std@@V?$allocator@U?$pair@$$CBKP8CDPCacheSrvr@@AEXAAVCAr@@KPAEK@Z@std@@@4@$0A@@std@@@std@@QBEPAU?$pair@$$CBKP8CDPCacheSrvr@@AEXAAVCAr@@KPAEK@Z@2@XZ 00402e20 f i DPCacheSrvr.obj
 0001:00001e30       ?begin@?$_Tree@V?$_Tmap_traits@KP8CDPCacheSrvr@@AEXAAVCAr@@KPAEK@ZU?$less@K@std@@V?$allocator@U?$pair@$$CBKP8CDPCacheSrvr@@AEXAAVCAr@@KPAEK@Z@std@@@4@$0A@@std@@@std@@QAE?AViterator@12@XZ 00402e30 f i DPCacheSrvr.obj
 0001:00001e40       ?lower_bound@?$_Tree@V?$_Tmap_traits@KP8CDPCacheSrvr@@AEXAAVCAr@@KPAEK@ZU?$less@K@std@@V?$allocator@U?$pair@$$CBKP8CDPCacheSrvr@@AEXAAVCAr@@KPAEK@Z@std@@@4@$0A@@std@@@std@@QAE?AViterator@12@ABK@Z 00402e40 f i DPCacheSrvr.obj
 0001:00001e80       ?_Buynode@?$_Tree@V?$_Tmap_traits@KP8CDPCacheSrvr@@AEXAAVCAr@@KPAEK@ZU?$less@K@std@@V?$allocator@U?$pair@$$CBKP8CDPCacheSrvr@@AEXAAVCAr@@KPAEK@Z@std@@@4@$0A@@std@@@std@@IAEPAU_Node@?$_Tree_nod@V?$_Tmap_traits@KP8CDPCacheSrvr@@AEXAAVCAr@@KPAEK@ZU?$less@K@std@@V?$allocator@U?$pair@$$CBKP8CDPCacheSrvr@@AEXAAVCAr@@KPAEK@Z@std@@@4@$0A@@std@@@2@PAU342@00ABU?$pair@$$CBKP8CDPCacheSrvr@@AEXAAVCAr@@KPAEK@Z@2@D@Z 00402e80 f i DPCacheSrvr.obj
 0001:00001ec0       ??Fconst_iterator@?$_Tree@V?$_Tmap_traits@KP8CDPCacheSrvr@@AEXAAVCAr@@KPAEK@ZU?$less@K@std@@V?$allocator@U?$pair@$$CBKP8CDPCacheSrvr@@AEXAAVCAr@@KPAEK@Z@std@@@4@$0A@@std@@@std@@QAEAAV012@XZ 00402ec0 f i DPCacheSrvr.obj
 0001:00001ed0       ?_Buynode@?$_Tree@V?$_Tmap_traits@KP8CDPCacheSrvr@@AEXAAVCAr@@KPAEK@ZU?$less@K@std@@V?$allocator@U?$pair@$$CBKP8CDPCacheSrvr@@AEXAAVCAr@@KPAEK@Z@std@@@4@$0A@@std@@@std@@IAEPAU_Node@?$_Tree_nod@V?$_Tmap_traits@KP8CDPCacheSrvr@@AEXAAVCAr@@KPAEK@ZU?$less@K@std@@V?$allocator@U?$pair@$$CBKP8CDPCacheSrvr@@AEXAAVCAr@@KPAEK@Z@std@@@4@$0A@@std@@@2@XZ 00402ed0 f i DPCacheSrvr.obj
 0001:00001f10       ??0?$_Tree_ptr@V?$_Tmap_traits@KP8CDPCacheSrvr@@AEXAAVCAr@@KPAEK@ZU?$less@K@std@@V?$allocator@U?$pair@$$CBKP8CDPCacheSrvr@@AEXAAVCAr@@KPAEK@Z@std@@@4@$0A@@std@@@std@@IAE@ABU?$less@K@1@V?$allocator@U?$pair@$$CBKP8CDPCacheSrvr@@AEXAAVCAr@@KPAEK@Z@std@@@1@@Z 00402f10 f i DPCacheSrvr.obj
 0001:00001f20       ?_Erase@?$_Tree@V?$_Tmap_traits@KP8CDPCacheSrvr@@AEXAAVCAr@@KPAEK@ZU?$less@K@std@@V?$allocator@U?$pair@$$CBKP8CDPCacheSrvr@@AEXAAVCAr@@KPAEK@Z@std@@@4@$0A@@std@@@std@@IAEXPAU_Node@?$_Tree_nod@V?$_Tmap_traits@KP8CDPCacheSrvr@@AEXAAVCAr@@KPAEK@ZU?$less@K@std@@V?$allocator@U?$pair@$$CBKP8CDPCacheSrvr@@AEXAAVCAr@@KPAEK@Z@std@@@4@$0A@@std@@@2@@Z 00402f20 f i DPCacheSrvr.obj
 0001:00001f60       ??Eiterator@?$_Tree@V?$_Tmap_traits@KP8CDPCacheSrvr@@AEXAAVCAr@@KPAEK@ZU?$less@K@std@@V?$allocator@U?$pair@$$CBKP8CDPCacheSrvr@@AEXAAVCAr@@KPAEK@Z@std@@@4@$0A@@std@@@std@@QAEAAV012@XZ 00402f60 f i DPCacheSrvr.obj
 0001:00001f70       ?_Tidy@?$basic_string@DU?$char_traits@D@std@@V?$allocator@D@2@@std@@IAEX_NI@Z 00402f70 f i DPCacheSrvr.obj
 0001:00001fd0       ?erase@?$basic_string@DU?$char_traits@D@std@@V?$allocator@D@2@@std@@QAEAAV12@II@Z 00402fd0 f i DPCacheSrvr.obj
 0001:00002050       ?_Copy@?$basic_string@DU?$char_traits@D@std@@V?$allocator@D@2@@std@@IAEXII@Z 00403050 f i DPCacheSrvr.obj
 0001:00002190       ?find@?$_Tree@V?$_Tmap_traits@KP8CDPCacheSrvr@@AEXAAVCAr@@KPAEK@ZU?$less@K@std@@V?$allocator@U?$pair@$$CBKP8CDPCacheSrvr@@AEXAAVCAr@@KPAEK@Z@std@@@4@$0A@@std@@@std@@QAE?AViterator@12@ABK@Z 00403190 f i DPCacheSrvr.obj
 0001:00002200       ??Fiterator@?$_Tree@V?$_Tmap_traits@KP8CDPCacheSrvr@@AEXAAVCAr@@KPAEK@ZU?$less@K@std@@V?$allocator@U?$pair@$$CBKP8CDPCacheSrvr@@AEXAAVCAr@@KPAEK@Z@std@@@4@$0A@@std@@@std@@QAEAAV012@XZ 00403200 f i DPCacheSrvr.obj
 0001:00002210       ?_Init@?$_Tree@V?$_Tmap_traits@KP8CDPCacheSrvr@@AEXAAVCAr@@KPAEK@ZU?$less@K@std@@V?$allocator@U?$pair@$$CBKP8CDPCacheSrvr@@AEXAAVCAr@@KPAEK@Z@std@@@4@$0A@@std@@@std@@IAEXXZ 00403210 f i DPCacheSrvr.obj
 0001:00002240       ??0?$_Tree_val@V?$_Tmap_traits@KP8CDPCacheSrvr@@AEXAAVCAr@@KPAEK@ZU?$less@K@std@@V?$allocator@U?$pair@$$CBKP8CDPCacheSrvr@@AEXAAVCAr@@KPAEK@Z@std@@@4@$0A@@std@@@std@@IAE@ABU?$less@K@1@V?$allocator@U?$pair@$$CBKP8CDPCacheSrvr@@AEXAAVCAr@@KPAEK@Z@std@@@1@@Z 00403240 f i DPCacheSrvr.obj
 0001:00002250       ?clear@?$_Tree@V?$_Tmap_traits@KP8CDPCacheSrvr@@AEXAAVCAr@@KPAEK@ZU?$less@K@std@@V?$allocator@U?$pair@$$CBKP8CDPCacheSrvr@@AEXAAVCAr@@KPAEK@Z@std@@@4@$0A@@std@@@std@@QAEXXZ 00403250 f i DPCacheSrvr.obj
 0001:00002280       ??Eiterator@?$_Tree@V?$_Tmap_traits@KP8CDPCacheSrvr@@AEXAAVCAr@@KPAEK@ZU?$less@K@std@@V?$allocator@U?$pair@$$CBKP8CDPCacheSrvr@@AEXAAVCAr@@KPAEK@Z@std@@@4@$0A@@std@@@std@@QAE?AV012@H@Z 00403280 f i DPCacheSrvr.obj
 0001:000022a0       ??1?$basic_string@DU?$char_traits@D@std@@V?$allocator@D@2@@std@@QAE@XZ 004032a0 f i DPCacheSrvr.obj
 0001:000022d0       ?_Grow@?$basic_string@DU?$char_traits@D@std@@V?$allocator@D@2@@std@@IAE_NI_N@Z 004032d0 f i DPCacheSrvr.obj
 0001:000023a0       ?GetHandler@CDPCacheSrvr@@AAEP81@AEXAAVCAr@@KPAEK@ZK@Z 004033a0 f i DPCacheSrvr.obj
 0001:000023d0       ?UserMessageHandler@CDPCacheSrvr@@UAEXPAUDPMSG_GENERIC@@KK@Z 004033d0 f   DPCacheSrvr.obj
 0001:00002620       ??0?$_Tree@V?$_Tmap_traits@KP8CDPCacheSrvr@@AEXAAVCAr@@KPAEK@ZU?$less@K@std@@V?$allocator@U?$pair@$$CBKP8CDPCacheSrvr@@AEXAAVCAr@@KPAEK@Z@std@@@4@$0A@@std@@@std@@QAE@ABU?$less@K@1@ABV?$allocator@U?$pair@$$CBKP8CDPCacheSrvr@@AEXAAVCAr@@KPAEK@Z@std@@@1@@Z 00403620 f i DPCacheSrvr.obj
 0001:00002650       ??1logic_error@std@@UAE@XZ 00403650 f i DPCacheSrvr.obj
 0001:00002690       ?what@logic_error@std@@UBEPBDXZ 00403690 f i DPCacheSrvr.obj
 0001:000026a0       ??_Glogic_error@std@@UAEPAXI@Z 004036a0 f i DPCacheSrvr.obj
 0001:000026a0       ??_Elogic_error@std@@UAEPAXI@Z 004036a0 f i DPCacheSrvr.obj
 0001:000026c0       ?assign@?$basic_string@DU?$char_traits@D@std@@V?$allocator@D@2@@std@@QAEAAV12@ABV12@II@Z 004036c0 f i DPCacheSrvr.obj
 0001:000027b0       ?assign@?$basic_string@DU?$char_traits@D@std@@V?$allocator@D@2@@std@@QAEAAV12@PBDI@Z 004037b0 f i DPCacheSrvr.obj
 0001:000028a0       ??0?$basic_string@DU?$char_traits@D@std@@V?$allocator@D@2@@std@@QAE@ABV01@@Z 004038a0 f i DPCacheSrvr.obj
 0001:000028d0       ?assign@?$basic_string@DU?$char_traits@D@std@@V?$allocator@D@2@@std@@QAEAAV12@PBD@Z 004038d0 f i DPCacheSrvr.obj
 0001:00002900       ??0?$basic_string@DU?$char_traits@D@std@@V?$allocator@D@2@@std@@QAE@PBD@Z 00403900 f i DPCacheSrvr.obj
 0001:00002940       ??0logic_error@std@@QAE@ABV?$basic_string@DU?$char_traits@D@std@@V?$allocator@D@2@@1@@Z 00403940 f i DPCacheSrvr.obj
 0001:000029a0       ??0length_error@std@@QAE@ABV?$basic_string@DU?$char_traits@D@std@@V?$allocator@D@2@@1@@Z 004039a0 f i DPCacheSrvr.obj
 0001:000029c0       ??_Glength_error@std@@UAEPAXI@Z 004039c0 f i DPCacheSrvr.obj
 0001:000029c0       ??_Elength_error@std@@UAEPAXI@Z 004039c0 f i DPCacheSrvr.obj
 0001:000029e0       ??1length_error@std@@UAE@XZ 004039e0 f i DPCacheSrvr.obj
 0001:00002a20       ??0out_of_range@std@@QAE@ABV?$basic_string@DU?$char_traits@D@std@@V?$allocator@D@2@@1@@Z 00403a20 f i DPCacheSrvr.obj
 0001:00002a40       ??_Gout_of_range@std@@UAEPAXI@Z 00403a40 f i DPCacheSrvr.obj
 0001:00002a40       ??_Eout_of_range@std@@UAEPAXI@Z 00403a40 f i DPCacheSrvr.obj
 0001:00002a60       ??1out_of_range@std@@UAE@XZ 00403a60 f i DPCacheSrvr.obj
 0001:00002aa0       ?_Insert@?$_Tree@V?$_Tmap_traits@KP8CDPCacheSrvr@@AEXAAVCAr@@KPAEK@ZU?$less@K@std@@V?$allocator@U?$pair@$$CBKP8CDPCacheSrvr@@AEXAAVCAr@@KPAEK@Z@std@@@4@$0A@@std@@@std@@IAE?AViterator@12@_NPAU_Node@?$_Tree_nod@V?$_Tmap_traits@KP8CDPCacheSrvr@@AEXAAVCAr@@KPAEK@ZU?$less@K@std@@V?$allocator@U?$pair@$$CBKP8CDPCacheSrvr@@AEXAAVCAr@@KPAEK@Z@std@@@4@$0A@@std@@@2@ABU?$pair@$$CBKP8CDPCacheSrvr@@AEXAAVCAr@@KPAEK@Z@2@@Z 00403aa0 f i DPCacheSrvr.obj
 0001:00002c50       ??0logic_error@std@@QAE@ABV01@@Z 00403c50 f i DPCacheSrvr.obj
 0001:00002cc0       ??0length_error@std@@QAE@ABV01@@Z 00403cc0 f i DPCacheSrvr.obj
 0001:00002ce0       ?erase@?$_Tree@V?$_Tmap_traits@KP8CDPCacheSrvr@@AEXAAVCAr@@KPAEK@ZU?$less@K@std@@V?$allocator@U?$pair@$$CBKP8CDPCacheSrvr@@AEXAAVCAr@@KPAEK@Z@std@@@4@$0A@@std@@@std@@QAE?AViterator@12@V312@@Z 00403ce0 f i DPCacheSrvr.obj
 0001:00002fa0       ??0out_of_range@std@@QAE@ABV01@@Z 00403fa0 f i DPCacheSrvr.obj
 0001:00002fc0       ?insert@?$_Tree@V?$_Tmap_traits@KP8CDPCacheSrvr@@AEXAAVCAr@@KPAEK@ZU?$less@K@std@@V?$allocator@U?$pair@$$CBKP8CDPCacheSrvr@@AEXAAVCAr@@KPAEK@Z@std@@@4@$0A@@std@@@std@@QAE?AU?$pair@Viterator@?$_Tree@V?$_Tmap_traits@KP8CDPCacheSrvr@@AEXAAVCAr@@KPAEK@ZU?$less@K@std@@V?$allocator@U?$pair@$$CBKP8CDPCacheSrvr@@AEXAAVCAr@@KPAEK@Z@std@@@4@$0A@@std@@@std@@_N@2@ABU?$pair@$$CBKP8CDPCacheSrvr@@AEXAAVCAr@@KPAEK@Z@2@@Z 00403fc0 f i DPCacheSrvr.obj
 0001:00003080       ?erase@?$_Tree@V?$_Tmap_traits@KP8CDPCacheSrvr@@AEXAAVCAr@@KPAEK@ZU?$less@K@std@@V?$allocator@U?$pair@$$CBKP8CDPCacheSrvr@@AEXAAVCAr@@KPAEK@Z@std@@@4@$0A@@std@@@std@@QAE?AViterator@12@V312@0@Z 00404080 f i DPCacheSrvr.obj
 0001:00003140       ?_Tidy@?$_Tree@V?$_Tmap_traits@KP8CDPCacheSrvr@@AEXAAVCAr@@KPAEK@ZU?$less@K@std@@V?$allocator@U?$pair@$$CBKP8CDPCacheSrvr@@AEXAAVCAr@@KPAEK@Z@std@@@4@$0A@@std@@@std@@IAEXXZ 00404140 f i DPCacheSrvr.obj
 0001:00003170       ??1?$_Tree@V?$_Tmap_traits@KP8CDPCacheSrvr@@AEXAAVCAr@@KPAEK@ZU?$less@K@std@@V?$allocator@U?$pair@$$CBKP8CDPCacheSrvr@@AEXAAVCAr@@KPAEK@Z@std@@@4@$0A@@std@@@std@@QAE@XZ 00404170 f i DPCacheSrvr.obj
 0001:000031a0       ??1?$map@KP8CDPCacheSrvr@@AEXAAVCAr@@KPAEK@ZU?$less@K@std@@V?$allocator@U?$pair@$$CBKP8CDPCacheSrvr@@AEXAAVCAr@@KPAEK@Z@std@@@4@@std@@QAE@XZ 004041a0 f i DPCacheSrvr.obj
 0001:000031d0       ??1CDPCacheSrvr@@UAE@XZ    004041d0 f   DPCacheSrvr.obj
 0001:00003250       ??0?$map@KP8CDPCacheSrvr@@AEXAAVCAr@@KPAEK@ZU?$less@K@std@@V?$allocator@U?$pair@$$CBKP8CDPCacheSrvr@@AEXAAVCAr@@KPAEK@Z@std@@@4@@std@@QAE@XZ 00404250 f i DPCacheSrvr.obj
 0001:00003280       ??0CDPCacheSrvr@@QAE@XZ    00404280 f   DPCacheSrvr.obj
 0001:00003340       ??_ECDPCacheSrvr@@UAEPAXI@Z 00404340 f i DPCacheSrvr.obj
 0001:00003340       ??_GCDPCacheSrvr@@UAEPAXI@Z 00404340 f i DPCacheSrvr.obj
 0001:00003360       ??6CAr@@QAEAAV0@E@Z        00404360 f i DPClient.obj
 0001:00003380       ?Send@CDPMng@@QAEHPAXKK@Z  00404380 f i DPClient.obj
 0001:000033a0       ?GetKey@CServerDesc@@QAEKXZ 004043a0 f i DPClient.obj
 0001:000033b0       ?GetIdofMulti@CServerDesc@@QAEKXZ 004043b0 f i DPClient.obj
 0001:000033c0       ?SendToServer@CDPClient@@QAEXKPAXK@Z 004043c0 f i DPClient.obj
 0001:000033f0       ?GetAuthKey@CPlayer@@QAEKXZ 004043f0 f i DPClient.obj
 0001:00003400       ?GetAccount@CPlayer@@QAEPBDXZ 00404400 f i DPClient.obj
 0001:00003410       ?GetPass@CPlayer@@QAEPBDXZ 00404410 f i DPClient.obj
 0001:00003420       ?GetSerial@CPlayer@@QAEKXZ 00404420 f i DPClient.obj
 0001:00003430       ?GetSlot@CPlayer@@QAEEXZ   00404430 f i DPClient.obj
 0001:00003440       ?OnReplace@CDPClient@@AAEXAAVCAr@@KPAXK@Z 00404440 f   DPClient.obj
 0001:00003450       ?SendJoin@CDPClient@@QAEXPAVCPlayer@@@Z 00404450 f   DPClient.obj
 0001:000035e0       ?Add@CDPClientArray@@QAEXPAVCDPClient@@@Z 004045e0 f   DPClient.obj
 0001:000035f0       ??0?$pair@$$CBKP8CDPClient@@AEXAAVCAr@@KPAXK@Z@std@@QAE@ABKABQ8CDPClient@@AEXAAVCAr@@KPAXK@Z@Z 004045f0 f i DPClient.obj
 0001:00003610       ??8const_iterator@?$_Tree@V?$_Tmap_traits@KPAVCServerDesc@@U?$less@K@std@@V?$allocator@U?$pair@$$CBKPAVCServerDesc@@@std@@@3@$0A@@std@@@std@@QBE_NABV012@@Z 00404610 f i DPClient.obj
 0001:00003620       ??9const_iterator@?$_Tree@V?$_Tmap_traits@KPAVCServerDesc@@U?$less@K@std@@V?$allocator@U?$pair@$$CBKPAVCServerDesc@@@std@@@3@$0A@@std@@@std@@QBE_NABV012@@Z 00404620 f i DPClient.obj
 0001:00003640       ??0?$pair@$$CBKPAVCServerDesc@@@std@@QAE@ABKABQAVCServerDesc@@@Z 00404640 f i DPClient.obj
 0001:00003660       ?_Isnil@?$_Tree@V?$_Tmap_traits@KPAVCServerDesc@@U?$less@K@std@@V?$allocator@U?$pair@$$CBKPAVCServerDesc@@@std@@@3@$0A@@std@@@std@@KAAADPAU_Node@?$_Tree_nod@V?$_Tmap_traits@KPAVCServerDesc@@U?$less@K@std@@V?$allocator@U?$pair@$$CBKPAVCServerDesc@@@std@@@3@$0A@@std@@@2@@Z 00404660 f i DPClient.obj
 0001:00003670       ?_Left@?$_Tree@V?$_Tmap_traits@KPAVCServerDesc@@U?$less@K@std@@V?$allocator@U?$pair@$$CBKPAVCServerDesc@@@std@@@3@$0A@@std@@@std@@KAAAPAU_Node@?$_Tree_nod@V?$_Tmap_traits@KPAVCServerDesc@@U?$less@K@std@@V?$allocator@U?$pair@$$CBKPAVCServerDesc@@@std@@@3@$0A@@std@@@2@PAU342@@Z 00404670 f i DPClient.obj
 0001:00003680       ?_Right@?$_Tree@V?$_Tmap_traits@KPAVCServerDesc@@U?$less@K@std@@V?$allocator@U?$pair@$$CBKPAVCServerDesc@@@std@@@3@$0A@@std@@@std@@KAAAPAU_Node@?$_Tree_nod@V?$_Tmap_traits@KPAVCServerDesc@@U?$less@K@std@@V?$allocator@U?$pair@$$CBKPAVCServerDesc@@@std@@@3@$0A@@std@@@2@PAU342@@Z 00404680 f i DPClient.obj
 0001:00003690       ?_Kfn@?$_Tmap_traits@KPAVCServerDesc@@U?$less@K@std@@V?$allocator@U?$pair@$$CBKPAVCServerDesc@@@std@@@3@$0A@@std@@SAABKABU?$pair@$$CBKPAVCServerDesc@@@2@@Z 00404690 f i DPClient.obj
 0001:000036a0       ?_Isnil@?$_Tree@V?$_Tmap_traits@KP8CDPClient@@AEXAAVCAr@@KPAXK@ZU?$less@K@std@@V?$allocator@U?$pair@$$CBKP8CDPClient@@AEXAAVCAr@@KPAXK@Z@std@@@4@$0A@@std@@@std@@KAAADPAU_Node@?$_Tree_nod@V?$_Tmap_traits@KP8CDPClient@@AEXAAVCAr@@KPAXK@ZU?$less@K@std@@V?$allocator@U?$pair@$$CBKP8CDPClient@@AEXAAVCAr@@KPAXK@Z@std@@@4@$0A@@std@@@2@@Z 004046a0 f i DPClient.obj
 0001:000036b0       ?_Left@?$_Tree@V?$_Tmap_traits@KP8CDPClient@@AEXAAVCAr@@KPAXK@ZU?$less@K@std@@V?$allocator@U?$pair@$$CBKP8CDPClient@@AEXAAVCAr@@KPAXK@Z@std@@@4@$0A@@std@@@std@@KAAAPAU_Node@?$_Tree_nod@V?$_Tmap_traits@KP8CDPClient@@AEXAAVCAr@@KPAXK@ZU?$less@K@std@@V?$allocator@U?$pair@$$CBKP8CDPClient@@AEXAAVCAr@@KPAXK@Z@std@@@4@$0A@@std@@@2@PAU342@@Z 004046b0 f i DPClient.obj
 0001:000036c0       ?_Right@?$_Tree@V?$_Tmap_traits@KP8CDPClient@@AEXAAVCAr@@KPAXK@ZU?$less@K@std@@V?$allocator@U?$pair@$$CBKP8CDPClient@@AEXAAVCAr@@KPAXK@Z@std@@@4@$0A@@std@@@std@@KAAAPAU_Node@?$_Tree_nod@V?$_Tmap_traits@KP8CDPClient@@AEXAAVCAr@@KPAXK@ZU?$less@K@std@@V?$allocator@U?$pair@$$CBKP8CDPClient@@AEXAAVCAr@@KPAXK@Z@std@@@4@$0A@@std@@@2@PAU342@@Z 004046c0 f i DPClient.obj
 0001:000036d0       ?_Kfn@?$_Tmap_traits@KP8CDPClient@@AEXAAVCAr@@KPAXK@ZU?$less@K@std@@V?$allocator@U?$pair@$$CBKP8CDPClient@@AEXAAVCAr@@KPAXK@Z@std@@@4@$0A@@std@@SAABKABU?$pair@$$CBKP8CDPClient@@AEXAAVCAr@@KPAXK@Z@2@@Z 004046d0 f i DPClient.obj
 0001:000036e0       ??0?$allocator@U?$pair@$$CBKP8CDPClient@@AEXAAVCAr@@KPAXK@Z@std@@@std@@QAE@XZ 004046e0 f i DPClient.obj
 0001:000036f0       ??8const_iterator@?$_Tree@V?$_Tmap_traits@KP8CDPClient@@AEXAAVCAr@@KPAXK@ZU?$less@K@std@@V?$allocator@U?$pair@$$CBKP8CDPClient@@AEXAAVCAr@@KPAXK@Z@std@@@4@$0A@@std@@@std@@QBE_NABV012@@Z 004046f0 f i DPClient.obj
 0001:00003700       ?_Mynode@const_iterator@?$_Tree@V?$_Tmap_traits@KP8CDPClient@@AEXAAVCAr@@KPAXK@ZU?$less@K@std@@V?$allocator@U?$pair@$$CBKP8CDPClient@@AEXAAVCAr@@KPAXK@Z@std@@@4@$0A@@std@@@std@@QBEPAU_Node@?$_Tree_nod@V?$_Tmap_traits@KP8CDPClient@@AEXAAVCAr@@KPAXK@ZU?$less@K@std@@V?$allocator@U?$pair@$$CBKP8CDPClient@@AEXAAVCAr@@KPAXK@Z@std@@@4@$0A@@std@@@3@XZ 00404700 f i DPClient.obj
 0001:00003710       ??0?$pair@Viterator@?$_Tree@V?$_Tmap_traits@KP8CDPClient@@AEXAAVCAr@@KPAXK@ZU?$less@K@std@@V?$allocator@U?$pair@$$CBKP8CDPClient@@AEXAAVCAr@@KPAXK@Z@std@@@4@$0A@@std@@@std@@_N@std@@QAE@ABViterator@?$_Tree@V?$_Tmap_traits@KP8CDPClient@@AEXAAVCAr@@KPAXK@ZU?$less@K@std@@V?$allocator@U?$pair@$$CBKP8CDPClient@@AEXAAVCAr@@KPAXK@Z@std@@@4@$0A@@std@@@1@AB_N@Z 00404710 f i DPClient.obj
 0001:00003730       ?_Mynode@const_iterator@?$_Tree@V?$_Tmap_traits@KPAVCServerDesc@@U?$less@K@std@@V?$allocator@U?$pair@$$CBKPAVCServerDesc@@@std@@@3@$0A@@std@@@std@@QBEPAU_Node@?$_Tree_nod@V?$_Tmap_traits@KPAVCServerDesc@@U?$less@K@std@@V?$allocator@U?$pair@$$CBKPAVCServerDesc@@@std@@@3@$0A@@std@@@3@XZ 00404730 f i DPClient.obj
 0001:00003740       ??0?$pair@Viterator@?$_Tree@V?$_Tmap_traits@KPAVCServerDesc@@U?$less@K@std@@V?$allocator@U?$pair@$$CBKPAVCServerDesc@@@std@@@3@$0A@@std@@@std@@_N@std@@QAE@ABViterator@?$_Tree@V?$_Tmap_traits@KPAVCServerDesc@@U?$less@K@std@@V?$allocator@U?$pair@$$CBKPAVCServerDesc@@@std@@@3@$0A@@std@@@1@AB_N@Z 00404740 f i DPClient.obj
 0001:00003760       ?_Color@?$_Tree@V?$_Tmap_traits@KPAVCServerDesc@@U?$less@K@std@@V?$allocator@U?$pair@$$CBKPAVCServerDesc@@@std@@@3@$0A@@std@@@std@@KAAADPAU_Node@?$_Tree_nod@V?$_Tmap_traits@KPAVCServerDesc@@U?$less@K@std@@V?$allocator@U?$pair@$$CBKPAVCServerDesc@@@std@@@3@$0A@@std@@@2@@Z 00404760 f i DPClient.obj
 0001:00003770       ?_Parent@?$_Tree@V?$_Tmap_traits@KPAVCServerDesc@@U?$less@K@std@@V?$allocator@U?$pair@$$CBKPAVCServerDesc@@@std@@@3@$0A@@std@@@std@@KAAAPAU_Node@?$_Tree_nod@V?$_Tmap_traits@KPAVCServerDesc@@U?$less@K@std@@V?$allocator@U?$pair@$$CBKPAVCServerDesc@@@std@@@3@$0A@@std@@@2@PAU342@@Z 00404770 f i DPClient.obj
 0001:00003780       ?_Myval@?$_Tree@V?$_Tmap_traits@KPAVCServerDesc@@U?$less@K@std@@V?$allocator@U?$pair@$$CBKPAVCServerDesc@@@std@@@3@$0A@@std@@@std@@KAAAU?$pair@$$CBKPAVCServerDesc@@@2@PAU_Node@?$_Tree_nod@V?$_Tmap_traits@KPAVCServerDesc@@U?$less@K@std@@V?$allocator@U?$pair@$$CBKPAVCServerDesc@@@std@@@3@$0A@@std@@@2@@Z 00404780 f i DPClient.obj
 0001:00003790       ?_Lmost@?$_Tree@V?$_Tmap_traits@KPAVCServerDesc@@U?$less@K@std@@V?$allocator@U?$pair@$$CBKPAVCServerDesc@@@std@@@3@$0A@@std@@@std@@IAEAAPAU_Node@?$_Tree_nod@V?$_Tmap_traits@KPAVCServerDesc@@U?$less@K@std@@V?$allocator@U?$pair@$$CBKPAVCServerDesc@@@std@@@3@$0A@@std@@@2@XZ 00404790 f i DPClient.obj
 0001:000037a0       ?_Rmost@?$_Tree@V?$_Tmap_traits@KPAVCServerDesc@@U?$less@K@std@@V?$allocator@U?$pair@$$CBKPAVCServerDesc@@@std@@@3@$0A@@std@@@std@@IAEAAPAU_Node@?$_Tree_nod@V?$_Tmap_traits@KPAVCServerDesc@@U?$less@K@std@@V?$allocator@U?$pair@$$CBKPAVCServerDesc@@@std@@@3@$0A@@std@@@2@XZ 004047a0 f i DPClient.obj
 0001:000037b0       ?_Color@?$_Tree@V?$_Tmap_traits@KP8CDPClient@@AEXAAVCAr@@KPAXK@ZU?$less@K@std@@V?$allocator@U?$pair@$$CBKP8CDPClient@@AEXAAVCAr@@KPAXK@Z@std@@@4@$0A@@std@@@std@@KAAADPAU_Node@?$_Tree_nod@V?$_Tmap_traits@KP8CDPClient@@AEXAAVCAr@@KPAXK@ZU?$less@K@std@@V?$allocator@U?$pair@$$CBKP8CDPClient@@AEXAAVCAr@@KPAXK@Z@std@@@4@$0A@@std@@@2@@Z 004047b0 f i DPClient.obj
 0001:000037c0       ?_Parent@?$_Tree@V?$_Tmap_traits@KP8CDPClient@@AEXAAVCAr@@KPAXK@ZU?$less@K@std@@V?$allocator@U?$pair@$$CBKP8CDPClient@@AEXAAVCAr@@KPAXK@Z@std@@@4@$0A@@std@@@std@@KAAAPAU_Node@?$_Tree_nod@V?$_Tmap_traits@KP8CDPClient@@AEXAAVCAr@@KPAXK@ZU?$less@K@std@@V?$allocator@U?$pair@$$CBKP8CDPClient@@AEXAAVCAr@@KPAXK@Z@std@@@4@$0A@@std@@@2@PAU342@@Z 004047c0 f i DPClient.obj
 0001:000037d0       ?_Myval@?$_Tree@V?$_Tmap_traits@KP8CDPClient@@AEXAAVCAr@@KPAXK@ZU?$less@K@std@@V?$allocator@U?$pair@$$CBKP8CDPClient@@AEXAAVCAr@@KPAXK@Z@std@@@4@$0A@@std@@@std@@KAAAU?$pair@$$CBKP8CDPClient@@AEXAAVCAr@@KPAXK@Z@2@PAU_Node@?$_Tree_nod@V?$_Tmap_traits@KP8CDPClient@@AEXAAVCAr@@KPAXK@ZU?$less@K@std@@V?$allocator@U?$pair@$$CBKP8CDPClient@@AEXAAVCAr@@KPAXK@Z@std@@@4@$0A@@std@@@2@@Z 004047d0 f i DPClient.obj
 0001:000037e0       ?_Lmost@?$_Tree@V?$_Tmap_traits@KP8CDPClient@@AEXAAVCAr@@KPAXK@ZU?$less@K@std@@V?$allocator@U?$pair@$$CBKP8CDPClient@@AEXAAVCAr@@KPAXK@Z@std@@@4@$0A@@std@@@std@@IAEAAPAU_Node@?$_Tree_nod@V?$_Tmap_traits@KP8CDPClient@@AEXAAVCAr@@KPAXK@ZU?$less@K@std@@V?$allocator@U?$pair@$$CBKP8CDPClient@@AEXAAVCAr@@KPAXK@Z@std@@@4@$0A@@std@@@2@XZ 004047e0 f i DPClient.obj
 0001:000037f0       ?_Rmost@?$_Tree@V?$_Tmap_traits@KP8CDPClient@@AEXAAVCAr@@KPAXK@ZU?$less@K@std@@V?$allocator@U?$pair@$$CBKP8CDPClient@@AEXAAVCAr@@KPAXK@Z@std@@@4@$0A@@std@@@std@@IAEAAPAU_Node@?$_Tree_nod@V?$_Tmap_traits@KP8CDPClient@@AEXAAVCAr@@KPAXK@ZU?$less@K@std@@V?$allocator@U?$pair@$$CBKP8CDPClient@@AEXAAVCAr@@KPAXK@Z@std@@@4@$0A@@std@@@2@XZ 004047f0 f i DPClient.obj
 0001:00003800       ??0?$allocator@U?$pair@$$CBKP8CDPClient@@AEXAAVCAr@@KPAXK@Z@std@@@std@@QAE@ABV01@@Z 00404800 f i DPClient.obj
 0001:00003810       ?deallocate@?$allocator@U_Node@?$_Tree_nod@V?$_Tmap_traits@KP8CDPClient@@AEXAAVCAr@@KPAXK@ZU?$less@K@std@@V?$allocator@U?$pair@$$CBKP8CDPClient@@AEXAAVCAr@@KPAXK@Z@std@@@4@$0A@@std@@@std@@@std@@QAEXPAU_Node@?$_Tree_nod@V?$_Tmap_traits@KP8CDPClient@@AEXAAVCAr@@KPAXK@ZU?$less@K@std@@V?$allocator@U?$pair@$$CBKP8CDPClient@@AEXAAVCAr@@KPAXK@Z@std@@@4@$0A@@std@@@2@I@Z 00404810 f i DPClient.obj
 0001:00003820       ??0const_iterator@?$_Tree@V?$_Tmap_traits@KP8CDPClient@@AEXAAVCAr@@KPAXK@ZU?$less@K@std@@V?$allocator@U?$pair@$$CBKP8CDPClient@@AEXAAVCAr@@KPAXK@Z@std@@@4@$0A@@std@@@std@@QAE@PAU_Node@?$_Tree_nod@V?$_Tmap_traits@KP8CDPClient@@AEXAAVCAr@@KPAXK@ZU?$less@K@std@@V?$allocator@U?$pair@$$CBKP8CDPClient@@AEXAAVCAr@@KPAXK@Z@std@@@4@$0A@@std@@@2@@Z 00404820 f i DPClient.obj
 0001:00003830       ??Dconst_iterator@?$_Tree@V?$_Tmap_traits@KP8CDPClient@@AEXAAVCAr@@KPAXK@ZU?$less@K@std@@V?$allocator@U?$pair@$$CBKP8CDPClient@@AEXAAVCAr@@KPAXK@Z@std@@@4@$0A@@std@@@std@@QBEABU?$pair@$$CBKP8CDPClient@@AEXAAVCAr@@KPAXK@Z@2@XZ 00404830 f i DPClient.obj
 0001:00003840       ??0const_iterator@?$_Tree@V?$_Tmap_traits@KPAVCServerDesc@@U?$less@K@std@@V?$allocator@U?$pair@$$CBKPAVCServerDesc@@@std@@@3@$0A@@std@@@std@@QAE@PAU_Node@?$_Tree_nod@V?$_Tmap_traits@KPAVCServerDesc@@U?$less@K@std@@V?$allocator@U?$pair@$$CBKPAVCServerDesc@@@std@@@3@$0A@@std@@@2@@Z 00404840 f i DPClient.obj
 0001:00003850       ??0?$pair@Viterator@?$_Tree@V?$_Tmap_traits@KPAVCServerDesc@@U?$less@K@std@@V?$allocator@U?$pair@$$CBKPAVCServerDesc@@@std@@@3@$0A@@std@@@std@@V123@@std@@QAE@ABViterator@?$_Tree@V?$_Tmap_traits@KPAVCServerDesc@@U?$less@K@std@@V?$allocator@U?$pair@$$CBKPAVCServerDesc@@@std@@@3@$0A@@std@@@1@0@Z 00404850 f i DPClient.obj
 0001:00003870       ?_Max@?$_Tree@V?$_Tmap_traits@KPAVCServerDesc@@U?$less@K@std@@V?$allocator@U?$pair@$$CBKPAVCServerDesc@@@std@@@3@$0A@@std@@@std@@KAPAU_Node@?$_Tree_nod@V?$_Tmap_traits@KPAVCServerDesc@@U?$less@K@std@@V?$allocator@U?$pair@$$CBKPAVCServerDesc@@@std@@@3@$0A@@std@@@2@PAU342@@Z 00404870 f i DPClient.obj
 0001:00003890       ?_Min@?$_Tree@V?$_Tmap_traits@KPAVCServerDesc@@U?$less@K@std@@V?$allocator@U?$pair@$$CBKPAVCServerDesc@@@std@@@3@$0A@@std@@@std@@KAPAU_Node@?$_Tree_nod@V?$_Tmap_traits@KPAVCServerDesc@@U?$less@K@std@@V?$allocator@U?$pair@$$CBKPAVCServerDesc@@@std@@@3@$0A@@std@@@2@PAU342@@Z 00404890 f i DPClient.obj
 0001:000038b0       ?_Root@?$_Tree@V?$_Tmap_traits@KPAVCServerDesc@@U?$less@K@std@@V?$allocator@U?$pair@$$CBKPAVCServerDesc@@@std@@@3@$0A@@std@@@std@@IBEAAPAU_Node@?$_Tree_nod@V?$_Tmap_traits@KPAVCServerDesc@@U?$less@K@std@@V?$allocator@U?$pair@$$CBKPAVCServerDesc@@@std@@@3@$0A@@std@@@2@XZ 004048b0 f i DPClient.obj
 0001:000038c0       ?max_size@?$allocator@U?$pair@$$CBKPAVCServerDesc@@@std@@@std@@QBEIXZ 004048c0 f i DPClient.obj
 0001:000038d0       ?deallocate@?$allocator@U_Node@?$_Tree_nod@V?$_Tmap_traits@KPAVCServerDesc@@U?$less@K@std@@V?$allocator@U?$pair@$$CBKPAVCServerDesc@@@std@@@3@$0A@@std@@@std@@@std@@QAEXPAU_Node@?$_Tree_nod@V?$_Tmap_traits@KPAVCServerDesc@@U?$less@K@std@@V?$allocator@U?$pair@$$CBKPAVCServerDesc@@@std@@@3@$0A@@std@@@2@I@Z 004048d0 f i DPClient.obj
 0001:000038e0       ?_Root@?$_Tree@V?$_Tmap_traits@KP8CDPClient@@AEXAAVCAr@@KPAXK@ZU?$less@K@std@@V?$allocator@U?$pair@$$CBKP8CDPClient@@AEXAAVCAr@@KPAXK@Z@std@@@4@$0A@@std@@@std@@IBEAAPAU_Node@?$_Tree_nod@V?$_Tmap_traits@KP8CDPClient@@AEXAAVCAr@@KPAXK@ZU?$less@K@std@@V?$allocator@U?$pair@$$CBKP8CDPClient@@AEXAAVCAr@@KPAXK@Z@std@@@4@$0A@@std@@@2@XZ 004048e0 f i DPClient.obj
 0001:000038f0       ?max_size@?$allocator@U?$pair@$$CBKP8CDPClient@@AEXAAVCAr@@KPAXK@Z@std@@@std@@QBEIXZ 004048f0 f i DPClient.obj
 0001:00003900       ?_Dec@const_iterator@?$_Tree@V?$_Tmap_traits@KPAVCServerDesc@@U?$less@K@std@@V?$allocator@U?$pair@$$CBKPAVCServerDesc@@@std@@@3@$0A@@std@@@std@@QAEXXZ 00404900 f i DPClient.obj
 0001:00003960       ??0_Node@?$_Tree_nod@V?$_Tmap_traits@KPAVCServerDesc@@U?$less@K@std@@V?$allocator@U?$pair@$$CBKPAVCServerDesc@@@std@@@3@$0A@@std@@@std@@QAE@PAU012@00ABU?$pair@$$CBKPAVCServerDesc@@@2@D@Z 00404960 f i DPClient.obj
 0001:000039a0       ??0_Node@?$_Tree_nod@V?$_Tmap_traits@KP8CDPClient@@AEXAAVCAr@@KPAXK@ZU?$less@K@std@@V?$allocator@U?$pair@$$CBKP8CDPClient@@AEXAAVCAr@@KPAXK@Z@std@@@4@$0A@@std@@@std@@QAE@PAU012@00ABU?$pair@$$CBKP8CDPClient@@AEXAAVCAr@@KPAXK@Z@2@D@Z 004049a0 f i DPClient.obj
 0001:000039e0       ?_Max@?$_Tree@V?$_Tmap_traits@KP8CDPClient@@AEXAAVCAr@@KPAXK@ZU?$less@K@std@@V?$allocator@U?$pair@$$CBKP8CDPClient@@AEXAAVCAr@@KPAXK@Z@std@@@4@$0A@@std@@@std@@KAPAU_Node@?$_Tree_nod@V?$_Tmap_traits@KP8CDPClient@@AEXAAVCAr@@KPAXK@ZU?$less@K@std@@V?$allocator@U?$pair@$$CBKP8CDPClient@@AEXAAVCAr@@KPAXK@Z@std@@@4@$0A@@std@@@2@PAU342@@Z 004049e0 f i DPClient.obj
 0001:00003a00       ?_Min@?$_Tree@V?$_Tmap_traits@KP8CDPClient@@AEXAAVCAr@@KPAXK@ZU?$less@K@std@@V?$allocator@U?$pair@$$CBKP8CDPClient@@AEXAAVCAr@@KPAXK@Z@std@@@4@$0A@@std@@@std@@KAPAU_Node@?$_Tree_nod@V?$_Tmap_traits@KP8CDPClient@@AEXAAVCAr@@KPAXK@ZU?$less@K@std@@V?$allocator@U?$pair@$$CBKP8CDPClient@@AEXAAVCAr@@KPAXK@Z@std@@@4@$0A@@std@@@2@PAU342@@Z 00404a00 f i DPClient.obj
 0001:00003a20       ??0?$_Tmap_traits@KP8CDPClient@@AEXAAVCAr@@KPAXK@ZU?$less@K@std@@V?$allocator@U?$pair@$$CBKP8CDPClient@@AEXAAVCAr@@KPAXK@Z@std@@@4@$0A@@std@@QAE@U?$less@K@1@@Z 00404a20 f i DPClient.obj
 0001:00003a30       ?_Inc@const_iterator@?$_Tree@V?$_Tmap_traits@KPAVCServerDesc@@U?$less@K@std@@V?$allocator@U?$pair@$$CBKPAVCServerDesc@@@std@@@3@$0A@@std@@@std@@QAEXXZ 00404a30 f i DPClient.obj
 0001:00003a90       ?_Inc@const_iterator@?$_Tree@V?$_Tmap_traits@KP8CDPClient@@AEXAAVCAr@@KPAXK@ZU?$less@K@std@@V?$allocator@U?$pair@$$CBKP8CDPClient@@AEXAAVCAr@@KPAXK@Z@std@@@4@$0A@@std@@@std@@QAEXXZ 00404a90 f i DPClient.obj
 0001:00003af0       ??$_Destroy@PAU_Node@?$_Tree_nod@V?$_Tmap_traits@KP8CDPClient@@AEXAAVCAr@@KPAXK@ZU?$less@K@std@@V?$allocator@U?$pair@$$CBKP8CDPClient@@AEXAAVCAr@@KPAXK@Z@std@@@4@$0A@@std@@@std@@@std@@YAXPAPAU_Node@?$_Tree_nod@V?$_Tmap_traits@KP8CDPClient@@AEXAAVCAr@@KPAXK@ZU?$less@K@std@@V?$allocator@U?$pair@$$CBKP8CDPClient@@AEXAAVCAr@@KPAXK@Z@std@@@4@$0A@@std@@@0@@Z 00404af0 f i DPClient.obj
 0001:00003b00       ??$_Allocate@U_Node@?$_Tree_nod@V?$_Tmap_traits@KPAVCServerDesc@@U?$less@K@std@@V?$allocator@U?$pair@$$CBKPAVCServerDesc@@@std@@@3@$0A@@std@@@std@@@std@@YAPAU_Node@?$_Tree_nod@V?$_Tmap_traits@KPAVCServerDesc@@U?$less@K@std@@V?$allocator@U?$pair@$$CBKPAVCServerDesc@@@std@@@3@$0A@@std@@@0@IPAU120@@Z 00404b00 f i DPClient.obj
 0001:00003b20       ??$_Destroy@U_Node@?$_Tree_nod@V?$_Tmap_traits@KPAVCServerDesc@@U?$less@K@std@@V?$allocator@U?$pair@$$CBKPAVCServerDesc@@@std@@@3@$0A@@std@@@std@@@std@@YAXPAU_Node@?$_Tree_nod@V?$_Tmap_traits@KPAVCServerDesc@@U?$less@K@std@@V?$allocator@U?$pair@$$CBKPAVCServerDesc@@@std@@@3@$0A@@std@@@0@@Z 00404b20 f i DPClient.obj
 0001:00003b30       ??$?0U?$pair@$$CBKP8CDPClient@@AEXAAVCAr@@KPAXK@Z@std@@@?$allocator@PAU_Node@?$_Tree_nod@V?$_Tmap_traits@KP8CDPClient@@AEXAAVCAr@@KPAXK@ZU?$less@K@std@@V?$allocator@U?$pair@$$CBKP8CDPClient@@AEXAAVCAr@@KPAXK@Z@std@@@4@$0A@@std@@@std@@@std@@QAE@ABV?$allocator@U?$pair@$$CBKP8CDPClient@@AEXAAVCAr@@KPAXK@Z@std@@@1@@Z 00404b30 f i DPClient.obj
 0001:00003b40       ??$_Allocate@U_Node@?$_Tree_nod@V?$_Tmap_traits@KP8CDPClient@@AEXAAVCAr@@KPAXK@ZU?$less@K@std@@V?$allocator@U?$pair@$$CBKP8CDPClient@@AEXAAVCAr@@KPAXK@Z@std@@@4@$0A@@std@@@std@@@std@@YAPAU_Node@?$_Tree_nod@V?$_Tmap_traits@KP8CDPClient@@AEXAAVCAr@@KPAXK@ZU?$less@K@std@@V?$allocator@U?$pair@$$CBKP8CDPClient@@AEXAAVCAr@@KPAXK@Z@std@@@4@$0A@@std@@@0@IPAU120@@Z 00404b40 f i DPClient.obj
 0001:00003b60       ??$?0U?$pair@$$CBKP8CDPClient@@AEXAAVCAr@@KPAXK@Z@std@@@?$allocator@U_Node@?$_Tree_nod@V?$_Tmap_traits@KP8CDPClient@@AEXAAVCAr@@KPAXK@ZU?$less@K@std@@V?$allocator@U?$pair@$$CBKP8CDPClient@@AEXAAVCAr@@KPAXK@Z@std@@@4@$0A@@std@@@std@@@std@@QAE@ABV?$allocator@U?$pair@$$CBKP8CDPClient@@AEXAAVCAr@@KPAXK@Z@std@@@1@@Z 00404b60 f i DPClient.obj
 0001:00003b70       ??$_Destroy@U_Node@?$_Tree_nod@V?$_Tmap_traits@KP8CDPClient@@AEXAAVCAr@@KPAXK@ZU?$less@K@std@@V?$allocator@U?$pair@$$CBKP8CDPClient@@AEXAAVCAr@@KPAXK@Z@std@@@4@$0A@@std@@@std@@@std@@YAXPAU_Node@?$_Tree_nod@V?$_Tmap_traits@KP8CDPClient@@AEXAAVCAr@@KPAXK@ZU?$less@K@std@@V?$allocator@U?$pair@$$CBKP8CDPClient@@AEXAAVCAr@@KPAXK@Z@std@@@4@$0A@@std@@@0@@Z 00404b70 f i DPClient.obj
 0001:00003b80       ??$_Construct@PAU_Node@?$_Tree_nod@V?$_Tmap_traits@KP8CDPClient@@AEXAAVCAr@@KPAXK@ZU?$less@K@std@@V?$allocator@U?$pair@$$CBKP8CDPClient@@AEXAAVCAr@@KPAXK@Z@std@@@4@$0A@@std@@@std@@PAU123@@std@@YAXPAPAU_Node@?$_Tree_nod@V?$_Tmap_traits@KP8CDPClient@@AEXAAVCAr@@KPAXK@ZU?$less@K@std@@V?$allocator@U?$pair@$$CBKP8CDPClient@@AEXAAVCAr@@KPAXK@Z@std@@@4@$0A@@std@@@0@ABQAU120@@Z 00404b80 f i DPClient.obj
 0001:00003ba0       ??$_Iter_cat@Viterator@?$_Tree@V?$_Tmap_traits@KPAVCServerDesc@@U?$less@K@std@@V?$allocator@U?$pair@$$CBKPAVCServerDesc@@@std@@@3@$0A@@std@@@std@@@std@@YA?AUbidirectional_iterator_tag@0@ABViterator@?$_Tree@V?$_Tmap_traits@KPAVCServerDesc@@U?$less@K@std@@V?$allocator@U?$pair@$$CBKPAVCServerDesc@@@std@@@3@$0A@@std@@@0@@Z 00404ba0 f i DPClient.obj
 0001:00003bb0       ??0CMclCritSec@@QAE@XZ     00404bb0 f i DPClient.obj
 0001:00003bd0       ??1CMclCritSec@@UAE@XZ     00404bd0 f i DPClient.obj
 0001:00003bf0       ??_GCMclCritSec@@UAEPAXI@Z 00404bf0 f i DPClient.obj
 0001:00003bf0       ??_ECMclCritSec@@UAEPAXI@Z 00404bf0 f i DPClient.obj
 0001:00003c20       ??0CDPClientArray@@QAE@XZ  00404c20 f   DPClient.obj
 0001:00003c90       ?Free@CDPClientArray@@QAEXXZ 00404c90 f   DPClient.obj
 0001:00003d40       ?GetClient@CDPClientArray@@QAEPAVCDPClient@@KKABUD3DXVECTOR3@@@Z 00404d40 f   DPClient.obj
 0001:00003e00       ?SendToServer@CDPClientArray@@QAEXKPAXK@Z 00404e00 f   DPClient.obj
 0001:00003e90       ??9const_iterator@?$_Tree@V?$_Tmap_traits@KP8CDPClient@@AEXAAVCAr@@KPAXK@ZU?$less@K@std@@V?$allocator@U?$pair@$$CBKP8CDPClient@@AEXAAVCAr@@KPAXK@Z@std@@@4@$0A@@std@@@std@@QBE_NABV012@@Z 00404e90 f i DPClient.obj
 0001:00003eb0       ?_Key@?$_Tree@V?$_Tmap_traits@KPAVCServerDesc@@U?$less@K@std@@V?$allocator@U?$pair@$$CBKPAVCServerDesc@@@std@@@3@$0A@@std@@@std@@KAABKPAU_Node@?$_Tree_nod@V?$_Tmap_traits@KPAVCServerDesc@@U?$less@K@std@@V?$allocator@U?$pair@$$CBKPAVCServerDesc@@@std@@@3@$0A@@std@@@2@@Z 00404eb0 f i DPClient.obj
 0001:00003ec0       ?_Root@?$_Tree@V?$_Tmap_traits@KPAVCServerDesc@@U?$less@K@std@@V?$allocator@U?$pair@$$CBKPAVCServerDesc@@@std@@@3@$0A@@std@@@std@@IAEAAPAU_Node@?$_Tree_nod@V?$_Tmap_traits@KPAVCServerDesc@@U?$less@K@std@@V?$allocator@U?$pair@$$CBKPAVCServerDesc@@@std@@@3@$0A@@std@@@2@XZ 00404ec0 f i DPClient.obj
 0001:00003ed0       ?_Key@?$_Tree@V?$_Tmap_traits@KP8CDPClient@@AEXAAVCAr@@KPAXK@ZU?$less@K@std@@V?$allocator@U?$pair@$$CBKP8CDPClient@@AEXAAVCAr@@KPAXK@Z@std@@@4@$0A@@std@@@std@@KAABKPAU_Node@?$_Tree_nod@V?$_Tmap_traits@KP8CDPClient@@AEXAAVCAr@@KPAXK@ZU?$less@K@std@@V?$allocator@U?$pair@$$CBKP8CDPClient@@AEXAAVCAr@@KPAXK@Z@std@@@4@$0A@@std@@@2@@Z 00404ed0 f i DPClient.obj
 0001:00003ee0       ?_Root@?$_Tree@V?$_Tmap_traits@KP8CDPClient@@AEXAAVCAr@@KPAXK@ZU?$less@K@std@@V?$allocator@U?$pair@$$CBKP8CDPClient@@AEXAAVCAr@@KPAXK@Z@std@@@4@$0A@@std@@@std@@IAEAAPAU_Node@?$_Tree_nod@V?$_Tmap_traits@KP8CDPClient@@AEXAAVCAr@@KPAXK@ZU?$less@K@std@@V?$allocator@U?$pair@$$CBKP8CDPClient@@AEXAAVCAr@@KPAXK@Z@std@@@4@$0A@@std@@@2@XZ 00404ee0 f i DPClient.obj
 0001:00003ef0       ??0iterator@?$_Tree@V?$_Tmap_traits@KP8CDPClient@@AEXAAVCAr@@KPAXK@ZU?$less@K@std@@V?$allocator@U?$pair@$$CBKP8CDPClient@@AEXAAVCAr@@KPAXK@Z@std@@@4@$0A@@std@@@std@@QAE@PAU_Node@?$_Tree_nod@V?$_Tmap_traits@KP8CDPClient@@AEXAAVCAr@@KPAXK@ZU?$less@K@std@@V?$allocator@U?$pair@$$CBKP8CDPClient@@AEXAAVCAr@@KPAXK@Z@std@@@4@$0A@@std@@@2@@Z 00404ef0 f i DPClient.obj
 0001:00003f00       ??Diterator@?$_Tree@V?$_Tmap_traits@KP8CDPClient@@AEXAAVCAr@@KPAXK@ZU?$less@K@std@@V?$allocator@U?$pair@$$CBKP8CDPClient@@AEXAAVCAr@@KPAXK@Z@std@@@4@$0A@@std@@@std@@QBEAAU?$pair@$$CBKP8CDPClient@@AEXAAVCAr@@KPAXK@Z@2@XZ 00404f00 f i DPClient.obj
 0001:00003f10       ??0iterator@?$_Tree@V?$_Tmap_traits@KPAVCServerDesc@@U?$less@K@std@@V?$allocator@U?$pair@$$CBKPAVCServerDesc@@@std@@@3@$0A@@std@@@std@@QAE@PAU_Node@?$_Tree_nod@V?$_Tmap_traits@KPAVCServerDesc@@U?$less@K@std@@V?$allocator@U?$pair@$$CBKPAVCServerDesc@@@std@@@3@$0A@@std@@@2@@Z 00404f10 f i DPClient.obj
 0001:00003f20       ?max_size@?$_Tree@V?$_Tmap_traits@KPAVCServerDesc@@U?$less@K@std@@V?$allocator@U?$pair@$$CBKPAVCServerDesc@@@std@@@3@$0A@@std@@@std@@QBEIXZ 00404f20 f i DPClient.obj
 0001:00003f30       ?_Lbound@?$_Tree@V?$_Tmap_traits@KPAVCServerDesc@@U?$less@K@std@@V?$allocator@U?$pair@$$CBKPAVCServerDesc@@@std@@@3@$0A@@std@@@std@@IBEPAU_Node@?$_Tree_nod@V?$_Tmap_traits@KPAVCServerDesc@@U?$less@K@std@@V?$allocator@U?$pair@$$CBKPAVCServerDesc@@@std@@@3@$0A@@std@@@2@ABK@Z 00404f30 f i DPClient.obj
 0001:00003f60       ?_Lrotate@?$_Tree@V?$_Tmap_traits@KPAVCServerDesc@@U?$less@K@std@@V?$allocator@U?$pair@$$CBKPAVCServerDesc@@@std@@@3@$0A@@std@@@std@@IAEXPAU_Node@?$_Tree_nod@V?$_Tmap_traits@KPAVCServerDesc@@U?$less@K@std@@V?$allocator@U?$pair@$$CBKPAVCServerDesc@@@std@@@3@$0A@@std@@@2@@Z 00404f60 f i DPClient.obj
 0001:00003fc0       ?_Rrotate@?$_Tree@V?$_Tmap_traits@KPAVCServerDesc@@U?$less@K@std@@V?$allocator@U?$pair@$$CBKPAVCServerDesc@@@std@@@3@$0A@@std@@@std@@IAEXPAU_Node@?$_Tree_nod@V?$_Tmap_traits@KPAVCServerDesc@@U?$less@K@std@@V?$allocator@U?$pair@$$CBKPAVCServerDesc@@@std@@@3@$0A@@std@@@2@@Z 00404fc0 f i DPClient.obj
 0001:00004020       ?max_size@?$_Tree@V?$_Tmap_traits@KP8CDPClient@@AEXAAVCAr@@KPAXK@ZU?$less@K@std@@V?$allocator@U?$pair@$$CBKP8CDPClient@@AEXAAVCAr@@KPAXK@Z@std@@@4@$0A@@std@@@std@@QBEIXZ 00405020 f i DPClient.obj
 0001:00004030       ?_Lbound@?$_Tree@V?$_Tmap_traits@KP8CDPClient@@AEXAAVCAr@@KPAXK@ZU?$less@K@std@@V?$allocator@U?$pair@$$CBKP8CDPClient@@AEXAAVCAr@@KPAXK@Z@std@@@4@$0A@@std@@@std@@IBEPAU_Node@?$_Tree_nod@V?$_Tmap_traits@KP8CDPClient@@AEXAAVCAr@@KPAXK@ZU?$less@K@std@@V?$allocator@U?$pair@$$CBKP8CDPClient@@AEXAAVCAr@@KPAXK@Z@std@@@4@$0A@@std@@@2@ABK@Z 00405030 f i DPClient.obj
 0001:00004060       ?_Lrotate@?$_Tree@V?$_Tmap_traits@KP8CDPClient@@AEXAAVCAr@@KPAXK@ZU?$less@K@std@@V?$allocator@U?$pair@$$CBKP8CDPClient@@AEXAAVCAr@@KPAXK@Z@std@@@4@$0A@@std@@@std@@IAEXPAU_Node@?$_Tree_nod@V?$_Tmap_traits@KP8CDPClient@@AEXAAVCAr@@KPAXK@ZU?$less@K@std@@V?$allocator@U?$pair@$$CBKP8CDPClient@@AEXAAVCAr@@KPAXK@Z@std@@@4@$0A@@std@@@2@@Z 00405060 f i DPClient.obj
 0001:000040c0       ?_Rrotate@?$_Tree@V?$_Tmap_traits@KP8CDPClient@@AEXAAVCAr@@KPAXK@ZU?$less@K@std@@V?$allocator@U?$pair@$$CBKP8CDPClient@@AEXAAVCAr@@KPAXK@Z@std@@@4@$0A@@std@@@std@@IAEXPAU_Node@?$_Tree_nod@V?$_Tmap_traits@KP8CDPClient@@AEXAAVCAr@@KPAXK@ZU?$less@K@std@@V?$allocator@U?$pair@$$CBKP8CDPClient@@AEXAAVCAr@@KPAXK@Z@std@@@4@$0A@@std@@@2@@Z 004050c0 f i DPClient.obj
 0001:00004120       ?destroy@?$allocator@PAU_Node@?$_Tree_nod@V?$_Tmap_traits@KP8CDPClient@@AEXAAVCAr@@KPAXK@ZU?$less@K@std@@V?$allocator@U?$pair@$$CBKP8CDPClient@@AEXAAVCAr@@KPAXK@Z@std@@@4@$0A@@std@@@std@@@std@@QAEXPAPAU_Node@?$_Tree_nod@V?$_Tmap_traits@KP8CDPClient@@AEXAAVCAr@@KPAXK@ZU?$less@K@std@@V?$allocator@U?$pair@$$CBKP8CDPClient@@AEXAAVCAr@@KPAXK@Z@std@@@4@$0A@@std@@@2@@Z 00405120 f i DPClient.obj
 0001:00004130       ??Fconst_iterator@?$_Tree@V?$_Tmap_traits@KPAVCServerDesc@@U?$less@K@std@@V?$allocator@U?$pair@$$CBKPAVCServerDesc@@@std@@@3@$0A@@std@@@std@@QAEAAV012@XZ 00405130 f i DPClient.obj
 0001:00004140       ?_Ubound@?$_Tree@V?$_Tmap_traits@KPAVCServerDesc@@U?$less@K@std@@V?$allocator@U?$pair@$$CBKPAVCServerDesc@@@std@@@3@$0A@@std@@@std@@IBEPAU_Node@?$_Tree_nod@V?$_Tmap_traits@KPAVCServerDesc@@U?$less@K@std@@V?$allocator@U?$pair@$$CBKPAVCServerDesc@@@std@@@3@$0A@@std@@@2@ABK@Z 00405140 f i DPClient.obj
 0001:00004170       ?allocate@?$allocator@U_Node@?$_Tree_nod@V?$_Tmap_traits@KPAVCServerDesc@@U?$less@K@std@@V?$allocator@U?$pair@$$CBKPAVCServerDesc@@@std@@@3@$0A@@std@@@std@@@std@@QAEPAU_Node@?$_Tree_nod@V?$_Tmap_traits@KPAVCServerDesc@@U?$less@K@std@@V?$allocator@U?$pair@$$CBKPAVCServerDesc@@@std@@@3@$0A@@std@@@2@I@Z 00405170 f i DPClient.obj
 0001:00004190       ?destroy@?$allocator@U_Node@?$_Tree_nod@V?$_Tmap_traits@KPAVCServerDesc@@U?$less@K@std@@V?$allocator@U?$pair@$$CBKPAVCServerDesc@@@std@@@3@$0A@@std@@@std@@@std@@QAEXPAU_Node@?$_Tree_nod@V?$_Tmap_traits@KPAVCServerDesc@@U?$less@K@std@@V?$allocator@U?$pair@$$CBKPAVCServerDesc@@@std@@@3@$0A@@std@@@2@@Z 00405190 f i DPClient.obj
 0001:000041a0       ?allocate@?$allocator@U_Node@?$_Tree_nod@V?$_Tmap_traits@KP8CDPClient@@AEXAAVCAr@@KPAXK@ZU?$less@K@std@@V?$allocator@U?$pair@$$CBKP8CDPClient@@AEXAAVCAr@@KPAXK@Z@std@@@4@$0A@@std@@@std@@@std@@QAEPAU_Node@?$_Tree_nod@V?$_Tmap_traits@KP8CDPClient@@AEXAAVCAr@@KPAXK@ZU?$less@K@std@@V?$allocator@U?$pair@$$CBKP8CDPClient@@AEXAAVCAr@@KPAXK@Z@std@@@4@$0A@@std@@@2@I@Z 004051a0 f i DPClient.obj
 0001:000041c0       ?_Dec@const_iterator@?$_Tree@V?$_Tmap_traits@KP8CDPClient@@AEXAAVCAr@@KPAXK@ZU?$less@K@std@@V?$allocator@U?$pair@$$CBKP8CDPClient@@AEXAAVCAr@@KPAXK@Z@std@@@4@$0A@@std@@@std@@QAEXXZ 004051c0 f i DPClient.obj
 0001:00004220       ??0?$_Tree_nod@V?$_Tmap_traits@KP8CDPClient@@AEXAAVCAr@@KPAXK@ZU?$less@K@std@@V?$allocator@U?$pair@$$CBKP8CDPClient@@AEXAAVCAr@@KPAXK@Z@std@@@4@$0A@@std@@@std@@IAE@ABU?$less@K@1@V?$allocator@U?$pair@$$CBKP8CDPClient@@AEXAAVCAr@@KPAXK@Z@std@@@1@@Z 00405220 f i DPClient.obj
 0001:00004230       ?destroy@?$allocator@U_Node@?$_Tree_nod@V?$_Tmap_traits@KP8CDPClient@@AEXAAVCAr@@KPAXK@ZU?$less@K@std@@V?$allocator@U?$pair@$$CBKP8CDPClient@@AEXAAVCAr@@KPAXK@Z@std@@@4@$0A@@std@@@std@@@std@@QAEXPAU_Node@?$_Tree_nod@V?$_Tmap_traits@KP8CDPClient@@AEXAAVCAr@@KPAXK@ZU?$less@K@std@@V?$allocator@U?$pair@$$CBKP8CDPClient@@AEXAAVCAr@@KPAXK@Z@std@@@4@$0A@@std@@@2@@Z 00405230 f i DPClient.obj
 0001:00004240       ?construct@?$allocator@PAU_Node@?$_Tree_nod@V?$_Tmap_traits@KP8CDPClient@@AEXAAVCAr@@KPAXK@ZU?$less@K@std@@V?$allocator@U?$pair@$$CBKP8CDPClient@@AEXAAVCAr@@KPAXK@Z@std@@@4@$0A@@std@@@std@@@std@@QAEXPAPAU_Node@?$_Tree_nod@V?$_Tmap_traits@KP8CDPClient@@AEXAAVCAr@@KPAXK@ZU?$less@K@std@@V?$allocator@U?$pair@$$CBKP8CDPClient@@AEXAAVCAr@@KPAXK@Z@std@@@4@$0A@@std@@@2@ABQAU342@@Z 00405240 f i DPClient.obj
 0001:00004260       ??Econst_iterator@?$_Tree@V?$_Tmap_traits@KPAVCServerDesc@@U?$less@K@std@@V?$allocator@U?$pair@$$CBKPAVCServerDesc@@@std@@@3@$0A@@std@@@std@@QAEAAV012@XZ 00405260 f i DPClient.obj
 0001:00004270       ??Econst_iterator@?$_Tree@V?$_Tmap_traits@KP8CDPClient@@AEXAAVCAr@@KPAXK@ZU?$less@K@std@@V?$allocator@U?$pair@$$CBKP8CDPClient@@AEXAAVCAr@@KPAXK@Z@std@@@4@$0A@@std@@@std@@QAEAAV012@XZ 00405270 f i DPClient.obj
 0001:00004280       ?OnQueryDestroyPlayer@CDPClient@@AAEXAAVCAr@@KPAXK@Z 00405280 f   DPClient.obj
 0001:00004420       ??1CDPClientArray@@UAE@XZ  00405420 f   DPClient.obj
 0001:00004480       ?end@?$_Tree@V?$_Tmap_traits@KPAVCServerDesc@@U?$less@K@std@@V?$allocator@U?$pair@$$CBKPAVCServerDesc@@@std@@@3@$0A@@std@@@std@@QAE?AViterator@12@XZ 00405480 f i DPClient.obj
 0001:00004490       ?end@?$_Tree@V?$_Tmap_traits@KP8CDPClient@@AEXAAVCAr@@KPAXK@ZU?$less@K@std@@V?$allocator@U?$pair@$$CBKP8CDPClient@@AEXAAVCAr@@KPAXK@Z@std@@@4@$0A@@std@@@std@@QAE?AViterator@12@XZ 00405490 f i DPClient.obj
 0001:000044a0       ??Citerator@?$_Tree@V?$_Tmap_traits@KP8CDPClient@@AEXAAVCAr@@KPAXK@ZU?$less@K@std@@V?$allocator@U?$pair@$$CBKP8CDPClient@@AEXAAVCAr@@KPAXK@Z@std@@@4@$0A@@std@@@std@@QBEPAU?$pair@$$CBKP8CDPClient@@AEXAAVCAr@@KPAXK@Z@2@XZ 004054a0 f i DPClient.obj
 0001:000044b0       ?begin@?$_Tree@V?$_Tmap_traits@KPAVCServerDesc@@U?$less@K@std@@V?$allocator@U?$pair@$$CBKPAVCServerDesc@@@std@@@3@$0A@@std@@@std@@QAE?AViterator@12@XZ 004054b0 f i DPClient.obj
 0001:000044c0       ?lower_bound@?$_Tree@V?$_Tmap_traits@KPAVCServerDesc@@U?$less@K@std@@V?$allocator@U?$pair@$$CBKPAVCServerDesc@@@std@@@3@$0A@@std@@@std@@QAE?AViterator@12@ABK@Z 004054c0 f i DPClient.obj
 0001:00004500       ?begin@?$_Tree@V?$_Tmap_traits@KP8CDPClient@@AEXAAVCAr@@KPAXK@ZU?$less@K@std@@V?$allocator@U?$pair@$$CBKP8CDPClient@@AEXAAVCAr@@KPAXK@Z@std@@@4@$0A@@std@@@std@@QAE?AViterator@12@XZ 00405500 f i DPClient.obj
 0001:00004510       ?lower_bound@?$_Tree@V?$_Tmap_traits@KP8CDPClient@@AEXAAVCAr@@KPAXK@ZU?$less@K@std@@V?$allocator@U?$pair@$$CBKP8CDPClient@@AEXAAVCAr@@KPAXK@Z@std@@@4@$0A@@std@@@std@@QAE?AViterator@12@ABK@Z 00405510 f i DPClient.obj
 0001:00004550       ??Fiterator@?$_Tree@V?$_Tmap_traits@KPAVCServerDesc@@U?$less@K@std@@V?$allocator@U?$pair@$$CBKPAVCServerDesc@@@std@@@3@$0A@@std@@@std@@QAEAAV012@XZ 00405550 f i DPClient.obj
 0001:00004560       ?upper_bound@?$_Tree@V?$_Tmap_traits@KPAVCServerDesc@@U?$less@K@std@@V?$allocator@U?$pair@$$CBKPAVCServerDesc@@@std@@@3@$0A@@std@@@std@@QAE?AViterator@12@ABK@Z 00405560 f i DPClient.obj
 0001:000045a0       ?_Buynode@?$_Tree@V?$_Tmap_traits@KPAVCServerDesc@@U?$less@K@std@@V?$allocator@U?$pair@$$CBKPAVCServerDesc@@@std@@@3@$0A@@std@@@std@@IAEPAU_Node@?$_Tree_nod@V?$_Tmap_traits@KPAVCServerDesc@@U?$less@K@std@@V?$allocator@U?$pair@$$CBKPAVCServerDesc@@@std@@@3@$0A@@std@@@2@PAU342@00ABU?$pair@$$CBKPAVCServerDesc@@@2@D@Z 004055a0 f i DPClient.obj
 0001:000045e0       ?_Buynode@?$_Tree@V?$_Tmap_traits@KP8CDPClient@@AEXAAVCAr@@KPAXK@ZU?$less@K@std@@V?$allocator@U?$pair@$$CBKP8CDPClient@@AEXAAVCAr@@KPAXK@Z@std@@@4@$0A@@std@@@std@@IAEPAU_Node@?$_Tree_nod@V?$_Tmap_traits@KP8CDPClient@@AEXAAVCAr@@KPAXK@ZU?$less@K@std@@V?$allocator@U?$pair@$$CBKP8CDPClient@@AEXAAVCAr@@KPAXK@Z@std@@@4@$0A@@std@@@2@PAU342@00ABU?$pair@$$CBKP8CDPClient@@AEXAAVCAr@@KPAXK@Z@2@D@Z 004055e0 f i DPClient.obj
 0001:00004620       ??Fconst_iterator@?$_Tree@V?$_Tmap_traits@KP8CDPClient@@AEXAAVCAr@@KPAXK@ZU?$less@K@std@@V?$allocator@U?$pair@$$CBKP8CDPClient@@AEXAAVCAr@@KPAXK@Z@std@@@4@$0A@@std@@@std@@QAEAAV012@XZ 00405620 f i DPClient.obj
 0001:00004630       ?_Erase@?$_Tree@V?$_Tmap_traits@KPAVCServerDesc@@U?$less@K@std@@V?$allocator@U?$pair@$$CBKPAVCServerDesc@@@std@@@3@$0A@@std@@@std@@IAEXPAU_Node@?$_Tree_nod@V?$_Tmap_traits@KPAVCServerDesc@@U?$less@K@std@@V?$allocator@U?$pair@$$CBKPAVCServerDesc@@@std@@@3@$0A@@std@@@2@@Z 00405630 f i DPClient.obj
 0001:00004670       ?_Buynode@?$_Tree@V?$_Tmap_traits@KP8CDPClient@@AEXAAVCAr@@KPAXK@ZU?$less@K@std@@V?$allocator@U?$pair@$$CBKP8CDPClient@@AEXAAVCAr@@KPAXK@Z@std@@@4@$0A@@std@@@std@@IAEPAU_Node@?$_Tree_nod@V?$_Tmap_traits@KP8CDPClient@@AEXAAVCAr@@KPAXK@ZU?$less@K@std@@V?$allocator@U?$pair@$$CBKP8CDPClient@@AEXAAVCAr@@KPAXK@Z@std@@@4@$0A@@std@@@2@XZ 00405670 f i DPClient.obj
 0001:000046b0       ??0?$_Tree_ptr@V?$_Tmap_traits@KP8CDPClient@@AEXAAVCAr@@KPAXK@ZU?$less@K@std@@V?$allocator@U?$pair@$$CBKP8CDPClient@@AEXAAVCAr@@KPAXK@Z@std@@@4@$0A@@std@@@std@@IAE@ABU?$less@K@1@V?$allocator@U?$pair@$$CBKP8CDPClient@@AEXAAVCAr@@KPAXK@Z@std@@@1@@Z 004056b0 f i DPClient.obj
 0001:000046c0       ??Eiterator@?$_Tree@V?$_Tmap_traits@KPAVCServerDesc@@U?$less@K@std@@V?$allocator@U?$pair@$$CBKPAVCServerDesc@@@std@@@3@$0A@@std@@@std@@QAEAAV012@XZ 004056c0 f i DPClient.obj
 0001:000046d0       ?_Erase@?$_Tree@V?$_Tmap_traits@KP8CDPClient@@AEXAAVCAr@@KPAXK@ZU?$less@K@std@@V?$allocator@U?$pair@$$CBKP8CDPClient@@AEXAAVCAr@@KPAXK@Z@std@@@4@$0A@@std@@@std@@IAEXPAU_Node@?$_Tree_nod@V?$_Tmap_traits@KP8CDPClient@@AEXAAVCAr@@KPAXK@ZU?$less@K@std@@V?$allocator@U?$pair@$$CBKP8CDPClient@@AEXAAVCAr@@KPAXK@Z@std@@@4@$0A@@std@@@2@@Z 004056d0 f i DPClient.obj
 0001:00004710       ??Eiterator@?$_Tree@V?$_Tmap_traits@KP8CDPClient@@AEXAAVCAr@@KPAXK@ZU?$less@K@std@@V?$allocator@U?$pair@$$CBKP8CDPClient@@AEXAAVCAr@@KPAXK@Z@std@@@4@$0A@@std@@@std@@QAEAAV012@XZ 00405710 f i DPClient.obj
 0001:00004720       ??$_Distance2@Viterator@?$_Tree@V?$_Tmap_traits@KPAVCServerDesc@@U?$less@K@std@@V?$allocator@U?$pair@$$CBKPAVCServerDesc@@@std@@@3@$0A@@std@@@std@@I@std@@YAXViterator@?$_Tree@V?$_Tmap_traits@KPAVCServerDesc@@U?$less@K@std@@V?$allocator@U?$pair@$$CBKPAVCServerDesc@@@std@@@3@$0A@@std@@@0@0AAIUbidirectional_iterator_tag@0@@Z 00405720 f i DPClient.obj
 0001:00004750       ??_GCDPClientArray@@UAEPAXI@Z 00405750 f i DPClient.obj
 0001:00004750       ??_ECDPClientArray@@UAEPAXI@Z 00405750 f i DPClient.obj
 0001:00004770       ?find@?$_Tree@V?$_Tmap_traits@KPAVCServerDesc@@U?$less@K@std@@V?$allocator@U?$pair@$$CBKPAVCServerDesc@@@std@@@3@$0A@@std@@@std@@QAE?AViterator@12@ABK@Z 00405770 f i DPClient.obj
 0001:000047e0       ?find@?$_Tree@V?$_Tmap_traits@KP8CDPClient@@AEXAAVCAr@@KPAXK@ZU?$less@K@std@@V?$allocator@U?$pair@$$CBKP8CDPClient@@AEXAAVCAr@@KPAXK@Z@std@@@4@$0A@@std@@@std@@QAE?AViterator@12@ABK@Z 004057e0 f i DPClient.obj
 0001:00004850       ?equal_range@?$_Tree@V?$_Tmap_traits@KPAVCServerDesc@@U?$less@K@std@@V?$allocator@U?$pair@$$CBKPAVCServerDesc@@@std@@@3@$0A@@std@@@std@@QAE?AU?$pair@Viterator@?$_Tree@V?$_Tmap_traits@KPAVCServerDesc@@U?$less@K@std@@V?$allocator@U?$pair@$$CBKPAVCServerDesc@@@std@@@3@$0A@@std@@@std@@V123@@2@ABK@Z 00405850 f i DPClient.obj
 0001:000048c0       ??Fiterator@?$_Tree@V?$_Tmap_traits@KP8CDPClient@@AEXAAVCAr@@KPAXK@ZU?$less@K@std@@V?$allocator@U?$pair@$$CBKP8CDPClient@@AEXAAVCAr@@KPAXK@Z@std@@@4@$0A@@std@@@std@@QAEAAV012@XZ 004058c0 f i DPClient.obj
 0001:000048d0       ?clear@?$_Tree@V?$_Tmap_traits@KPAVCServerDesc@@U?$less@K@std@@V?$allocator@U?$pair@$$CBKPAVCServerDesc@@@std@@@3@$0A@@std@@@std@@QAEXXZ 004058d0 f i DPClient.obj
 0001:00004900       ?_Init@?$_Tree@V?$_Tmap_traits@KP8CDPClient@@AEXAAVCAr@@KPAXK@ZU?$less@K@std@@V?$allocator@U?$pair@$$CBKP8CDPClient@@AEXAAVCAr@@KPAXK@Z@std@@@4@$0A@@std@@@std@@IAEXXZ 00405900 f i DPClient.obj
 0001:00004930       ??0?$_Tree_val@V?$_Tmap_traits@KP8CDPClient@@AEXAAVCAr@@KPAXK@ZU?$less@K@std@@V?$allocator@U?$pair@$$CBKP8CDPClient@@AEXAAVCAr@@KPAXK@Z@std@@@4@$0A@@std@@@std@@IAE@ABU?$less@K@1@V?$allocator@U?$pair@$$CBKP8CDPClient@@AEXAAVCAr@@KPAXK@Z@std@@@1@@Z 00405930 f i DPClient.obj
 0001:00004940       ??Eiterator@?$_Tree@V?$_Tmap_traits@KPAVCServerDesc@@U?$less@K@std@@V?$allocator@U?$pair@$$CBKPAVCServerDesc@@@std@@@3@$0A@@std@@@std@@QAE?AV012@H@Z 00405940 f i DPClient.obj
 0001:00004960       ?clear@?$_Tree@V?$_Tmap_traits@KP8CDPClient@@AEXAAVCAr@@KPAXK@ZU?$less@K@std@@V?$allocator@U?$pair@$$CBKP8CDPClient@@AEXAAVCAr@@KPAXK@Z@std@@@4@$0A@@std@@@std@@QAEXXZ 00405960 f i DPClient.obj
 0001:00004990       ??Eiterator@?$_Tree@V?$_Tmap_traits@KP8CDPClient@@AEXAAVCAr@@KPAXK@ZU?$less@K@std@@V?$allocator@U?$pair@$$CBKP8CDPClient@@AEXAAVCAr@@KPAXK@Z@std@@@4@$0A@@std@@@std@@QAE?AV012@H@Z 00405990 f i DPClient.obj
 0001:000049b0       ??$_Distance@Viterator@?$_Tree@V?$_Tmap_traits@KPAVCServerDesc@@U?$less@K@std@@V?$allocator@U?$pair@$$CBKPAVCServerDesc@@@std@@@3@$0A@@std@@@std@@I@std@@YAXViterator@?$_Tree@V?$_Tmap_traits@KPAVCServerDesc@@U?$less@K@std@@V?$allocator@U?$pair@$$CBKPAVCServerDesc@@@std@@@3@$0A@@std@@@0@0AAI@Z 004059b0 f i DPClient.obj
 0001:000049f0       ?GetHandler@CDPClient@@AAEP81@AEXAAVCAr@@KPAXK@ZK@Z 004059f0 f i DPClient.obj
 0001:00004a20       ?UserMessageHandler@CDPClient@@UAEXPAUDPMSG_GENERIC@@KK@Z 00405a20 f   DPClient.obj
 0001:00004b40       ??0?$_Tree@V?$_Tmap_traits@KP8CDPClient@@AEXAAVCAr@@KPAXK@ZU?$less@K@std@@V?$allocator@U?$pair@$$CBKP8CDPClient@@AEXAAVCAr@@KPAXK@Z@std@@@4@$0A@@std@@@std@@QAE@ABU?$less@K@1@ABV?$allocator@U?$pair@$$CBKP8CDPClient@@AEXAAVCAr@@KPAXK@Z@std@@@1@@Z 00405b40 f i DPClient.obj
 0001:00004b70       ?_Insert@?$_Tree@V?$_Tmap_traits@KPAVCServerDesc@@U?$less@K@std@@V?$allocator@U?$pair@$$CBKPAVCServerDesc@@@std@@@3@$0A@@std@@@std@@IAE?AViterator@12@_NPAU_Node@?$_Tree_nod@V?$_Tmap_traits@KPAVCServerDesc@@U?$less@K@std@@V?$allocator@U?$pair@$$CBKPAVCServerDesc@@@std@@@3@$0A@@std@@@2@ABU?$pair@$$CBKPAVCServerDesc@@@2@@Z 00405b70 f i DPClient.obj
 0001:00004d20       ?_Insert@?$_Tree@V?$_Tmap_traits@KP8CDPClient@@AEXAAVCAr@@KPAXK@ZU?$less@K@std@@V?$allocator@U?$pair@$$CBKP8CDPClient@@AEXAAVCAr@@KPAXK@Z@std@@@4@$0A@@std@@@std@@IAE?AViterator@12@_NPAU_Node@?$_Tree_nod@V?$_Tmap_traits@KP8CDPClient@@AEXAAVCAr@@KPAXK@ZU?$less@K@std@@V?$allocator@U?$pair@$$CBKP8CDPClient@@AEXAAVCAr@@KPAXK@Z@std@@@4@$0A@@std@@@2@ABU?$pair@$$CBKP8CDPClient@@AEXAAVCAr@@KPAXK@Z@2@@Z 00405d20 f i DPClient.obj
 0001:00004ed0       ?erase@?$_Tree@V?$_Tmap_traits@KPAVCServerDesc@@U?$less@K@std@@V?$allocator@U?$pair@$$CBKPAVCServerDesc@@@std@@@3@$0A@@std@@@std@@QAE?AViterator@12@V312@@Z 00405ed0 f i DPClient.obj
 0001:00005190       ?erase@?$_Tree@V?$_Tmap_traits@KP8CDPClient@@AEXAAVCAr@@KPAXK@ZU?$less@K@std@@V?$allocator@U?$pair@$$CBKP8CDPClient@@AEXAAVCAr@@KPAXK@Z@std@@@4@$0A@@std@@@std@@QAE?AViterator@12@V312@@Z 00406190 f i DPClient.obj
 0001:00005450       ?insert@?$_Tree@V?$_Tmap_traits@KPAVCServerDesc@@U?$less@K@std@@V?$allocator@U?$pair@$$CBKPAVCServerDesc@@@std@@@3@$0A@@std@@@std@@QAE?AU?$pair@Viterator@?$_Tree@V?$_Tmap_traits@KPAVCServerDesc@@U?$less@K@std@@V?$allocator@U?$pair@$$CBKPAVCServerDesc@@@std@@@3@$0A@@std@@@std@@_N@2@ABU?$pair@$$CBKPAVCServerDesc@@@2@@Z 00406450 f i DPClient.obj
 0001:00005510       ?insert@?$_Tree@V?$_Tmap_traits@KP8CDPClient@@AEXAAVCAr@@KPAXK@ZU?$less@K@std@@V?$allocator@U?$pair@$$CBKP8CDPClient@@AEXAAVCAr@@KPAXK@Z@std@@@4@$0A@@std@@@std@@QAE?AU?$pair@Viterator@?$_Tree@V?$_Tmap_traits@KP8CDPClient@@AEXAAVCAr@@KPAXK@ZU?$less@K@std@@V?$allocator@U?$pair@$$CBKP8CDPClient@@AEXAAVCAr@@KPAXK@Z@std@@@4@$0A@@std@@@std@@_N@2@ABU?$pair@$$CBKP8CDPClient@@AEXAAVCAr@@KPAXK@Z@2@@Z 00406510 f i DPClient.obj
 0001:000055d0       ?erase@?$_Tree@V?$_Tmap_traits@KPAVCServerDesc@@U?$less@K@std@@V?$allocator@U?$pair@$$CBKPAVCServerDesc@@@std@@@3@$0A@@std@@@std@@QAE?AViterator@12@V312@0@Z 004065d0 f i DPClient.obj
 0001:00005690       ?erase@?$_Tree@V?$_Tmap_traits@KP8CDPClient@@AEXAAVCAr@@KPAXK@ZU?$less@K@std@@V?$allocator@U?$pair@$$CBKP8CDPClient@@AEXAAVCAr@@KPAXK@Z@std@@@4@$0A@@std@@@std@@QAE?AViterator@12@V312@0@Z 00406690 f i DPClient.obj
 0001:00005750       ?erase@?$_Tree@V?$_Tmap_traits@KPAVCServerDesc@@U?$less@K@std@@V?$allocator@U?$pair@$$CBKPAVCServerDesc@@@std@@@3@$0A@@std@@@std@@QAEIABK@Z 00406750 f i DPClient.obj
 0001:000057b0       ?_Tidy@?$_Tree@V?$_Tmap_traits@KP8CDPClient@@AEXAAVCAr@@KPAXK@ZU?$less@K@std@@V?$allocator@U?$pair@$$CBKP8CDPClient@@AEXAAVCAr@@KPAXK@Z@std@@@4@$0A@@std@@@std@@IAEXXZ 004067b0 f i DPClient.obj
 0001:000057e0       ?Remove@CDPClientArray@@QAEHPAVCDPClient@@@Z 004067e0 f   DPClient.obj
 0001:00005910       ??1?$_Tree@V?$_Tmap_traits@KP8CDPClient@@AEXAAVCAr@@KPAXK@ZU?$less@K@std@@V?$allocator@U?$pair@$$CBKP8CDPClient@@AEXAAVCAr@@KPAXK@Z@std@@@4@$0A@@std@@@std@@QAE@XZ 00406910 f i DPClient.obj
[...]
 0001:0005706a       $L186550                   0045806a f   nafxcw:wingdi.obj
 0001:00057072       __ehhandler$??0CPen@@QAE@HHK@Z 00458072 f   nafxcw:wingdi.obj
 0001:0005707c       $L186564                   0045807c f   nafxcw:wingdi.obj
 0001:00057084       __ehhandler$??0CPen@@QAE@HHPBUtagLOGBRUSH@@HPBK@Z 00458084 f   nafxcw:wingdi.obj
 0001:0005708e       $L186578                   0045808e f   nafxcw:wingdi.obj
 0001:00057096       __ehhandler$??0CBrush@@QAE@K@Z 00458096 f   nafxcw:wingdi.obj
 0001:000570a0       $L186592                   004580a0 f   nafxcw:wingdi.obj
 0001:000570a8       __ehhandler$??0CBrush@@QAE@HK@Z 004580a8 f   nafxcw:wingdi.obj
 0001:000570b2       $L186606                   004580b2 f   nafxcw:wingdi.obj
 0001:000570ba       __ehhandler$??0CBrush@@QAE@PAVCBitmap@@@Z 004580ba f   nafxcw:wingdi.obj
 0001:000570c4       $L186666                   004580c4 f   nafxcw:wingdi.obj
 0001:000570cc       $L186667                   004580cc f   nafxcw:wingdi.obj
 0001:000570d4       $L186668                   004580d4 f   nafxcw:wingdi.obj
 0001:000570dc       $L186669                   004580dc f   nafxcw:wingdi.obj
 0001:000570e4       $L186670                   004580e4 f   nafxcw:wingdi.obj
 0001:000570ec       __ehhandler$?AfxGetGrayBitmap@@YGXABVCBitmap@@PAV1@K@Z 004580ec f   nafxcw:wingdi.obj
 0001:000570f6       $L186965                   004580f6 f   nafxcw:wingdi.obj
 0001:000570fe       $L186966                   004580fe f   nafxcw:wingdi.obj
 0001:00057106       $L186967                   00458106 f   nafxcw:wingdi.obj
 0001:0005710e       $L186968                   0045810e f   nafxcw:wingdi.obj
 0001:00057116       $L186969                   00458116 f   nafxcw:wingdi.obj
 0001:0005711e       __ehhandler$?AfxDrawGrayBitmap@@YGXPAVCDC@@HHABVCBitmap@@K@Z 0045811e f   nafxcw:wingdi.obj
 0001:00057128       $L187175                   00458128 f   nafxcw:wingdi.obj
 0001:00057130       $L187176                   00458130 f   nafxcw:wingdi.obj
 0001:00057138       $L187177                   00458138 f   nafxcw:wingdi.obj
 0001:00057140       $L187178                   00458140 f   nafxcw:wingdi.obj
 0001:00057148       $L187179                   00458148 f   nafxcw:wingdi.obj
 0001:00057150       __ehhandler$?AfxGetDitheredBitmap@@YGXABVCBitmap@@PAV1@KK@Z 00458150 f   nafxcw:wingdi.obj
 0001:0005715a       $L187525                   0045815a f   nafxcw:wingdi.obj
 0001:00057162       $L187526                   00458162 f   nafxcw:wingdi.obj
 0001:0005716a       $L187527                   0045816a f   nafxcw:wingdi.obj
 0001:00057172       $L187528                   00458172 f   nafxcw:wingdi.obj
 0001:0005717a       __ehhandler$?AfxDrawDitheredBitmap@@YGXPAVCDC@@HHABVCBitmap@@KK@Z 0045817a f   nafxcw:wingdi.obj
 0001:00057184       __ehhandler$?Alloc@CFixedAlloc@@QAEPAXXZ 00458184 f   nafxcw:fixalloc.obj
 0001:0005718e       $L184810                   0045818e f   nafxcw:winmenu.obj
 0001:00057198       __ehhandler$?afxMapHMENU@@YGPAVCHandleMap@@H@Z 00458198 f   nafxcw:winmenu.obj
 0001:000571a2       $L184916                   004581a2 f   nafxcw:winmenu.obj
 0001:000571ad       $L184917                   004581ad f   nafxcw:winmenu.obj
 0001:000571bb       __ehhandler$??0CChevronOwnerDrawMenu@@QAE@XZ 004581bb f   nafxcw:winmenu.obj
 0001:000571c5       $L184966                   004581c5 f   nafxcw:winmenu.obj
 0001:000571cd       __ehhandler$??1CChevronOwnerDrawMenu@@UAE@XZ 004581cd f   nafxcw:winmenu.obj
 0001:000571d7       $L185004                   004581d7 f   nafxcw:winmenu.obj
 0001:000571df       $L185005                   004581df f   nafxcw:winmenu.obj
 0001:000571e7       $L185006                   004581e7 f   nafxcw:winmenu.obj
 0001:000571ef       __ehhandler$?DrawItem@CChevronOwnerDrawMenu@@UAEXPAUtagDRAWITEMSTRUCT@@@Z 004581ef f   nafxcw:winmenu.obj
 0001:000571f9       $L185279                   004581f9 f   nafxcw:winmenu.obj
 0001:00057201       $L185280                   00458201 f   nafxcw:winmenu.obj
 0001:00057209       __ehhandler$?MeasureItem@CChevronOwnerDrawMenu@@UAEXPAUtagMEASUREITEMSTRUCT@@@Z 00458209 f   nafxcw:winmenu.obj
 0001:00057213       $L184858                   00458213 f   nafxcw:appcore.obj
 0001:0005721d       __ehhandler$?LoadStdProfileSettings@CWinApp@@IAEXI@Z 0045821d f   nafxcw:appcore.obj
 0001:00057227       $L184902                   00458227 f   nafxcw:appcore.obj
 0001:0005722f       __ehhandler$??1CWinApp@@UAE@XZ 0045822f f   nafxcw:appcore.obj
 0001:00057239       $L185271                   00458239 f   nafxcw:appcore.obj
 0001:00057241       __ehhandler$??0CWinApp@@QAE@PBD@Z 00458241 f   nafxcw:appcore.obj
 0001:0005724b       $L184482                   0045824b f   nafxcw:wingdix.obj
 0001:00057253       $L184483                   00458253 f   nafxcw:wingdix.obj
 0001:0005725b       $L184484                   0045825b f   nafxcw:wingdix.obj
 0001:00057263       $L184485                   00458263 f   nafxcw:wingdix.obj
 0001:0005726b       $L184486                   0045826b f   nafxcw:wingdix.obj
 0001:00057273       __ehhandler$?DrawDragRect@CDC@@QAEXPBUtagRECT@@UtagSIZE@@01PAVCBrush@@2@Z 00458273 f   nafxcw:wingdix.obj
 0001:0005727d       $L184849                   0045827d f   nafxcw:appui3.obj
 0001:00057288       __ehhandler$?GetProfileStringA@CWinApp@@QAE?AV?$CStringT@DV?$StrTraitMFC@DV?$ChTraitsCRT@D@ATL@@@@@ATL@@PBD00@Z 00458288 f   nafxcw:appui3.obj
 0001:00057292       $L184947                   00458292 f   nafxcw:appui3.obj
 0001:0005729a       __ehhandler$?GetProfileBinary@CWinApp@@QAEHPBD0PAPAEPAI@Z 0045829a f   nafxcw:appui3.obj
 0001:000572a4       $L185049                   004582a4 f   nafxcw:filelist.obj
 0001:000572ac       __ehhandler$??HATL@@YA?AV?$CStringT@DV?$StrTraitMFC@DV?$ChTraitsCRT@D@ATL@@@@@0@ABV10@0@Z 004582ac f   nafxcw:filelist.obj
 0001:000572b6       $L185169                   004582b6 f   nafxcw:filelist.obj
 0001:000572be       __ehhandler$?ReadList@CRecentFileList@@UAEXXZ 004582be f   nafxcw:filelist.obj
 0001:000572c8       $L185232                   004582c8 f   nafxcw:filelist.obj
 0001:000572d3       $L185233                   004582d3 f   nafxcw:filelist.obj
 0001:000572de       $L185234                   004582de f   nafxcw:filelist.obj
 0001:000572e9       __ehhandler$??0CRecentFileList@@QAE@IPBD0HH@Z 004582e9 f   nafxcw:filelist.obj
 0001:000572f3       $L185317                   004582f3 f   nafxcw:filelist.obj
 0001:000572fe       $L185318                   004582fe f   nafxcw:filelist.obj
 0001:00057309       $L185319                   00458309 f   nafxcw:filelist.obj
 0001:00057314       __ehhandler$?UpdateMenu@CRecentFileList@@UAEXPAVCCmdUI@@@Z 00458314 f   nafxcw:filelist.obj
 0001:0005731e       $L184559                   0045831e f   nafxcw:appui2.obj
 0001:00057327       $L184558                   00458327 f   nafxcw:appui2.obj
 0001:00057330       __ehhandler$?ProcessShellCommand@CWinApp@@QAEHAAVCCommandLineInfo@@@Z 00458330 f   nafxcw:appui2.obj
 0001:0005733a       $L184603                   0045833a f   nafxcw:appui2.obj
 0001:00057343       __ehhandler$?AddDocTemplate@CWinApp@@QAEXPAVCDocTemplate@@@Z 00458343 f   nafxcw:appui2.obj
 0001:0005734d       $L184878                   0045834d f   nafxcw:appui2.obj
 0001:00057355       __ehhandler$??HATL@@YA?AV?$CStringT@DV?$StrTraitMFC@DV?$ChTraitsCRT@D@ATL@@@@@0@ABV10@PBD@Z 00458355 f   nafxcw:appui2.obj
 0001:0005735f       $L185016                   0045835f f   nafxcw:appui2.obj
 0001:0005736a       __ehhandler$?AfxDelRegTreeHelper@@YGJPAUHKEY__@@ABV?$CStringT@DV?$StrTraitMFC@DV?$ChTraitsCRT@D@ATL@@@@@ATL@@@Z 0045836a f   nafxcw:appui2.obj
 0001:00057374       $L185058                   00458374 f   nafxcw:appui2.obj
 0001:0005737c       $L185059                   0045837c f   nafxcw:appui2.obj
 0001:00057384       __ehhandler$?EnableShellOpen@CWinApp@@IAEXXZ 00458384 f   nafxcw:appui2.obj
 0001:0005738e       $L185150                   0045838e f   nafxcw:appui2.obj
 0001:00057399       $L185151                   00458399 f   nafxcw:appui2.obj
 0001:000573a4       $L185152                   004583a4 f   nafxcw:appui2.obj
 0001:000573af       __ehhandler$?Unregister@CWinApp@@UAEHXZ 004583af f   nafxcw:appui2.obj
 0001:000573b9       $L185142                   004583b9 f   nafxcw:filecore.obj
 0001:000573c4       __ehhandler$??1CFile@@UAE@XZ 004583c4 f   nafxcw:filecore.obj
 0001:000573ce       $L185311                   004583ce f   nafxcw:filecore.obj
 0001:000573d9       __ehhandler$?AfxFullPath@@YGHPADPBD@Z 004583d9 f   nafxcw:filecore.obj
 0001:000573e3       $L185486                   004583e3 f   nafxcw:filecore.obj
 0001:000573ee       __ehhandler$??0CFileException@@QAE@HJPBD@Z 004583ee f   nafxcw:filecore.obj
 0001:000573f8       $L185539                   004583f8 f   nafxcw:filecore.obj
 0001:00057403       $L185540                   00458403 f   nafxcw:filecore.obj
 0001:0005740b       __ehhandler$??0CFile@@QAE@PBDI@Z 0045840b f   nafxcw:filecore.obj
 0001:00057415       $L185606                   00458415 f   nafxcw:filecore.obj
 0001:0005741d       $L185607                   0045841d f   nafxcw:filecore.obj
 0001:00057425       __ehhandler$?GetClassObject@AFX_COM@@QAEJABU_GUID@@0PAPAX@Z 00458425 f   nafxcw:filecore.obj
 0001:0005742f       $L184751                   0045842f f   nafxcw:filex.obj
 0001:00057437       $L184752                   00458437 f   nafxcw:filex.obj
 0001:0005743f       __ehhandler$?GetErrorMessage@CFileException@@UAEHPADIPAI@Z 0045843f f   nafxcw:filex.obj
 0001:00057449       $L184929                   00458449 f   nafxcw:filex.obj
 0001:00057452       __ehhandler$?AfxThrowFileException@@YGXHJPBD@Z 00458452 f   nafxcw:filex.obj
 0001:0005745c       $L185393                   0045845c f   nafxcw:docmgr.obj
 0001:00057467       __ehhandler$?OnFileNew@CDocManager@@UAEXXZ 00458467 f   nafxcw:docmgr.obj
 0001:00057471       $L185466                   00458471 f   nafxcw:docmgr.obj
 0001:0005747c       __ehhandler$??1CDocManager@@UAE@XZ 0045847c f   nafxcw:docmgr.obj
 0001:00057486       $L185778                   00458486 f   nafxcw:docmgr.obj
 0001:0005748e       __ehhandler$?OnInitDialog@CNewTypeDlg@@MAEHXZ 0045848e f   nafxcw:docmgr.obj
 0001:00057498       $L185891                   00458498 f   nafxcw:docmgr.obj
 0001:000574a0       __ehhandler$?OnFileOpen@CDocManager@@UAEXXZ 004584a0 f   nafxcw:docmgr.obj
 0001:000574aa       $L186403                   004584aa f   nafxcw:docmgr.obj
 0001:000574b2       $L186404                   004584b2 f   nafxcw:docmgr.obj
 0001:000574ba       $L186405                   004584ba f   nafxcw:docmgr.obj
 0001:000574c2       $L186406                   004584c2 f   nafxcw:docmgr.obj
 0001:000574ca       $L186407                   004584ca f   nafxcw:docmgr.obj
 0001:000574d2       __ehhandler$?UnregisterShellFileTypes@CDocManager@@QAEXXZ 004584d2 f   nafxcw:docmgr.obj
 0001:000574dc       $L186811                   004584dc f   nafxcw:docmgr.obj
 0001:000574e4       $L186812                   004584e4 f   nafxcw:docmgr.obj
 0001:000574ec       $L186813                   004584ec f   nafxcw:docmgr.obj
 0001:000574f4       $L186814                   004584f4 f   nafxcw:docmgr.obj
 0001:000574fc       __ehhandler$?_AfxAppendFilterSuffix@@YGXAAV?$CStringT@DV?$StrTraitMFC@DV?$ChTraitsCRT@D@ATL@@@@@ATL@@AAUtagOFNA@@PAVCDocTemplate@@PAV12@@Z 004584fc f   nafxcw:docmgr.obj
 0001:00057506       $L187079                   00458506 f   nafxcw:docmgr.obj
 0001:0005750e       $L187080                   0045850e f   nafxcw:docmgr.obj
 0001:00057516       $L187081                   00458516 f   nafxcw:docmgr.obj
 0001:0005751e       $L187082                   0045851e f   nafxcw:docmgr.obj
 0001:00057526       $L187083                   00458526 f   nafxcw:docmgr.obj
 0001:0005752e       $L187084                   0045852e f   nafxcw:docmgr.obj
 0001:00057536       $L187085                   00458536 f   nafxcw:docmgr.obj
 0001:0005753e       $L187086                   0045853e f   nafxcw:docmgr.obj
 0001:00057546       $L187087                   00458546 f   nafxcw:docmgr.obj
 0001:0005754e       $L187088                   0045854e f   nafxcw:docmgr.obj
 0001:00057556       __ehhandler$?RegisterShellFileTypes@CDocManager@@UAEXH@Z 00458556 f   nafxcw:docmgr.obj
 0001:00057560       $L188823                   00458560 f   nafxcw:docmgr.obj
 0001:0005756b       $L188824                   0045856b f   nafxcw:docmgr.obj
 0001:00057576       $L188825                   00458576 f   nafxcw:docmgr.obj
 0001:00057581       $L188826                   00458581 f   nafxcw:docmgr.obj
 0001:0005758c       $L188827                   0045858c f   nafxcw:docmgr.obj
 0001:00057597       __ehhandler$?DoPromptFileName@CDocManager@@UAEHAAV?$CStringT@DV?$StrTraitMFC@DV?$ChTraitsCRT@D@ATL@@@@@ATL@@IKHPAVCDocTemplate@@@Z 00458597 f   nafxcw:docmgr.obj
 0001:000575a1       $L189152                   004585a1 f   nafxcw:docmgr.obj
 0001:000575a9       $L189153                   004585a9 f   nafxcw:docmgr.obj
 0001:000575b1       $L189155                   004585b1 f   nafxcw:docmgr.obj
 0001:000575b9       $L189157                   004585b9 f   nafxcw:docmgr.obj
 0001:000575c1       $L189159                   004585c1 f   nafxcw:docmgr.obj
 0001:000575c9       $L189160                   004585c9 f   nafxcw:docmgr.obj
 0001:000575d1       $L189161                   004585d1 f   nafxcw:docmgr.obj
 0001:000575d9       $L189163                   004585d9 f   nafxcw:docmgr.obj
 0001:000575e1       $L189164                   004585e1 f   nafxcw:docmgr.obj
 0001:000575e9       $L189165                   004585e9 f   nafxcw:docmgr.obj
 0001:000575f1       $L189167                   004585f1 f   nafxcw:docmgr.obj
 0001:000575f9       $L189168                   004585f9 f   nafxcw:docmgr.obj
 0001:00057601       $L189169                   00458601 f   nafxcw:docmgr.obj
 0001:00057609       $L189171                   00458609 f   nafxcw:docmgr.obj
 0001:00057611       $L189172                   00458611 f   nafxcw:docmgr.obj
 0001:00057619       $L189173                   00458619 f   nafxcw:docmgr.obj
 0001:00057621       __ehhandler$?OnDDECommand@CDocManager@@UAEHPAD@Z 00458621 f   nafxcw:docmgr.obj
 0001:0005762b       $L185386                   0045862b f   nafxcw:filest.obj
 0001:00057636       __ehhandler$?GetFileName@CFile@@UBE?AV?$CStringT@DV?$StrTraitMFC@DV?$ChTraitsCRT@D@ATL@@@@@ATL@@XZ 00458636 f   nafxcw:filest.obj
 0001:00057640       $L185483                   00458640 f   nafxcw:filest.obj
 0001:0005764b       __ehhandler$?GetFileTitle@CFile@@UBE?AV?$CStringT@DV?$StrTraitMFC@DV?$ChTraitsCRT@D@ATL@@@@@ATL@@XZ 0045864b f   nafxcw:filest.obj
 0001:00057655       $L193410                   00458655 f   nafxcw:dlgcore.obj
 0001:0005765d       __ehhandler$??1CDialog@@UAE@XZ 0045865d f   nafxcw:dlgcore.obj
 0001:00057667       $L193425                   00458667 f   nafxcw:dlgcore.obj
 0001:0005766f       __ehhandler$?OnPaint@CDialog@@IAEXXZ 0045866f f   nafxcw:dlgcore.obj
 0001:00057679       $L193709                   00458679 f   nafxcw:dlgcore.obj
 0001:00057681       $L193710                   00458681 f   nafxcw:dlgcore.obj
 0001:00057689       __ehhandler$?CreateDlgIndirect@CWnd@@IAEHPBUDLGTEMPLATE@@PAV1@PAUHINSTANCE__@@@Z 00458689 f   nafxcw:dlgcore.obj
 0001:00057693       __ehhandler$?DoModal@CDialog@@UAEHXZ 00458693 f   nafxcw:dlgcore.obj
 0001:0005769d       $L185189                   0045869d f   nafxcw:dlgfile.obj
 0001:000576a5       __ehhandler$?GetFolderPath@CFileDialog@@QBE?AV?$CStringT@DV?$StrTraitMFC@DV?$ChTraitsCRT@D@ATL@@@@@ATL@@XZ 004586a5 f   nafxcw:dlgfile.obj
 0001:000576af       $L185428                   004586af f   nafxcw:dlgfile.obj
 0001:000576b7       __ehhandler$??HATL@@YA?AV?$CStringT@DV?$StrTraitMFC@DV?$ChTraitsCRT@D@ATL@@@@@0@ABV10@D@Z 004586b7 f   nafxcw:dlgfile.obj
 0001:000576c1       $L185522                   004586c1 f   nafxcw:dlgfile.obj
 0001:000576cc       $L185523                   004586cc f   nafxcw:dlgfile.obj
 0001:000576da       __ehhandler$??0CFileDialog@@QAE@HPBD0K0PAVCWnd@@K@Z 004586da f   nafxcw:dlgfile.obj
 0001:000576e4       $L185639                   004586e4 f   nafxcw:dlgfile.obj
 0001:000576ec       __ehhandler$?GetPathName@CFileDialog@@QBE?AV?$CStringT@DV?$StrTraitMFC@DV?$ChTraitsCRT@D@ATL@@@@@ATL@@XZ 004586ec f   nafxcw:dlgfile.obj
 0001:000576f6       $L185768                   004586f6 f   nafxcw:dlgfile.obj
 0001:000576fe       __ehhandler$?GetFileName@CFileDialog@@QBE?AV?$CStringT@DV?$StrTraitMFC@DV?$ChTraitsCRT@D@ATL@@@@@ATL@@XZ 004586fe f   nafxcw:dlgfile.obj
 0001:00057708       $L185870                   00458708 f   nafxcw:dlgfile.obj
 0001:00057710       __ehhandler$?GetFileExt@CFileDialog@@QBE?AV?$CStringT@DV?$StrTraitMFC@DV?$ChTraitsCRT@D@ATL@@@@@ATL@@XZ 00458710 f   nafxcw:dlgfile.obj
 0001:0005771a       $L185986                   0045871a f   nafxcw:dlgfile.obj
 0001:00057722       __ehhandler$?GetFileTitle@CFileDialog@@QBE?AV?$CStringT@DV?$StrTraitMFC@DV?$ChTraitsCRT@D@ATL@@@@@ATL@@XZ 00458722 f   nafxcw:dlgfile.obj
 0001:0005772c       $L186025                   0045872c f   nafxcw:dlgfile.obj
 0001:00057734       $L186026                   00458734 f   nafxcw:dlgfile.obj
 0001:0005773c       $L186027                   0045873c f   nafxcw:dlgfile.obj
 0001:00057744       $L186028                   00458744 f   nafxcw:dlgfile.obj
 0001:0005774c       $L186029                   0045874c f   nafxcw:dlgfile.obj
 0001:00057754       __ehhandler$?GetNextPathName@CFileDialog@@QBE?AV?$CStringT@DV?$StrTraitMFC@DV?$ChTraitsCRT@D@ATL@@@@@ATL@@AAPAU__POSITION@@@Z 00458754 f   nafxcw:dlgfile.obj
 0001:0005775e       $L184740                   0045875e f   nafxcw:dlgtempl.obj
 0001:00057766       __ehhandler$?GetSizeInPixels@CDialogTemplate@@QBEXPAUtagSIZE@@@Z 00458766 f   nafxcw:dlgtempl.obj
 0001:00057770       $L11665                    00458770 f   libcpmt:string.obj
 0001:00057778       __ehhandler$?_Xran@_String_base@std@@QBEXXZ 00458778 f   libcpmt:string.obj
 0001:00057782       $L11876                    00458782 f   libcpmt:string.obj
 0001:0005778a       __ehhandler$?_Xlen@_String_base@std@@QBEXXZ 0045878a f   libcpmt:string.obj
 0001:000577a0       _$E1                       004587a0 f   DPCacheSrvr.obj
 0001:000577c0       _$E1                       004587c0 f   DPClient.obj
 0001:000577e0       _$E1                       004587e0 f   DPCoreClient.obj
 0001:00057800       _$E1                       00458800 f   buffer.obj
 0001:00057870       _$E3                       00458870 f   buffer.obj
 0001:000578e0       _$E5                       004588e0 f   buffer.obj
 0001:00057940       _$E1                       00458940 f   clientsock.obj
 0001:000579b0       _$E1                       004589b0 f   clientsocke.obj
 0001:00057a20       _$E1                       00458a20 f   ar.obj
 0001:00057a80       _$E2                       00458a80 f   MyTrace.obj
 0001:00057a96       _$E1                       00458a96 f   nafxcw:objcore.obj
 0001:00057aac       _$E5                       00458aac f   atls:atlbase.obj
 0001:00057ac2       _$E1                       00458ac2 f   atls:atlbase.obj
 0001:00057ae0       _$E2                       00458ae0 f   DPCacheSrvr.obj
 0001:00057af0       _$E2                       00458af0 f   DPClient.obj
 0001:00057b00       _$E2                       00458b00 f   DPCoreClient.obj
 0001:00057b10       _$E2                       00458b10 f   packetlog.obj
 0001:00057b20       _$E2                       00458b20 f   Player.obj
 0001:00057b30       _$E3                       00458b30 f   MyTrace.obj
 0001:00057b3a       _$E2                       00458b3a f   nafxcw:objcore.obj
 0001:00057b44       _$E6                       00458b44 f   atls:atlbase.obj
 0001:00057b4e       _$E2                       00458b4e f   atls:atlbase.obj
